Archive member included to satisfy reference by file (symbol)

app/libapp.a(main.c.obj)      (--whole-archive)
zephyr/libzephyr.a(validate_libc.c.obj)
                              (--whole-archive)
zephyr/libzephyr.a(heap.c.obj)
                              (--whole-archive)
zephyr/libzephyr.a(cbprintf_packaged.c.obj)
                              (--whole-archive)
zephyr/libzephyr.a(clock.c.obj)
                              (--whole-archive)
zephyr/libzephyr.a(printk.c.obj)
                              (--whole-archive)
zephyr/libzephyr.a(sem.c.obj)
                              (--whole-archive)
zephyr/libzephyr.a(thread_entry.c.obj)
                              (--whole-archive)
zephyr/libzephyr.a(cbprintf_complete.c.obj)
                              (--whole-archive)
zephyr/libzephyr.a(assert.c.obj)
                              (--whole-archive)
zephyr/libzephyr.a(dec.c.obj)
                              (--whole-archive)
zephyr/libzephyr.a(hex.c.obj)
                              (--whole-archive)
zephyr/libzephyr.a(rb.c.obj)  (--whole-archive)
zephyr/libzephyr.a(timeutil.c.obj)
                              (--whole-archive)
zephyr/libzephyr.a(bitarray.c.obj)
                              (--whole-archive)
zephyr/libzephyr.a(bitmask.c.obj)
                              (--whole-archive)
zephyr/libzephyr.a(onoff.c.obj)
                              (--whole-archive)
zephyr/libzephyr.a(notify.c.obj)
                              (--whole-archive)
zephyr/libzephyr.a(ring_buffer.c.obj)
                              (--whole-archive)
zephyr/libzephyr.a(last_section_id.c.obj)
                              (--whole-archive)
zephyr/libzephyr.a(configs.c.obj)
                              (--whole-archive)
zephyr/libzephyr.a(thread_info.c.obj)
                              (--whole-archive)
zephyr/libzephyr.a(mem_attr.c.obj)
                              (--whole-archive)
zephyr/libzephyr.a(tracing_none.c.obj)
                              (--whole-archive)
zephyr/libzephyr.a(banner.c.obj)
                              (--whole-archive)
zephyr/libzephyr.a(flash_map_partition_manager.c.obj)
                              (--whole-archive)
zephyr/arch/common/libarch__common.a(sw_isr_common.c.obj)
                              (--whole-archive)
zephyr/arch/common/libarch__common.a(init.c.obj)
                              (--whole-archive)
zephyr/arch/common/libarch__common.a(xip.c.obj)
                              (--whole-archive)
zephyr/arch/arch/arm/core/libarch__arm__core.a(fatal.c.obj)
                              (--whole-archive)
zephyr/arch/arch/arm/core/libarch__arm__core.a(nmi.c.obj)
                              (--whole-archive)
zephyr/arch/arch/arm/core/libarch__arm__core.a(nmi_on_reset.S.obj)
                              (--whole-archive)
zephyr/arch/arch/arm/core/libarch__arm__core.a(tls.c.obj)
                              (--whole-archive)
zephyr/arch/arch/arm/core/cortex_m/libarch__arm__core__cortex_m.a(exc_exit.c.obj)
                              (--whole-archive)
zephyr/arch/arch/arm/core/cortex_m/libarch__arm__core__cortex_m.a(fault.c.obj)
                              (--whole-archive)
zephyr/arch/arch/arm/core/cortex_m/libarch__arm__core__cortex_m.a(fault_s.S.obj)
                              (--whole-archive)
zephyr/arch/arch/arm/core/cortex_m/libarch__arm__core__cortex_m.a(fpu.c.obj)
                              (--whole-archive)
zephyr/arch/arch/arm/core/cortex_m/libarch__arm__core__cortex_m.a(reset.S.obj)
                              (--whole-archive)
zephyr/arch/arch/arm/core/cortex_m/libarch__arm__core__cortex_m.a(scb.c.obj)
                              (--whole-archive)
zephyr/arch/arch/arm/core/cortex_m/libarch__arm__core__cortex_m.a(thread_abort.c.obj)
                              (--whole-archive)
zephyr/arch/arch/arm/core/cortex_m/libarch__arm__core__cortex_m.a(vector_table.S.obj)
                              (--whole-archive)
zephyr/arch/arch/arm/core/cortex_m/libarch__arm__core__cortex_m.a(swap_helper.S.obj)
                              (--whole-archive)
zephyr/arch/arch/arm/core/cortex_m/libarch__arm__core__cortex_m.a(irq_manage.c.obj)
                              (--whole-archive)
zephyr/arch/arch/arm/core/cortex_m/libarch__arm__core__cortex_m.a(prep_c.c.obj)
                              (--whole-archive)
zephyr/arch/arch/arm/core/cortex_m/libarch__arm__core__cortex_m.a(thread.c.obj)
                              (--whole-archive)
zephyr/arch/arch/arm/core/cortex_m/libarch__arm__core__cortex_m.a(cpu_idle.c.obj)
                              (--whole-archive)
zephyr/arch/arch/arm/core/cortex_m/libarch__arm__core__cortex_m.a(irq_init.c.obj)
                              (--whole-archive)
zephyr/arch/arch/arm/core/cortex_m/libarch__arm__core__cortex_m.a(isr_wrapper.c.obj)
                              (--whole-archive)
zephyr/arch/arch/arm/core/cortex_m/libarch__arm__core__cortex_m.a(__aeabi_read_tp.S.obj)
                              (--whole-archive)
[...]
Memory Configuration

Name             Origin             Length             Attributes
FLASH            0x0000000000000000 0x0000000000080000 xr
RAM              0x0000000020000000 0x0000000000020000 xw
IDT_LIST         0x00000000ffff7fff 0x0000000000008000 xw
*default*        0x0000000000000000 0xffffffffffffffff

Linker script and memory map

                0x0000000000004428                vfprintf = __l_vfprintf
                0x0000000000000000                vfscanf = __l_vfscanf
LOAD zephyr/CMakeFiles/zephyr_final.dir/misc/empty_file.c.obj
LOAD zephyr/CMakeFiles/zephyr_final.dir/isr_tables.c.obj
LOAD zephyr/CMakeFiles/offsets.dir/./arch/arm/core/offsets/offsets.c.obj
LOAD app/libapp.a
LOAD zephyr/libzephyr.a
LOAD zephyr/arch/common/libarch__common.a
LOAD zephyr/arch/arch/arm/core/libarch__arm__core.a
LOAD zephyr/arch/arch/arm/core/cortex_m/libarch__arm__core__cortex_m.a
LOAD zephyr/arch/arch/arm/core/mpu/libarch__arm__core__mpu.a
LOAD zephyr/lib/libc/picolibc/liblib__libc__picolibc.a
LOAD zephyr/lib/libc/common/liblib__libc__common.a
LOAD zephyr/soc/soc/nrf52833/libsoc__nordic.a
LOAD zephyr/drivers/clock_control/libdrivers__clock_control.a
LOAD zephyr/drivers/console/libdrivers__console.a
LOAD zephyr/drivers/gpio/libdrivers__gpio.a
LOAD zephyr/drivers/pinctrl/libdrivers__pinctrl.a
LOAD zephyr/drivers/serial/libdrivers__serial.a
LOAD zephyr/drivers/spi/libdrivers__spi.a
LOAD zephyr/drivers/timer/libdrivers__timer.a
LOAD modules/hal_nordic/modules/hal_nordic/nrfx/libmodules__hal_nordic__nrfx.a
LOAD modules/decadriver/lib..__..__..__Projet-IESE5-Localisation__UWB-test__lib__dw3000-decadriver-source-master__platform__zephyr.a
LOAD zephyr/kernel/libkernel.a
LOAD zephyr/arch/common/libisr_tables.a
LOAD c:\ncs\toolchains\66cdf9b75e\opt\zephyr-sdk\arm-zephyr-eabi\bin\../lib/gcc/../../picolibc/arm-zephyr-eabi/lib/thumb/v7e-m/nofp\libc.a
LOAD c:/ncs/toolchains/66cdf9b75e/opt/zephyr-sdk/arm-zephyr-eabi/bin/../lib/gcc/arm-zephyr-eabi/12.2.0/thumb/v7e-m/nofp\libgcc.a
                0x0000000000000020                _region_min_align = 0x20

.rel.plt        0x0000000000000000        0x0
 *(SORT_BY_ALIGNMENT(.rel.plt))
                [!provide]                        PROVIDE (__rel_iplt_start = .)
 *(SORT_BY_ALIGNMENT(.rel.iplt))
 .rel.iplt      0x0000000000000000        0x0 zephyr/CMakeFiles/zephyr_final.dir/isr_tables.c.obj
                [!provide]                        PROVIDE (__rel_iplt_end = .)

.rela.plt       0x0000000000000000        0x0
 *(SORT_BY_ALIGNMENT(.rela.plt))
                [!provide]                        PROVIDE (__rela_iplt_start = .)
 *(SORT_BY_ALIGNMENT(.rela.iplt))
                [!provide]                        PROVIDE (__rela_iplt_end = .)

.rel.dyn
 *(SORT_BY_ALIGNMENT(.rel.*))

.rela.dyn
 *(SORT_BY_ALIGNMENT(.rela.*))

/DISCARD/
 *(SORT_BY_ALIGNMENT(.plt))

/DISCARD/
 *(SORT_BY_ALIGNMENT(.iplt))
                0x0000000000000000                __rom_region_start = 0x0

rom_start       0x0000000000000000      0x100
                0x0000000000000000                __rom_start_address = .
 FILL mask 0x00
                0x0000000000000000                . = (. + (0x0 - (. - __rom_start_address)))
                0x0000000000000000                . = ALIGN (0x4)
                0x0000000000000000                . = ALIGN (0x80)
                0x0000000000000000                . = ALIGN (0x100)
                0x0000000000000000                _vector_start = .
 *(SORT_BY_ALIGNMENT(.exc_vector_table))
 *(SORT_BY_ALIGNMENT(.exc_vector_table.*))
 .exc_vector_table._vector_table_section
                0x0000000000000000       0x40 zephyr/arch/arch/arm/core/cortex_m/libarch__arm__core__cortex_m.a(vector_table.S.obj)
                0x0000000000000000                _vector_table
 *(SORT_BY_ALIGNMENT(.vectors))
                0x0000000000000100                _vector_end = .
                0x0000000000000040                . = ALIGN (0x4)
 *(SORT_BY_ALIGNMENT(.gnu.linkonce.irq_vector_table*))
 .gnu.linkonce.irq_vector_table
                0x0000000000000040       0xc0 zephyr/CMakeFiles/zephyr_final.dir/isr_tables.c.obj
                0x0000000000000040                _irq_vector_table
                0x0000000000000100                _vector_end = .

text            0x0000000000000100     0x6474
                0x0000000000000100                __text_region_start = .
 *(SORT_BY_ALIGNMENT(.text))
 .text          0x0000000000000100       0x30 c:/ncs/toolchains/66cdf9b75e/opt/zephyr-sdk/arm-zephyr-eabi/bin/../lib/gcc/arm-zephyr-eabi/12.2.0/thumb/v7e-m/nofp\libgcc.a(_aeabi_uldivmod.o)
                0x0000000000000100                __aeabi_uldivmod
 .text          0x0000000000000130        0x4 c:/ncs/toolchains/66cdf9b75e/opt/zephyr-sdk/arm-zephyr-eabi/bin/../lib/gcc/arm-zephyr-eabi/12.2.0/thumb/v7e-m/nofp\libgcc.a(_dvmd_tls.o)
                0x0000000000000130                __aeabi_idiv0
                0x0000000000000130                __aeabi_ldiv0
 .text          0x0000000000000134      0x2a0 c:/ncs/toolchains/66cdf9b75e/opt/zephyr-sdk/arm-zephyr-eabi/bin/../lib/gcc/arm-zephyr-eabi/12.2.0/thumb/v7e-m/nofp\libgcc.a(_udivmoddi4.o)
                0x0000000000000134                __udivmoddi4
 *(SORT_BY_ALIGNMENT(.text.*))
 .text.char_out
                0x00000000000003d4        0xc zephyr/libzephyr.a(printk.c.obj)
 .text.__printk_hook_install
                0x00000000000003e0        0xc zephyr/libzephyr.a(printk.c.obj)
                0x00000000000003e0                __printk_hook_install
 .text.vprintk  0x00000000000003ec       0x30 zephyr/libzephyr.a(printk.c.obj)
                0x00000000000003ec                vprintk
 .text.z_thread_entry
                0x000000000000041c       0x34 zephyr/libzephyr.a(thread_entry.c.obj)
                0x000000000000041c                z_thread_entry
 .text.process_event
                0x0000000000000450      0x21c zephyr/libzephyr.a(onoff.c.obj)
 .text.mem_attr_get_regions
                0x000000000000066c        0xc zephyr/libzephyr.a(mem_attr.c.obj)
                0x000000000000066c                mem_attr_get_regions
 .text.boot_banner
                0x0000000000000678       0x1c zephyr/libzephyr.a(banner.c.obj)
                0x0000000000000678                boot_banner
 .text.arch_bss_zero
                0x0000000000000694       0x18 zephyr/arch/common/libarch__common.a(init.c.obj)
                0x0000000000000694                arch_bss_zero
 .text.arch_data_copy
                0x00000000000006ac       0x38 zephyr/arch/common/libarch__common.a(xip.c.obj)
                0x00000000000006ac                arch_data_copy
 .text.z_arm_fatal_error
                0x00000000000006e4       0x60 zephyr/arch/arch/arm/core/libarch__arm__core.a(fatal.c.obj)
                0x00000000000006e4                z_arm_fatal_error
 .text.z_SysNmiOnReset
                0x0000000000000744        0x8 zephyr/arch/arch/arm/core/libarch__arm__core.a(nmi_on_reset.S.obj)
                0x0000000000000744                z_SysNmiOnReset
 .text.arch_tls_stack_setup
                0x000000000000074c       0x40 zephyr/arch/arch/arm/core/libarch__arm__core.a(tls.c.obj)
                0x000000000000074c                arch_tls_stack_setup
 .text._HandlerModeExit
                0x000000000000078c       0x20 zephyr/arch/arch/arm/core/cortex_m/libarch__arm__core__cortex_m.a(exc_exit.c.obj)
                0x000000000000078c                z_arm_int_exit
                0x000000000000078c                z_arm_exc_exit
 .text.mem_manage_fault
                0x00000000000007ac       0xf0 zephyr/arch/arch/arm/core/cortex_m/libarch__arm__core__cortex_m.a(fault.c.obj)
 .text.usage_fault.constprop.0
                0x000000000000089c       0x98 zephyr/arch/arch/arm/core/cortex_m/libarch__arm__core__cortex_m.a(fault.c.obj)
 .text.bus_fault.constprop.0
                0x0000000000000934       0xb8 zephyr/arch/arch/arm/core/cortex_m/libarch__arm__core__cortex_m.a(fault.c.obj)
 .text.z_arm_fault
                0x00000000000009ec      0x1a0 zephyr/arch/arch/arm/core/cortex_m/libarch__arm__core__cortex_m.a(fault.c.obj)
                0x00000000000009ec                z_arm_fault
 .text.z_arm_fault_init
                0x0000000000000b8c       0x18 zephyr/arch/arch/arm/core/cortex_m/libarch__arm__core__cortex_m.a(fault.c.obj)
                0x0000000000000b8c                z_arm_fault_init
 .text.__fault  0x0000000000000ba4       0x14 zephyr/arch/arch/arm/core/cortex_m/libarch__arm__core__cortex_m.a(fault_s.S.obj)
                0x0000000000000ba4                z_arm_usage_fault
                0x0000000000000ba4                z_arm_mpu_fault
                0x0000000000000ba4                z_arm_exc_spurious
                0x0000000000000ba4                z_arm_debug_monitor
                0x0000000000000ba4                z_arm_hard_fault
                0x0000000000000ba4                z_arm_bus_fault
 .text._reset_section
                0x0000000000000bb8       0x60 zephyr/arch/arch/arm/core/cortex_m/libarch__arm__core__cortex_m.a(reset.S.obj)
                0x0000000000000bb8                __start
                0x0000000000000bb8                z_arm_reset
 .text.z_arm_clear_arm_mpu_config
                0x0000000000000c18       0x24 zephyr/arch/arch/arm/core/cortex_m/libarch__arm__core__cortex_m.a(scb.c.obj)
                0x0000000000000c18                z_arm_clear_arm_mpu_config
 .text.z_arm_init_arch_hw_at_boot
                0x0000000000000c3c       0x64 zephyr/arch/arch/arm/core/cortex_m/libarch__arm__core__cortex_m.a(scb.c.obj)
                0x0000000000000c3c                z_arm_init_arch_hw_at_boot
 .text.z_impl_k_thread_abort
                0x0000000000000ca0       0x2c zephyr/arch/arch/arm/core/cortex_m/libarch__arm__core__cortex_m.a(thread_abort.c.obj)
                0x0000000000000ca0                z_impl_k_thread_abort
 .text.z_arm_pendsv
                0x0000000000000ccc       0x64 zephyr/arch/arch/arm/core/cortex_m/libarch__arm__core__cortex_m.a(swap_helper.S.obj)
                0x0000000000000ccc                z_arm_pendsv
 .text.z_arm_svc
                0x0000000000000d30       0x24 zephyr/arch/arch/arm/core/cortex_m/libarch__arm__core__cortex_m.a(swap_helper.S.obj)
                0x0000000000000d30                z_arm_svc
 .text.arm_irq_enable
                0x0000000000000d54       0x1c zephyr/arch/arch/arm/core/cortex_m/libarch__arm__core__cortex_m.a(irq_manage.c.obj)
                0x0000000000000d54                arm_irq_enable
 .text.arm_irq_disable
                0x0000000000000d70       0x28 zephyr/arch/arch/arm/core/cortex_m/libarch__arm__core__cortex_m.a(irq_manage.c.obj)
                0x0000000000000d70                arm_irq_disable
 .text.arm_irq_is_enabled
                0x0000000000000d98       0x1c zephyr/arch/arch/arm/core/cortex_m/libarch__arm__core__cortex_m.a(irq_manage.c.obj)
                0x0000000000000d98                arm_irq_is_enabled
 .text.arm_irq_priority_set
                0x0000000000000db4       0x30 zephyr/arch/arch/arm/core/cortex_m/libarch__arm__core__cortex_m.a(irq_manage.c.obj)
                0x0000000000000db4                arm_irq_priority_set
 .text.relocate_vector_table
                0x0000000000000de4       0x1c zephyr/arch/arch/arm/core/cortex_m/libarch__arm__core__cortex_m.a(prep_c.c.obj)
                0x0000000000000de4                relocate_vector_table
 .text.z_prep_c
                0x0000000000000e00       0x28 zephyr/arch/arch/arm/core/cortex_m/libarch__arm__core__cortex_m.a(prep_c.c.obj)
                0x0000000000000e00                z_prep_c
 .text.arch_new_thread
                0x0000000000000e28       0x38 zephyr/arch/arch/arm/core/cortex_m/libarch__arm__core__cortex_m.a(thread.c.obj)
                0x0000000000000e28                arch_new_thread
 .text.z_check_thread_stack_fail
                0x0000000000000e60       0x30 zephyr/arch/arch/arm/core/cortex_m/libarch__arm__core__cortex_m.a(thread.c.obj)
                0x0000000000000e60                z_check_thread_stack_fail
 .text.arch_switch_to_main_thread
                0x0000000000000e90       0x40 zephyr/arch/arch/arm/core/cortex_m/libarch__arm__core__cortex_m.a(thread.c.obj)
                0x0000000000000e90                arch_switch_to_main_thread
 .text.z_arm_cpu_idle_init
                0x0000000000000ed0        0xc zephyr/arch/arch/arm/core/cortex_m/libarch__arm__core__cortex_m.a(cpu_idle.c.obj)
                0x0000000000000ed0                z_arm_cpu_idle_init
 .text.z_arm_interrupt_init
                0x0000000000000edc       0x18 zephyr/arch/arch/arm/core/cortex_m/libarch__arm__core__cortex_m.a(irq_init.c.obj)
                0x0000000000000edc                z_arm_interrupt_init
 .text._isr_wrapper
                0x0000000000000ef4       0x24 zephyr/arch/arch/arm/core/cortex_m/libarch__arm__core__cortex_m.a(isr_wrapper.c.obj)
                0x0000000000000ef4                _isr_wrapper
 .text.z_arm_configure_static_mpu_regions
                0x0000000000000f18       0x18 zephyr/arch/arch/arm/core/mpu/libarch__arm__core__mpu.a(arm_core_mpu.c.obj)
                0x0000000000000f18                z_arm_configure_static_mpu_regions
 .text.z_arm_configure_dynamic_mpu_regions
                0x0000000000000f30       0x24 zephyr/arch/arch/arm/core/mpu/libarch__arm__core__mpu.a(arm_core_mpu.c.obj)
                0x0000000000000f30                z_arm_configure_dynamic_mpu_regions
 .text.region_init
                0x0000000000000f54       0x28 zephyr/arch/arch/arm/core/mpu/libarch__arm__core__mpu.a(arm_mpu.c.obj)
 .text.mpu_configure_regions
                0x0000000000000f7c       0x6c zephyr/arch/arch/arm/core/mpu/libarch__arm__core__mpu.a(arm_mpu.c.obj)
 .text.arm_core_mpu_enable
                0x0000000000000fe8       0x18 zephyr/arch/arch/arm/core/mpu/libarch__arm__core__mpu.a(arm_mpu.c.obj)
                0x0000000000000fe8                arm_core_mpu_enable
 .text.arm_core_mpu_disable
                0x0000000000001000       0x14 zephyr/arch/arch/arm/core/mpu/libarch__arm__core__mpu.a(arm_mpu.c.obj)
                0x0000000000001000                arm_core_mpu_disable
 .text.arm_core_mpu_configure_static_mpu_regions
                0x0000000000001014       0x14 zephyr/arch/arch/arm/core/mpu/libarch__arm__core__mpu.a(arm_mpu.c.obj)
                0x0000000000001014                arm_core_mpu_configure_static_mpu_regions
 .text.arm_core_mpu_configure_dynamic_mpu_regions
                0x0000000000001028       0x38 zephyr/arch/arch/arm/core/mpu/libarch__arm__core__mpu.a(arm_mpu.c.obj)
                0x0000000000001028                arm_core_mpu_configure_dynamic_mpu_regions
 .text.z_arm_mpu_init
                0x0000000000001060      0x168 zephyr/arch/arch/arm/core/mpu/libarch__arm__core__mpu.a(arm_mpu.c.obj)
                0x0000000000001060                z_arm_mpu_init
 .text.z_impl_zephyr_fputc
                0x00000000000011c8       0x10 zephyr/lib/libc/picolibc/liblib__libc__picolibc.a(stdio.c.obj)
                0x00000000000011c8                z_impl_zephyr_fputc
 .text.__stdout_hook_install
                0x00000000000011d8       0x18 zephyr/lib/libc/picolibc/liblib__libc__picolibc.a(stdio.c.obj)
                0x00000000000011d8                __stdout_hook_install
 .text.malloc_prepare
                0x00000000000011f0       0x24 zephyr/lib/libc/common/liblib__libc__common.a(malloc.c.obj)
 .text.nordicsemi_nrf52_init
                0x0000000000001214       0x18 zephyr/soc/soc/nrf52833/libsoc__nordic.a(soc.c.obj)
 .text.arch_busy_wait
                0x000000000000122c       0x24 zephyr/soc/soc/nrf52833/libsoc__nordic.a(soc.c.obj)
                0x000000000000122c                arch_busy_wait
 .text.gppi_init
                0x0000000000001250       0x1c zephyr/soc/soc/nrf52833/libsoc__nordic.a(gppi_init.c.obj)
 .text.onoff_stop
                0x000000000000126c       0x30 zephyr/drivers/clock_control/libdrivers__clock_control.a(clock_control_nrf.c.obj)
 .text.onoff_start
                0x000000000000129c       0x44 zephyr/drivers/clock_control/libdrivers__clock_control.a(clock_control_nrf.c.obj)
 .text.clk_init
                0x00000000000012e0       0x58 zephyr/drivers/clock_control/libdrivers__clock_control.a(clock_control_nrf.c.obj)
 .text.api_blocking_start
                0x0000000000001338       0x34 zephyr/drivers/clock_control/libdrivers__clock_control.a(clock_control_nrf.c.obj)
 .text.generic_hfclk_stop
                0x000000000000136c       0x34 zephyr/drivers/clock_control/libdrivers__clock_control.a(clock_control_nrf.c.obj)
 .text.clkstarted_handle.constprop.0
                0x00000000000013a0       0x4c zephyr/drivers/clock_control/libdrivers__clock_control.a(clock_control_nrf.c.obj)
 .text.generic_hfclk_start
                0x00000000000013ec       0x78 zephyr/drivers/clock_control/libdrivers__clock_control.a(clock_control_nrf.c.obj)
 .text.clock_event_handler
                0x0000000000001464       0x1c zephyr/drivers/clock_control/libdrivers__clock_control.a(clock_control_nrf.c.obj)
 .text.z_nrf_clock_control_lf_on
                0x0000000000001480       0xfc zephyr/drivers/clock_control/libdrivers__clock_control.a(clock_control_nrf.c.obj)
                0x0000000000001480                z_nrf_clock_control_lf_on
 .text.uart_console_init
                0x000000000000157c       0x28 zephyr/drivers/console/libdrivers__console.a(uart_console.c.obj)
 .text.console_out
                0x00000000000015a4       0x28 zephyr/drivers/console/libdrivers__console.a(uart_console.c.obj)
 .text.gpio_nrfx_pin_interrupt_configure
                0x00000000000015cc       0xfc zephyr/drivers/gpio/libdrivers__gpio.a(gpio_nrfx.c.obj)
 .text.nrfx_gpio_handler
                0x00000000000016c8       0x4c zephyr/drivers/gpio/libdrivers__gpio.a(gpio_nrfx.c.obj)
 .text.gpio_nrfx_init
                0x0000000000001714       0x3c zephyr/drivers/gpio/libdrivers__gpio.a(gpio_nrfx.c.obj)
 .text.gpio_nrfx_pin_configure
                0x0000000000001750      0x180 zephyr/drivers/gpio/libdrivers__gpio.a(gpio_nrfx.c.obj)
 .text.nrf_gpio_pin_port_decode
                0x00000000000018d0       0x20 zephyr/drivers/pinctrl/libdrivers__pinctrl.a(pinctrl_nrf.c.obj)
 .text.pinctrl_configure_pins
                0x00000000000018f0      0x194 zephyr/drivers/pinctrl/libdrivers__pinctrl.a(pinctrl_nrf.c.obj)
                0x00000000000018f0                pinctrl_configure_pins
 .text.uarte_nrfx_poll_out
                0x0000000000001a84       0xb4 zephyr/drivers/serial/libdrivers__serial.a(uart_nrfx_uarte.c.obj)
 .text.spi_nrfx_transceive
                0x0000000000001b38      0x340 zephyr/drivers/spi/libdrivers__spi.a(spi_nrfx_spi.c.obj)
 .text.nrf_gpio_cfg_input
                0x0000000000001e78       0x40 zephyr/drivers/spi/libdrivers__spi.a(spi_nrfx_common.c.obj)
 .text.spi_nrfx_transceive
                0x0000000000001eb8      0x350 zephyr/drivers/spi/libdrivers__spi.a(spi_nrfx_spim.c.obj)
 .text.compare_int_lock
                0x0000000000002208       0x48 zephyr/drivers/timer/libdrivers__timer.a(nrf_rtc_timer.c.obj)
 .text.sys_clock_timeout_handler
                0x0000000000002250       0x48 zephyr/drivers/timer/libdrivers__timer.a(nrf_rtc_timer.c.obj)
 .text.compare_int_unlock
                0x0000000000002298       0x5c zephyr/drivers/timer/libdrivers__timer.a(nrf_rtc_timer.c.obj)
 .text.z_nrf_rtc_timer_read
                0x00000000000022f4       0x44 zephyr/drivers/timer/libdrivers__timer.a(nrf_rtc_timer.c.obj)
                0x00000000000022f4                z_nrf_rtc_timer_read
 .text.compare_set
                0x0000000000002338      0x130 zephyr/drivers/timer/libdrivers__timer.a(nrf_rtc_timer.c.obj)
 .text.sys_clock_driver_init
                0x0000000000002468       0x90 zephyr/drivers/timer/libdrivers__timer.a(nrf_rtc_timer.c.obj)
 .text.rtc_nrf_isr
                0x00000000000024f8       0xd4 zephyr/drivers/timer/libdrivers__timer.a(nrf_rtc_timer.c.obj)
                0x00000000000024f8                rtc_nrf_isr
 .text.sys_clock_set_timeout
                0x00000000000025cc       0x5c zephyr/drivers/timer/libdrivers__timer.a(nrf_rtc_timer.c.obj)
                0x00000000000025cc                sys_clock_set_timeout
 .text.sys_clock_elapsed
                0x0000000000002628       0x14 zephyr/drivers/timer/libdrivers__timer.a(nrf_rtc_timer.c.obj)
                0x0000000000002628                sys_clock_elapsed
 .text.nvmc_wait
                0x000000000000263c       0x10 modules/hal_nordic/modules/hal_nordic/nrfx/libmodules__hal_nordic__nrfx.a(system_nrf52833.c.obj)
                0x000000000000263c                nvmc_wait
 .text.SystemInit
                0x000000000000264c      0x14c modules/hal_nordic/modules/hal_nordic/nrfx/libmodules__hal_nordic__nrfx.a(system_nrf52833.c.obj)
                0x000000000000264c                SystemInit
 .text.nrfx_gppi_init
                0x0000000000002798        0xc modules/hal_nordic/modules/hal_nordic/nrfx/libmodules__hal_nordic__nrfx.a(nrfx_gppi_ppi.c.obj)
                0x0000000000002798                nrfx_gppi_init
 .text.nrfx_gppi_domain_conn_alloc
                0x00000000000027a4       0x1c modules/hal_nordic/modules/hal_nordic/nrfx/libmodules__hal_nordic__nrfx.a(nrfx_gppi_ppi.c.obj)
                0x00000000000027a4                nrfx_gppi_domain_conn_alloc
 .text.nrfx_gppi_conn_enable
                0x00000000000027c0       0x10 modules/hal_nordic/modules/hal_nordic/nrfx/libmodules__hal_nordic__nrfx.a(nrfx_gppi_ppi.c.obj)
                0x00000000000027c0                nrfx_gppi_conn_enable
 .text.hfclk_event_handler
                0x00000000000027d0        0xc modules/hal_nordic/modules/hal_nordic/nrfx/libmodules__hal_nordic__nrfx.a(nrfx_clock.c.obj)
 .text.lfclk_event_handler
                0x00000000000027dc        0xc modules/hal_nordic/modules/hal_nordic/nrfx/libmodules__hal_nordic__nrfx.a(nrfx_clock.c.obj)
 .text.nrfx_clock_init
                0x00000000000027e8       0x40 modules/hal_nordic/modules/hal_nordic/nrfx/libmodules__hal_nordic__nrfx.a(nrfx_clock.c.obj)
                0x00000000000027e8                nrfx_clock_init
 .text.nrfx_clock_enable
                0x0000000000002828       0x20 modules/hal_nordic/modules/hal_nordic/nrfx/libmodules__hal_nordic__nrfx.a(nrfx_clock.c.obj)
                0x0000000000002828                nrfx_clock_enable
 .text.nrfx_clock_hfclk_init
                0x0000000000002848       0x1c modules/hal_nordic/modules/hal_nordic/nrfx/libmodules__hal_nordic__nrfx.a(nrfx_clock_hfclk.c.obj)
                0x0000000000002848                nrfx_clock_hfclk_init
 .text.nrfx_clock_hfclk_start
                0x0000000000002864       0x38 modules/hal_nordic/modules/hal_nordic/nrfx/libmodules__hal_nordic__nrfx.a(nrfx_clock_hfclk.c.obj)
                0x0000000000002864                nrfx_clock_hfclk_start
 .text.nrfx_clock_hfclk_irq_handler
                0x000000000000289c       0x30 modules/hal_nordic/modules/hal_nordic/nrfx/libmodules__hal_nordic__nrfx.a(nrfx_clock_hfclk.c.obj)
                0x000000000000289c                nrfx_clock_hfclk_irq_handler
 .text.nrfx_clock_lfclk_init
                0x00000000000028cc       0x24 modules/hal_nordic/modules/hal_nordic/nrfx/libmodules__hal_nordic__nrfx.a(nrfx_clock_lfclk.c.obj)
                0x00000000000028cc                nrfx_clock_lfclk_init
 .text.nrfx_clock_lfclk_start
                0x00000000000028f0       0x80 modules/hal_nordic/modules/hal_nordic/nrfx/libmodules__hal_nordic__nrfx.a(nrfx_clock_lfclk.c.obj)
                0x00000000000028f0                nrfx_clock_lfclk_start
 .text.nrfx_clock_lfclk_irq_handler
                0x0000000000002970       0x70 modules/hal_nordic/modules/hal_nordic/nrfx/libmodules__hal_nordic__nrfx.a(nrfx_clock_lfclk.c.obj)
                0x0000000000002970                nrfx_clock_lfclk_irq_handler
 .text.nrf_gpio_pin_port_decode
                0x00000000000029e0       0x20 modules/hal_nordic/modules/hal_nordic/nrfx/libmodules__hal_nordic__nrfx.a(nrfx_gpiote.c.obj)
 .text.get_pin_idx
                0x0000000000002a00       0x14 modules/hal_nordic/modules/hal_nordic/nrfx/libmodules__hal_nordic__nrfx.a(nrfx_gpiote.c.obj)
 .text.latch_pending_read_and_check
                0x0000000000002a14       0x64 modules/hal_nordic/modules/hal_nordic/nrfx/libmodules__hal_nordic__nrfx.a(nrfx_gpiote.c.obj)
 .text.pin_uninit
                0x0000000000002a78       0x7c modules/hal_nordic/modules/hal_nordic/nrfx/libmodules__hal_nordic__nrfx.a(nrfx_gpiote.c.obj)
 .text.nrfx_gpiote_channel_free
                0x0000000000002af4        0xc modules/hal_nordic/modules/hal_nordic/nrfx/libmodules__hal_nordic__nrfx.a(nrfx_gpiote.c.obj)
                0x0000000000002af4                nrfx_gpiote_channel_free
 .text.nrfx_gpiote_channel_alloc
                0x0000000000002b00       0x18 modules/hal_nordic/modules/hal_nordic/nrfx/libmodules__hal_nordic__nrfx.a(nrfx_gpiote.c.obj)
                0x0000000000002b00                nrfx_gpiote_channel_alloc
 .text.nrfx_gpiote_irq_handler
                0x0000000000002b18      0x1d0 modules/hal_nordic/modules/hal_nordic/nrfx/libmodules__hal_nordic__nrfx.a(nrfx_gpiote.c.obj)
                0x0000000000002b18                nrfx_gpiote_irq_handler
 .text.nrf_gpio_pin_port_decode
                0x0000000000002ce8       0x20 modules/hal_nordic/modules/hal_nordic/nrfx/libmodules__hal_nordic__nrfx.a(nrfx_spi.c.obj)
 .text.nrf_gpio_cfg_output
                0x0000000000002d08       0x2c modules/hal_nordic/modules/hal_nordic/nrfx/libmodules__hal_nordic__nrfx.a(nrfx_spi.c.obj)
 .text.spi_configure
                0x0000000000002d34      0x120 modules/hal_nordic/modules/hal_nordic/nrfx/libmodules__hal_nordic__nrfx.a(nrfx_spi.c.obj)
 .text.nrf_gpio_cfg_default
                0x0000000000002e54       0x2c modules/hal_nordic/modules/hal_nordic/nrfx/libmodules__hal_nordic__nrfx.a(nrfx_spi.c.obj)
 .text.nrfx_spi_init
                0x0000000000002e80       0x60 modules/hal_nordic/modules/hal_nordic/nrfx/libmodules__hal_nordic__nrfx.a(nrfx_spi.c.obj)
                0x0000000000002e80                nrfx_spi_init
 .text.nrfx_spi_uninit
                0x0000000000002ee0       0x70 modules/hal_nordic/modules/hal_nordic/nrfx/libmodules__hal_nordic__nrfx.a(nrfx_spi.c.obj)
                0x0000000000002ee0                nrfx_spi_uninit
 .text.nrfx_spi_xfer
                0x0000000000002f50       0xf4 modules/hal_nordic/modules/hal_nordic/nrfx/libmodules__hal_nordic__nrfx.a(nrfx_spi.c.obj)
                0x0000000000002f50                nrfx_spi_xfer
 .text.SPIM1_SPIS1_TWIM1_TWIS1_SPI1_TWI1_IRQHandler
                0x0000000000003044       0x40 modules/hal_nordic/modules/hal_nordic/nrfx/libmodules__hal_nordic__nrfx.a(nrfx_spi.c.obj)
                0x0000000000003044                SPIM1_SPIS1_TWIM1_TWIS1_SPI1_TWI1_IRQHandler
 .text.nrf_gpio_pin_port_decode
                0x0000000000003084       0x20 modules/hal_nordic/modules/hal_nordic/nrfx/libmodules__hal_nordic__nrfx.a(nrfx_spim.c.obj)
 .text.spim_frequency_valid_check.constprop.0
                0x00000000000030a4       0x64 modules/hal_nordic/modules/hal_nordic/nrfx/libmodules__hal_nordic__nrfx.a(nrfx_spim.c.obj)
 .text.pin_init.constprop.0
                0x0000000000003108       0x4c modules/hal_nordic/modules/hal_nordic/nrfx/libmodules__hal_nordic__nrfx.a(nrfx_spim.c.obj)
 .text.spim_configure
                0x0000000000003154      0x1d8 modules/hal_nordic/modules/hal_nordic/nrfx/libmodules__hal_nordic__nrfx.a(nrfx_spim.c.obj)
 .text.spim_pin_uninit
                0x000000000000332c       0x30 modules/hal_nordic/modules/hal_nordic/nrfx/libmodules__hal_nordic__nrfx.a(nrfx_spim.c.obj)
 .text.nrfx_spim_uninit
                0x000000000000335c       0x70 modules/hal_nordic/modules/hal_nordic/nrfx/libmodules__hal_nordic__nrfx.a(nrfx_spim.c.obj)
                0x000000000000335c                nrfx_spim_uninit
 .text.z_fatal_error
                0x00000000000033cc       0x30 zephyr/kernel/libkernel.a(fatal.c.obj)
                0x00000000000033cc                z_fatal_error
 .text.z_sys_init_run_level
                0x00000000000033fc       0x30 zephyr/kernel/libkernel.a(init.c.obj)
 .text.bg_thread_main
                0x000000000000342c       0xc0 zephyr/kernel/libkernel.a(init.c.obj)
 .text.z_init_cpu
                0x00000000000034ec       0x78 zephyr/kernel/libkernel.a(init.c.obj)
                0x00000000000034ec                z_init_cpu
 .text.z_cstart
                0x0000000000003564       0xcc zephyr/kernel/libkernel.a(init.c.obj)
                0x0000000000003564                z_cstart
 .text.z_impl_k_sem_give
                0x0000000000003630       0x68 zephyr/kernel/libkernel.a(sem.c.obj)
                0x0000000000003630                z_impl_k_sem_give
 .text.z_impl_k_sem_take
                0x0000000000003698       0x4c zephyr/kernel/libkernel.a(sem.c.obj)
                0x0000000000003698                z_impl_k_sem_take
 .text.z_impl_k_sem_reset
                0x00000000000036e4       0x74 zephyr/kernel/libkernel.a(sem.c.obj)
                0x00000000000036e4                z_impl_k_sem_reset
 .text.work_queue_main
                0x0000000000003758      0x14c zephyr/kernel/libkernel.a(work.c.obj)
 .text.k_work_queue_start
                0x00000000000038a4       0x80 zephyr/kernel/libkernel.a(work.c.obj)
                0x00000000000038a4                k_work_queue_start
 .text.z_impl_k_thread_name_set
                0x0000000000003924       0x20 zephyr/kernel/libkernel.a(thread.c.obj)
                0x0000000000003924                z_impl_k_thread_name_set
 .text.z_setup_new_thread
                0x0000000000003944       0xec zephyr/kernel/libkernel.a(thread.c.obj)
                0x0000000000003944                z_setup_new_thread
 .text.z_impl_k_thread_create
                0x0000000000003a30       0x58 zephyr/kernel/libkernel.a(thread.c.obj)
                0x0000000000003a30                z_impl_k_thread_create
 .text.z_dummy_thread_init
                0x0000000000003a88       0x1c zephyr/kernel/libkernel.a(thread.c.obj)
                0x0000000000003a88                z_dummy_thread_init
 .text.z_swap_irqlock
                0x0000000000003aa4       0x34 zephyr/kernel/libkernel.a(sched.c.obj)
 .text.ready_thread
                0x0000000000003ad8       0x84 zephyr/kernel/libkernel.a(sched.c.obj)
 .text.unready_thread
                0x0000000000003b5c       0x54 zephyr/kernel/libkernel.a(sched.c.obj)
 .text.add_thread_timeout
                0x0000000000003bb0       0x1c zephyr/kernel/libkernel.a(sched.c.obj)
 .text.move_thread_to_end_of_prio_q
                0x0000000000003bcc       0x90 zephyr/kernel/libkernel.a(sched.c.obj)
                0x0000000000003bcc                move_thread_to_end_of_prio_q
 .text.z_pend_curr
                0x0000000000003c5c       0x44 zephyr/kernel/libkernel.a(sched.c.obj)
                0x0000000000003c5c                z_pend_curr
 .text.z_reschedule
                0x0000000000003ca0       0x24 zephyr/kernel/libkernel.a(sched.c.obj)
                0x0000000000003ca0                z_reschedule
 .text.z_reschedule_irqlock
                0x0000000000003cc4       0x28 zephyr/kernel/libkernel.a(sched.c.obj)
                0x0000000000003cc4                z_reschedule_irqlock
 .text.k_sched_lock
                0x0000000000003cec       0x28 zephyr/kernel/libkernel.a(sched.c.obj)
                0x0000000000003cec                k_sched_lock
 .text.k_sched_unlock
                0x0000000000003d14       0x68 zephyr/kernel/libkernel.a(sched.c.obj)
                0x0000000000003d14                k_sched_unlock
 .text.z_sched_init
                0x0000000000003d7c       0x10 zephyr/kernel/libkernel.a(sched.c.obj)
                0x0000000000003d7c                z_sched_init
 .text.z_impl_k_yield
                0x0000000000003d8c       0x88 zephyr/kernel/libkernel.a(sched.c.obj)
                0x0000000000003d8c                z_impl_k_yield
 .text.z_tick_sleep
                0x0000000000003e14       0x78 zephyr/kernel/libkernel.a(sched.c.obj)
 .text.z_impl_k_wakeup
                0x0000000000003e8c       0x48 zephyr/kernel/libkernel.a(sched.c.obj)
                0x0000000000003e8c                z_impl_k_wakeup
 .text.z_impl_k_sched_current_thread_query
                0x0000000000003ed4        0xc zephyr/kernel/libkernel.a(sched.c.obj)
                0x0000000000003ed4                z_impl_k_sched_current_thread_query
 .text.z_thread_abort
                0x0000000000003ee0      0x144 zephyr/kernel/libkernel.a(sched.c.obj)
                0x0000000000003ee0                z_thread_abort
 .text.z_sched_wait
                0x0000000000004024       0x24 zephyr/kernel/libkernel.a(sched.c.obj)
                0x0000000000004024                z_sched_wait
 .text.slice_timeout
                0x0000000000004048       0x20 zephyr/kernel/libkernel.a(timeslicing.c.obj)
 .text.thread_is_sliceable
                0x0000000000004068       0x3c zephyr/kernel/libkernel.a(timeslicing.c.obj)
                0x0000000000004068                thread_is_sliceable
 .text.z_reset_time_slice
                0x00000000000040a4       0x50 zephyr/kernel/libkernel.a(timeslicing.c.obj)
                0x00000000000040a4                z_reset_time_slice
 .text.z_time_slice
                0x00000000000040f4       0x60 zephyr/kernel/libkernel.a(timeslicing.c.obj)
                0x00000000000040f4                z_time_slice
 .text.z_thread_monitor_exit
                0x0000000000004154       0x3c zephyr/kernel/libkernel.a(thread_monitor.c.obj)
                0x0000000000004154                z_thread_monitor_exit
 .text.first    0x0000000000004190       0x10 zephyr/kernel/libkernel.a(timeout.c.obj)
 .text.elapsed  0x00000000000041a0       0x14 zephyr/kernel/libkernel.a(timeout.c.obj)
 .text.remove_timeout
                0x00000000000041b4       0x38 zephyr/kernel/libkernel.a(timeout.c.obj)
 .text.z_add_timeout
                0x00000000000041ec      0x120 zephyr/kernel/libkernel.a(timeout.c.obj)
                0x00000000000041ec                z_add_timeout
 .text.sys_clock_announce
                0x000000000000430c       0xc0 zephyr/kernel/libkernel.a(timeout.c.obj)
                0x000000000000430c                sys_clock_announce
 .text.sys_clock_tick_get
                0x00000000000043cc       0x30 zephyr/kernel/libkernel.a(timeout.c.obj)
                0x00000000000043cc                sys_clock_tick_get
 .text.k_sys_work_q_init
                0x00000000000043fc       0x2c zephyr/kernel/libkernel.a(system_work_q.c.obj)
 .text.__l_vfprintf
                0x0000000000004428      0x4b8 c:\ncs\toolchains\66cdf9b75e\opt\zephyr-sdk\arm-zephyr-eabi\bin\../lib/gcc/../../picolibc/arm-zephyr-eabi/lib/thumb/v7e-m/nofp\libc.a(libc_tinystdio_vflprintf.c.o)
                0x0000000000004428                __l_vfprintf
 .text._OffsetAbsSyms
                0x00000000000048e0        0x2 zephyr/CMakeFiles/offsets.dir/./arch/arm/core/offsets/offsets.c.obj
                0x00000000000048e0                _OffsetAbsSyms
 .text.main     0x00000000000048e2        0x4 app/libapp.a(main.c.obj)
                0x00000000000048e2                main
 .text.chunk_field
                0x00000000000048e6       0x16 zephyr/libzephyr.a(heap.c.obj)
 .text.chunk_set
                0x00000000000048fc       0x16 zephyr/libzephyr.a(heap.c.obj)
 .text.chunk_size
                0x0000000000004912        0xc zephyr/libzephyr.a(heap.c.obj)
 .text.set_chunk_used
                0x000000000000491e       0x30 zephyr/libzephyr.a(heap.c.obj)
 .text.set_chunk_size
                0x000000000000494e        0x8 zephyr/libzephyr.a(heap.c.obj)
 .text.bucket_idx
                0x0000000000004956       0x1e zephyr/libzephyr.a(heap.c.obj)
 .text.free_list_add
                0x0000000000004974       0x84 zephyr/libzephyr.a(heap.c.obj)
 .text.sys_heap_init
                0x00000000000049f8       0xb0 zephyr/libzephyr.a(heap.c.obj)
                0x00000000000049f8                sys_heap_init
 .text.arch_printk_char_out
                0x0000000000004aa8        0x4 zephyr/libzephyr.a(printk.c.obj)
                0x0000000000004aa8                arch_printk_char_out
 .text.printk   0x0000000000004aac       0x1a zephyr/libzephyr.a(printk.c.obj)
                0x0000000000004aac                printk
 .text.process_recheck
                0x0000000000004ac6       0x38 zephyr/libzephyr.a(onoff.c.obj)
 .text.validate_args
                0x0000000000004afe       0x20 zephyr/libzephyr.a(onoff.c.obj)
 .text.notify_one
                0x0000000000004b1e       0x2c zephyr/libzephyr.a(onoff.c.obj)
 .text.transition_complete
                0x0000000000004b4a       0x1a zephyr/libzephyr.a(onoff.c.obj)
 .text.onoff_manager_init
                0x0000000000004b64       0x26 zephyr/libzephyr.a(onoff.c.obj)
                0x0000000000004b64                onoff_manager_init
 .text.onoff_request
                0x0000000000004b8a       0xae zephyr/libzephyr.a(onoff.c.obj)
                0x0000000000004b8a                onoff_request
 .text.sys_notify_validate
                0x0000000000004c38       0x22 zephyr/libzephyr.a(notify.c.obj)
                0x0000000000004c38                sys_notify_validate
 .text.sys_notify_finalize
                0x0000000000004c5a       0x1a zephyr/libzephyr.a(notify.c.obj)
                0x0000000000004c5a                sys_notify_finalize
 .text._ConfigAbsSyms
                0x0000000000004c74        0x2 zephyr/libzephyr.a(configs.c.obj)
                0x0000000000004c74                _ConfigAbsSyms
 .text.arch_early_memset
                0x0000000000004c76        0x4 zephyr/arch/common/libarch__common.a(init.c.obj)
                0x0000000000004c76                arch_early_memset
 .text.arch_early_memcpy
                0x0000000000004c7a        0x4 zephyr/arch/common/libarch__common.a(init.c.obj)
                0x0000000000004c7a                arch_early_memcpy
 .text.z_do_kernel_oops
                0x0000000000004c7e        0x8 zephyr/arch/arch/arm/core/libarch__arm__core.a(fatal.c.obj)
                0x0000000000004c7e                z_do_kernel_oops
 .text.z_arm_nmi
                0x0000000000004c86        0xe zephyr/arch/arch/arm/core/libarch__arm__core.a(nmi.c.obj)
                0x0000000000004c86                z_arm_nmi
 .text.z_irq_spurious
                0x0000000000004c94        0x8 zephyr/arch/arch/arm/core/cortex_m/libarch__arm__core__cortex_m.a(irq_manage.c.obj)
                0x0000000000004c94                z_irq_spurious
 .text.arch_coprocessors_disable
                0x0000000000004c9c        0x6 zephyr/arch/arch/arm/core/cortex_m/libarch__arm__core__cortex_m.a(thread.c.obj)
                0x0000000000004c9c                arch_coprocessors_disable
 .text.arch_irq_unlock_outlined
                0x0000000000004ca2        0xe zephyr/arch/arch/arm/core/cortex_m/libarch__arm__core__cortex_m.a(thread.c.obj)
                0x0000000000004ca2                arch_irq_unlock_outlined
 .text.arch_cpu_idle
                0x0000000000004cb0       0x1a zephyr/arch/arch/arm/core/cortex_m/libarch__arm__core__cortex_m.a(cpu_idle.c.obj)
                0x0000000000004cb0                arch_cpu_idle
 .text.arch_cpu_atomic_idle
                0x0000000000004cca       0x1e zephyr/arch/arch/arm/core/cortex_m/libarch__arm__core__cortex_m.a(cpu_idle.c.obj)
                0x0000000000004cca                arch_cpu_atomic_idle
 .text.size_to_mpu_rasr_size
                0x0000000000004ce8       0x20 zephyr/arch/arch/arm/core/mpu/libarch__arm__core__mpu.a(arm_mpu.c.obj)
 .text.picolibc_put
                0x0000000000004d08        0xa zephyr/lib/libc/picolibc/liblib__libc__picolibc.a(stdio.c.obj)
 .text.get_status
                0x0000000000004d12       0x12 zephyr/drivers/clock_control/libdrivers__clock_control.a(clock_control_nrf.c.obj)
 .text.stop     0x0000000000004d24       0x52 zephyr/drivers/clock_control/libdrivers__clock_control.a(clock_control_nrf.c.obj)
 .text.api_stop
                0x0000000000004d76        0x6 zephyr/drivers/clock_control/libdrivers__clock_control.a(clock_control_nrf.c.obj)
 .text.async_start
                0x0000000000004d7c       0x5c zephyr/drivers/clock_control/libdrivers__clock_control.a(clock_control_nrf.c.obj)
 .text.api_start
                0x0000000000004dd8        0xe zephyr/drivers/clock_control/libdrivers__clock_control.a(clock_control_nrf.c.obj)
 .text.onoff_started_callback
                0x0000000000004de6       0x12 zephyr/drivers/clock_control/libdrivers__clock_control.a(clock_control_nrf.c.obj)
 .text.blocking_start_callback
                0x0000000000004df8        0x6 zephyr/drivers/clock_control/libdrivers__clock_control.a(clock_control_nrf.c.obj)
 .text.lfclk_stop
                0x0000000000004dfe        0x4 zephyr/drivers/clock_control/libdrivers__clock_control.a(clock_control_nrf.c.obj)
 .text.lfclk_start
                0x0000000000004e02        0x4 zephyr/drivers/clock_control/libdrivers__clock_control.a(clock_control_nrf.c.obj)
 .text.gpio_nrfx_port_get_raw
                0x0000000000004e06        0xe zephyr/drivers/gpio/libdrivers__gpio.a(gpio_nrfx.c.obj)
 .text.gpio_nrfx_port_set_masked_raw
                0x0000000000004e14       0x18 zephyr/drivers/gpio/libdrivers__gpio.a(gpio_nrfx.c.obj)
 .text.gpio_nrfx_port_set_bits_raw
                0x0000000000004e2c        0xc zephyr/drivers/gpio/libdrivers__gpio.a(gpio_nrfx.c.obj)
 .text.gpio_nrfx_port_clear_bits_raw
                0x0000000000004e38        0xc zephyr/drivers/gpio/libdrivers__gpio.a(gpio_nrfx.c.obj)
 .text.gpio_nrfx_port_toggle_bits
                0x0000000000004e44       0x1a zephyr/drivers/gpio/libdrivers__gpio.a(gpio_nrfx.c.obj)
 .text.gpio_nrfx_manage_callback
                0x0000000000004e5e       0x52 zephyr/drivers/gpio/libdrivers__gpio.a(gpio_nrfx.c.obj)
 .text.gpio_nrfx_gpiote_irq_handler
                0x0000000000004eb0        0x4 zephyr/drivers/gpio/libdrivers__gpio.a(gpio_nrfx.c.obj)
                0x0000000000004eb0                gpio_nrfx_gpiote_irq_handler
 .text.pinctrl_lookup_state
                0x0000000000004eb4       0x26 zephyr/drivers/pinctrl/libdrivers__pinctrl.a(common.c.obj)
                0x0000000000004eb4                pinctrl_lookup_state
 .text.uarte_nrfx_err_check
                0x0000000000004eda        0xe zephyr/drivers/serial/libdrivers__serial.a(uart_nrfx_uarte.c.obj)
 .text.uarte_nrfx_poll_in
                0x0000000000004ee8       0x26 zephyr/drivers/serial/libdrivers__serial.a(uart_nrfx_uarte.c.obj)
 .text.is_tx_ready.isra.0
                0x0000000000004f0e       0x20 zephyr/drivers/serial/libdrivers__serial.a(uart_nrfx_uarte.c.obj)
 .text.uarte_nrfx_isr_int
                0x0000000000004f2e       0x42 zephyr/drivers/serial/libdrivers__serial.a(uart_nrfx_uarte.c.obj)
 .text.pinctrl_apply_state.isra.0
                0x0000000000004f70       0x1e zephyr/drivers/serial/libdrivers__serial.a(uart_nrfx_uarte.c.obj)
 .text.uarte_instance_deinit
                0x0000000000004f8e        0x6 zephyr/drivers/serial/libdrivers__serial.a(uart_nrfx_uarte.c.obj)
 .text.uarte_0_init
                0x0000000000004f94       0xf4 zephyr/drivers/serial/libdrivers__serial.a(uart_nrfx_uarte.c.obj)
 .text.irq_connect1
                0x0000000000005088        0xa zephyr/drivers/spi/libdrivers__spi.a(spi_nrfx_spi.c.obj)
 .text.spi_context_get_next_buf.constprop.0
                0x0000000000005092       0x26 zephyr/drivers/spi/libdrivers__spi.a(spi_nrfx_spi.c.obj)
 .text.gpio_pin_set_dt.isra.0
                0x00000000000050b8       0x28 zephyr/drivers/spi/libdrivers__spi.a(spi_nrfx_spi.c.obj)
 .text.spi_context_unlock_unconditionally
                0x00000000000050e0       0x30 zephyr/drivers/spi/libdrivers__spi.a(spi_nrfx_spi.c.obj)
 .text.spi_nrfx_release
                0x0000000000005110       0x24 zephyr/drivers/spi/libdrivers__spi.a(spi_nrfx_spi.c.obj)
 .text.spi_nrfx_init
                0x0000000000005134       0xc4 zephyr/drivers/spi/libdrivers__spi.a(spi_nrfx_spi.c.obj)
 .text.transfer_next_chunk
                0x00000000000051f8       0x68 zephyr/drivers/spi/libdrivers__spi.a(spi_nrfx_spi.c.obj)
 .text.event_handler
                0x0000000000005260       0x9c zephyr/drivers/spi/libdrivers__spi.a(spi_nrfx_spi.c.obj)
 .text.spi_nrfx_wake_init
                0x00000000000052fc       0x50 zephyr/drivers/spi/libdrivers__spi.a(spi_nrfx_common.c.obj)
                0x00000000000052fc                spi_nrfx_wake_init
 .text.spi_nrfx_wake_request
                0x000000000000534c       0x50 zephyr/drivers/spi/libdrivers__spi.a(spi_nrfx_common.c.obj)
                0x000000000000534c                spi_nrfx_wake_request
 .text.irq_connect0
                0x000000000000539c        0xa zephyr/drivers/spi/libdrivers__spi.a(spi_nrfx_spim.c.obj)
 .text.spi_context_get_next_buf.constprop.0
                0x00000000000053a6       0x26 zephyr/drivers/spi/libdrivers__spi.a(spi_nrfx_spim.c.obj)
 .text.pinctrl_apply_state.isra.0
                0x00000000000053cc       0x1e zephyr/drivers/spi/libdrivers__spi.a(spi_nrfx_spim.c.obj)
 .text.gpio_pin_set_dt.isra.0
                0x00000000000053ea       0x28 zephyr/drivers/spi/libdrivers__spi.a(spi_nrfx_spim.c.obj)
 .text.spi_nrfx_deinit
                0x0000000000005412       0x24 zephyr/drivers/spi/libdrivers__spi.a(spi_nrfx_spim.c.obj)
 .text._spi_context_cs_control
                0x0000000000005436       0x40 zephyr/drivers/spi/libdrivers__spi.a(spi_nrfx_spim.c.obj)
 .text.spi_context_unlock_unconditionally
                0x0000000000005476       0x20 zephyr/drivers/spi/libdrivers__spi.a(spi_nrfx_spim.c.obj)
 .text.spi_nrfx_release
                0x0000000000005496       0x26 zephyr/drivers/spi/libdrivers__spi.a(spi_nrfx_spim.c.obj)
 .text.spi_nrfx_init
                0x00000000000054bc       0xb8 zephyr/drivers/spi/libdrivers__spi.a(spi_nrfx_spim.c.obj)
 .text.finish_transaction
                0x0000000000005574       0x24 zephyr/drivers/spi/libdrivers__spi.a(spi_nrfx_spim.c.obj)
 .text.transfer_next_chunk
                0x0000000000005598       0xc0 zephyr/drivers/spi/libdrivers__spi.a(spi_nrfx_spim.c.obj)
 .text.event_handler
                0x0000000000005658       0xb8 zephyr/drivers/spi/libdrivers__spi.a(spi_nrfx_spim.c.obj)
 .text.event_clear
                0x0000000000005710       0x18 zephyr/drivers/timer/libdrivers__timer.a(nrf_rtc_timer.c.obj)
 .text.sys_clock_cycle_get_32
                0x0000000000005728        0x8 zephyr/drivers/timer/libdrivers__timer.a(nrf_rtc_timer.c.obj)
                0x0000000000005728                sys_clock_cycle_get_32
 .text.nrfx_isr
                0x0000000000005730        0x6 modules/hal_nordic/modules/hal_nordic/nrfx/libmodules__hal_nordic__nrfx.a(nrfx_glue.c.obj)
                0x0000000000005730                nrfx_isr
 .text.nrfx_busy_wait
                0x0000000000005736        0x4 modules/hal_nordic/modules/hal_nordic/nrfx/libmodules__hal_nordic__nrfx.a(nrfx_glue.c.obj)
                0x0000000000005736                nrfx_busy_wait
 .text.nrfx_flag32_alloc
                0x000000000000573a       0x3c modules/hal_nordic/modules/hal_nordic/nrfx/libmodules__hal_nordic__nrfx.a(nrfx_flag32_allocator.c.obj)
                0x000000000000573a                nrfx_flag32_alloc
 .text.nrfx_flag32_free
                0x0000000000005776       0x3a modules/hal_nordic/modules/hal_nordic/nrfx/libmodules__hal_nordic__nrfx.a(nrfx_flag32_allocator.c.obj)
                0x0000000000005776                nrfx_flag32_free
 .text.nrfx_gppi_conn_alloc
                0x00000000000057b0       0x2c modules/hal_nordic/modules/hal_nordic/nrfx/libmodules__hal_nordic__nrfx.a(nrfx_gppi_ppi.c.obj)
                0x00000000000057b0                nrfx_gppi_conn_alloc
 .text.nrfx_clock_start
                0x00000000000057dc       0x10 modules/hal_nordic/modules/hal_nordic/nrfx/libmodules__hal_nordic__nrfx.a(nrfx_clock.c.obj)
                0x00000000000057dc                nrfx_clock_start
 .text.nrfx_clock_stop
                0x00000000000057ec       0x10 modules/hal_nordic/modules/hal_nordic/nrfx/libmodules__hal_nordic__nrfx.a(nrfx_clock.c.obj)
                0x00000000000057ec                nrfx_clock_stop
 .text.POWER_CLOCK_IRQHandler
                0x00000000000057fc        0xe modules/hal_nordic/modules/hal_nordic/nrfx/libmodules__hal_nordic__nrfx.a(nrfx_clock.c.obj)
                0x00000000000057fc                POWER_CLOCK_IRQHandler
 .text.clock_stop
                0x000000000000580a       0x38 modules/hal_nordic/modules/hal_nordic/nrfx/libmodules__hal_nordic__nrfx.a(nrfx_clock_hfclk.c.obj)
 .text.nrfx_clock_hfclk_stop
                0x0000000000005842        0x4 modules/hal_nordic/modules/hal_nordic/nrfx/libmodules__hal_nordic__nrfx.a(nrfx_clock_hfclk.c.obj)
                0x0000000000005842                nrfx_clock_hfclk_stop
 .text.clock_stop
                0x0000000000005846       0x32 modules/hal_nordic/modules/hal_nordic/nrfx/libmodules__hal_nordic__nrfx.a(nrfx_clock_lfclk.c.obj)
 .text.nrfx_clock_lfclk_stop
                0x0000000000005878        0x4 modules/hal_nordic/modules/hal_nordic/nrfx/libmodules__hal_nordic__nrfx.a(nrfx_clock_lfclk.c.obj)
                0x0000000000005878                nrfx_clock_lfclk_stop
 .text.nrf_gpio_reconfigure
                0x000000000000587c       0x92 modules/hal_nordic/modules/hal_nordic/nrfx/libmodules__hal_nordic__nrfx.a(nrfx_gpiote.c.obj)
 .text.nrf_gpio_cfg_sense_set
                0x000000000000590e       0x1e modules/hal_nordic/modules/hal_nordic/nrfx/libmodules__hal_nordic__nrfx.a(nrfx_gpiote.c.obj)
 .text.pin_in_use_by_te
                0x000000000000592c       0x16 modules/hal_nordic/modules/hal_nordic/nrfx/libmodules__hal_nordic__nrfx.a(nrfx_gpiote.c.obj)
 .text.pin_is_output
                0x0000000000005942       0x16 modules/hal_nordic/modules/hal_nordic/nrfx/libmodules__hal_nordic__nrfx.a(nrfx_gpiote.c.obj)
 .text.pin_te_get
                0x0000000000005958       0x14 modules/hal_nordic/modules/hal_nordic/nrfx/libmodules__hal_nordic__nrfx.a(nrfx_gpiote.c.obj)
 .text.call_handler
                0x000000000000596c       0x3e modules/hal_nordic/modules/hal_nordic/nrfx/libmodules__hal_nordic__nrfx.a(nrfx_gpiote.c.obj)
 .text.release_handler
                0x00000000000059aa       0x54 modules/hal_nordic/modules/hal_nordic/nrfx/libmodules__hal_nordic__nrfx.a(nrfx_gpiote.c.obj)
 .text.pin_in_event_get
                0x00000000000059fe       0x22 modules/hal_nordic/modules/hal_nordic/nrfx/libmodules__hal_nordic__nrfx.a(nrfx_gpiote.c.obj)
 .text.__nrfy_internal_gpiote_events_process
                0x0000000000005a20       0x50 modules/hal_nordic/modules/hal_nordic/nrfx/libmodules__hal_nordic__nrfx.a(nrfx_gpiote.c.obj)
 .text.pin_trigger_disable
                0x0000000000005a70       0x46 modules/hal_nordic/modules/hal_nordic/nrfx/libmodules__hal_nordic__nrfx.a(nrfx_gpiote.c.obj)
 .text.nrfx_gpiote_input_configure
                0x0000000000005ab6      0x170 modules/hal_nordic/modules/hal_nordic/nrfx/libmodules__hal_nordic__nrfx.a(nrfx_gpiote.c.obj)
                0x0000000000005ab6                nrfx_gpiote_input_configure
 .text.nrfx_gpiote_output_configure
                0x0000000000005c26       0xf2 modules/hal_nordic/modules/hal_nordic/nrfx/libmodules__hal_nordic__nrfx.a(nrfx_gpiote.c.obj)
                0x0000000000005c26                nrfx_gpiote_output_configure
 .text.nrfx_gpiote_global_callback_set
                0x0000000000005d18        0x6 modules/hal_nordic/modules/hal_nordic/nrfx/libmodules__hal_nordic__nrfx.a(nrfx_gpiote.c.obj)
                0x0000000000005d18                nrfx_gpiote_global_callback_set
 .text.nrfx_gpiote_channel_get
                0x0000000000005d1e       0x26 modules/hal_nordic/modules/hal_nordic/nrfx/libmodules__hal_nordic__nrfx.a(nrfx_gpiote.c.obj)
                0x0000000000005d1e                nrfx_gpiote_channel_get
 .text.nrfx_gpiote_init
                0x0000000000005d44       0x38 modules/hal_nordic/modules/hal_nordic/nrfx/libmodules__hal_nordic__nrfx.a(nrfx_gpiote.c.obj)
                0x0000000000005d44                nrfx_gpiote_init
 .text.nrfx_gpiote_init_check
                0x0000000000005d7c        0xc modules/hal_nordic/modules/hal_nordic/nrfx/libmodules__hal_nordic__nrfx.a(nrfx_gpiote.c.obj)
                0x0000000000005d7c                nrfx_gpiote_init_check
 .text.nrfx_gpiote_pin_uninit
                0x0000000000005d88        0x4 modules/hal_nordic/modules/hal_nordic/nrfx/libmodules__hal_nordic__nrfx.a(nrfx_gpiote.c.obj)
                0x0000000000005d88                nrfx_gpiote_pin_uninit
 .text.nrfx_gpiote_trigger_enable
                0x0000000000005d8c       0xa6 modules/hal_nordic/modules/hal_nordic/nrfx/libmodules__hal_nordic__nrfx.a(nrfx_gpiote.c.obj)
                0x0000000000005d8c                nrfx_gpiote_trigger_enable
 .text.nrfx_gpiote_trigger_disable
                0x0000000000005e32        0x4 modules/hal_nordic/modules/hal_nordic/nrfx/libmodules__hal_nordic__nrfx.a(nrfx_gpiote.c.obj)
                0x0000000000005e32                nrfx_gpiote_trigger_disable
 .text.nrfx_gpiote_in_event_get
                0x0000000000005e36        0x4 modules/hal_nordic/modules/hal_nordic/nrfx/libmodules__hal_nordic__nrfx.a(nrfx_gpiote.c.obj)
                0x0000000000005e36                nrfx_gpiote_in_event_get
 .text.nrf_gpio_pin_set
                0x0000000000005e3a       0x1a modules/hal_nordic/modules/hal_nordic/nrfx/libmodules__hal_nordic__nrfx.a(nrfx_spi.c.obj)
 .text.nrf_gpio_pin_clear
                0x0000000000005e54       0x1a modules/hal_nordic/modules/hal_nordic/nrfx/libmodules__hal_nordic__nrfx.a(nrfx_spi.c.obj)
 .text.transfer_byte
                0x0000000000005e6e       0x66 modules/hal_nordic/modules/hal_nordic/nrfx/libmodules__hal_nordic__nrfx.a(nrfx_spi.c.obj)
 .text.__nrfy_internal_spim_event_handle
                0x0000000000005ed4       0x2a modules/hal_nordic/modules/hal_nordic/nrfx/libmodules__hal_nordic__nrfx.a(nrfx_spim.c.obj)
 .text.__nrfy_internal_spim_events_process
                0x0000000000005efe       0x7c modules/hal_nordic/modules/hal_nordic/nrfx/libmodules__hal_nordic__nrfx.a(nrfx_spim.c.obj)
 .text.nrf_gpio_pin_set
                0x0000000000005f7a       0x1a modules/hal_nordic/modules/hal_nordic/nrfx/libmodules__hal_nordic__nrfx.a(nrfx_spim.c.obj)
 .text.nrf_gpio_pin_clear
                0x0000000000005f94       0x1a modules/hal_nordic/modules/hal_nordic/nrfx/libmodules__hal_nordic__nrfx.a(nrfx_spim.c.obj)
 .text.spim_abort
                0x0000000000005fae       0x38 modules/hal_nordic/modules/hal_nordic/nrfx/libmodules__hal_nordic__nrfx.a(nrfx_spim.c.obj)
 .text.nrfx_spim_init
                0x0000000000005fe6       0x40 modules/hal_nordic/modules/hal_nordic/nrfx/libmodules__hal_nordic__nrfx.a(nrfx_spim.c.obj)
                0x0000000000005fe6                nrfx_spim_init
 .text.nrfx_spim_xfer
                0x0000000000006026      0x158 modules/hal_nordic/modules/hal_nordic/nrfx/libmodules__hal_nordic__nrfx.a(nrfx_spim.c.obj)
                0x0000000000006026                nrfx_spim_xfer
 .text.nrfx_spim_irq_handler
                0x000000000000617e       0x4e modules/hal_nordic/modules/hal_nordic/nrfx/libmodules__hal_nordic__nrfx.a(nrfx_spim.c.obj)
                0x000000000000617e                nrfx_spim_irq_handler
 .text.z_impl_k_busy_wait
                0x00000000000061cc        0x8 zephyr/kernel/libkernel.a(busy_wait.c.obj)
                0x00000000000061cc                z_impl_k_busy_wait
 .text.do_device_init
                0x00000000000061d4       0x30 zephyr/kernel/libkernel.a(device.c.obj)
                0x00000000000061d4                do_device_init
 .text.z_impl_device_is_ready
                0x0000000000006204       0x16 zephyr/kernel/libkernel.a(device.c.obj)
                0x0000000000006204                z_impl_device_is_ready
 .text.arch_system_halt
                0x000000000000621a       0x10 zephyr/kernel/libkernel.a(fatal.c.obj)
                0x000000000000621a                arch_system_halt
 .text.k_sys_fatal_error_handler
                0x000000000000622a        0x6 zephyr/kernel/libkernel.a(fatal.c.obj)
                0x000000000000622a                k_sys_fatal_error_handler
 .text.idle     0x0000000000006230       0x16 zephyr/kernel/libkernel.a(idle.c.obj)
                0x0000000000006230                idle
 .text.flag_test_and_clear
                0x0000000000006246       0x16 zephyr/kernel/libkernel.a(work.c.obj)
 .text.k_is_in_isr
                0x000000000000625c        0xc zephyr/kernel/libkernel.a(thread.c.obj)
                0x000000000000625c                k_is_in_isr
 .text.sys_dlist_remove
                0x0000000000006268       0x10 zephyr/kernel/libkernel.a(sched.c.obj)
 .text.unpend_thread_no_timeout
                0x0000000000006278       0x14 zephyr/kernel/libkernel.a(sched.c.obj)
 .text.add_to_waitq_locked
                0x000000000000628c       0x50 zephyr/kernel/libkernel.a(sched.c.obj)
 .text.z_ready_thread
                0x00000000000062dc       0x1e zephyr/kernel/libkernel.a(sched.c.obj)
                0x00000000000062dc                z_ready_thread
 .text.z_sched_wake_thread
                0x00000000000062fa       0x3a zephyr/kernel/libkernel.a(sched.c.obj)
                0x00000000000062fa                z_sched_wake_thread
 .text.z_thread_timeout
                0x0000000000006334        0x8 zephyr/kernel/libkernel.a(sched.c.obj)
                0x0000000000006334                z_thread_timeout
 .text.z_impl_k_sleep
                0x000000000000633c       0x4e zephyr/kernel/libkernel.a(sched.c.obj)
                0x000000000000633c                z_impl_k_sleep
 .text.z_sched_wake
                0x000000000000638a       0x46 zephyr/kernel/libkernel.a(sched.c.obj)
                0x000000000000638a                z_sched_wake
 .text.next_timeout
                0x00000000000063d0       0x2e zephyr/kernel/libkernel.a(timeout.c.obj)
 .text.z_abort_timeout
                0x00000000000063fe       0x50 zephyr/kernel/libkernel.a(timeout.c.obj)
                0x00000000000063fe                z_abort_timeout
 .text.sys_clock_tick_get_32
                0x000000000000644e        0x8 zephyr/kernel/libkernel.a(timeout.c.obj)
                0x000000000000644e                sys_clock_tick_get_32
 .text.memcpy   0x0000000000006456       0x1c c:\ncs\toolchains\66cdf9b75e\opt\zephyr-sdk\arm-zephyr-eabi\bin\../lib/gcc/../../picolibc/arm-zephyr-eabi/lib/thumb/v7e-m/nofp\libc.a(memcpy.c.o)
                0x0000000000006456                __aeabi_memcpy
                0x0000000000006456                __aeabi_memcpy4
                0x0000000000006456                __aeabi_memcpy8
                0x0000000000006456                memcpy
 .text.memset   0x0000000000006472       0x10 c:\ncs\toolchains\66cdf9b75e\opt\zephyr-sdk\arm-zephyr-eabi\bin\../lib/gcc/../../picolibc/arm-zephyr-eabi/lib/thumb/v7e-m/nofp\libc.a(memset.c.o)
                0x0000000000006472                memset
 .text.strncpy  0x0000000000006482       0x20 c:\ncs\toolchains\66cdf9b75e\opt\zephyr-sdk\arm-zephyr-eabi\bin\../lib/gcc/../../picolibc/arm-zephyr-eabi/lib/thumb/v7e-m/nofp\libc.a(libc_string_strncpy.c.o)
                0x0000000000006482                strncpy
 .text.strnlen  0x00000000000064a2       0x18 c:\ncs\toolchains\66cdf9b75e\opt\zephyr-sdk\arm-zephyr-eabi\bin\../lib/gcc/../../picolibc/arm-zephyr-eabi/lib/thumb/v7e-m/nofp\libc.a(libc_string_strnlen.c.o)
                0x00000000000064a2                strnlen
 .text.__ultoa_invert
                0x00000000000064ba       0xae c:\ncs\toolchains\66cdf9b75e\opt\zephyr-sdk\arm-zephyr-eabi\bin\../lib/gcc/../../picolibc/arm-zephyr-eabi/lib/thumb/v7e-m/nofp\libc.a(libc_tinystdio_vflprintf.c.o)
 *(SORT_BY_ALIGNMENT(.TEXT.*))
 .TEXT.__aeabi_read_tp
                0x0000000000006568        0xc zephyr/arch/arch/arm/core/cortex_m/libarch__arm__core__cortex_m.a(__aeabi_read_tp.S.obj)
                0x0000000000006568                __aeabi_read_tp
 *(SORT_BY_ALIGNMENT(.gnu.linkonce.t.*))
 *(SORT_BY_ALIGNMENT(.glue_7t))
 .glue_7t       0x0000000000006574        0x0 linker stubs
 *(SORT_BY_ALIGNMENT(.glue_7))
 .glue_7        0x0000000000006574        0x0 linker stubs
 *(SORT_BY_ALIGNMENT(.vfp11_veneer))
 .vfp11_veneer  0x0000000000006574        0x0 linker stubs
 *(SORT_BY_ALIGNMENT(.v4_bx))
 .v4_bx         0x0000000000006574        0x0 linker stubs
                0x0000000000006574                . = ALIGN (0x4)
                0x0000000000006574                __text_region_end = .

.ARM.exidx      0x0000000000006574        0x8
                0x0000000000006574                __exidx_start = .
 *(SORT_BY_ALIGNMENT(.ARM.exidx*) SORT_BY_ALIGNMENT(gnu.linkonce.armexidx.*))
 .ARM.exidx     0x0000000000006574        0x8 c:/ncs/toolchains/66cdf9b75e/opt/zephyr-sdk/arm-zephyr-eabi/bin/../lib/gcc/arm-zephyr-eabi/12.2.0/thumb/v7e-m/nofp\libgcc.a(_udivmoddi4.o)
                0x000000000000657c                __exidx_end = .
                0x000000000000657c                __rodata_region_start = .

initlevel       0x000000000000657c       0x60
                0x000000000000657c                __init_start = .
                0x000000000000657c                __init_EARLY_start = .
 *(SORT_BY_NAME(SORT_BY_ALIGNMENT(.z_init_EARLY_P_?_*)))
 *(SORT_BY_NAME(SORT_BY_ALIGNMENT(.z_init_EARLY_P_??_*)))
 *(SORT_BY_NAME(SORT_BY_ALIGNMENT(.z_init_EARLY_P_???_*)))
                0x000000000000657c                __init_PRE_KERNEL_1_start = .
 *(SORT_BY_NAME(SORT_BY_ALIGNMENT(.z_init_PRE_KERNEL_1_P_?_*)))
 .z_init_PRE_KERNEL_1_P_0_SUB_0_
                0x000000000000657c        0x8 zephyr/soc/soc/nrf52833/libsoc__nordic.a(soc.c.obj)
 .z_init_PRE_KERNEL_1_P_0_SUB_0_
                0x0000000000006584        0x8 zephyr/soc/soc/nrf52833/libsoc__nordic.a(gppi_init.c.obj)
 *(SORT_BY_NAME(SORT_BY_ALIGNMENT(.z_init_PRE_KERNEL_1_P_??_*)))
 .z_init_PRE_KERNEL_1_P_30_SUB_00067_
                0x000000000000658c        0x8 zephyr/drivers/clock_control/libdrivers__clock_control.a(clock_control_nrf.c.obj)
 .z_init_PRE_KERNEL_1_P_40_SUB_00010_
                0x0000000000006594        0x8 zephyr/drivers/gpio/libdrivers__gpio.a(gpio_nrfx.c.obj)
 .z_init_PRE_KERNEL_1_P_40_SUB_00077_
                0x000000000000659c        0x8 zephyr/drivers/gpio/libdrivers__gpio.a(gpio_nrfx.c.obj)
 .z_init_PRE_KERNEL_1_P_50_SUB_00103_
                0x00000000000065a4        0x8 zephyr/drivers/serial/libdrivers__serial.a(uart_nrfx_uarte.c.obj)
 .z_init_PRE_KERNEL_1_P_60_SUB_0_
                0x00000000000065ac        0x8 zephyr/drivers/console/libdrivers__console.a(uart_console.c.obj)
 *(SORT_BY_NAME(SORT_BY_ALIGNMENT(.z_init_PRE_KERNEL_1_P_???_*)))
                0x00000000000065b4                __init_PRE_KERNEL_2_start = .
 *(SORT_BY_NAME(SORT_BY_ALIGNMENT(.z_init_PRE_KERNEL_2_P_?_*)))
 .z_init_PRE_KERNEL_2_P_0_SUB_0_
                0x00000000000065b4        0x8 zephyr/drivers/timer/libdrivers__timer.a(nrf_rtc_timer.c.obj)
 *(SORT_BY_NAME(SORT_BY_ALIGNMENT(.z_init_PRE_KERNEL_2_P_??_*)))
 *(SORT_BY_NAME(SORT_BY_ALIGNMENT(.z_init_PRE_KERNEL_2_P_???_*)))
                0x00000000000065bc                __init_POST_KERNEL_start = .
 *(SORT_BY_NAME(SORT_BY_ALIGNMENT(.z_init_POST_KERNEL_P_?_*)))
 *(SORT_BY_NAME(SORT_BY_ALIGNMENT(.z_init_POST_KERNEL_P_??_*)))
 .z_init_POST_KERNEL_P_35_SUB_0_
                0x00000000000065bc        0x8 zephyr/lib/libc/common/liblib__libc__common.a(malloc.c.obj)
 .z_init_POST_KERNEL_P_40_SUB_0_
                0x00000000000065c4        0x8 zephyr/kernel/libkernel.a(system_work_q.c.obj)
 .z_init_POST_KERNEL_P_50_SUB_00095_
                0x00000000000065cc        0x8 zephyr/drivers/spi/libdrivers__spi.a(spi_nrfx_spi.c.obj)
 .z_init_POST_KERNEL_P_50_SUB_00124_
                0x00000000000065d4        0x8 zephyr/drivers/spi/libdrivers__spi.a(spi_nrfx_spim.c.obj)
 *(SORT_BY_NAME(SORT_BY_ALIGNMENT(.z_init_POST_KERNEL_P_???_*)))
                0x00000000000065dc                __init_APPLICATION_start = .
 *(SORT_BY_NAME(SORT_BY_ALIGNMENT(.z_init_APPLICATION_P_?_*)))
 *(SORT_BY_NAME(SORT_BY_ALIGNMENT(.z_init_APPLICATION_P_??_*)))
 *(SORT_BY_NAME(SORT_BY_ALIGNMENT(.z_init_APPLICATION_P_???_*)))
                0x00000000000065dc                __init_SMP_start = .
 *(SORT_BY_NAME(SORT_BY_ALIGNMENT(.z_init_SMP_P_?_*)))
 *(SORT_BY_NAME(SORT_BY_ALIGNMENT(.z_init_SMP_P_??_*)))
 *(SORT_BY_NAME(SORT_BY_ALIGNMENT(.z_init_SMP_P_???_*)))
                0x00000000000065dc                __init_end = .

device_area     0x00000000000065dc       0xc0
                0x00000000000065dc                _device_list_start = .
 *(SORT_BY_NAME(SORT_BY_ALIGNMENT(._device.static.*_?_*)))
 *(SORT_BY_NAME(SORT_BY_ALIGNMENT(._device.static.*_??_*)))
 ._device.static.1_30_
                0x00000000000065dc       0x20 zephyr/drivers/clock_control/libdrivers__clock_control.a(clock_control_nrf.c.obj)
                0x00000000000065dc                __device_dts_ord_67
 ._device.static.1_40_
                0x00000000000065fc       0x40 zephyr/drivers/gpio/libdrivers__gpio.a(gpio_nrfx.c.obj)
                0x00000000000065fc                __device_dts_ord_77
                0x000000000000661c                __device_dts_ord_10
 ._device.static.1_50_
                0x000000000000663c       0x20 zephyr/drivers/serial/libdrivers__serial.a(uart_nrfx_uarte.c.obj)
                0x000000000000663c                __device_dts_ord_103
 ._device.static.3_50_
                0x000000000000665c       0x20 zephyr/drivers/spi/libdrivers__spi.a(spi_nrfx_spi.c.obj)
                0x000000000000665c                __device_dts_ord_95
 ._device.static.3_50_
                0x000000000000667c       0x20 zephyr/drivers/spi/libdrivers__spi.a(spi_nrfx_spim.c.obj)
                0x000000000000667c                __device_dts_ord_124
 *(SORT_BY_NAME(SORT_BY_ALIGNMENT(._device.static.*_???_*)))
 *(SORT_BY_NAME(SORT_BY_ALIGNMENT(._device.static.*_????_*)))
 *(SORT_BY_NAME(SORT_BY_ALIGNMENT(._device.static.*_?????_*)))
                0x000000000000669c                _device_list_end = .

sw_isr_table    0x000000000000669c      0x180
                0x000000000000669c                . = ALIGN (0x4)
 *(SORT_BY_ALIGNMENT(.gnu.linkonce.sw_isr_table*))
 .gnu.linkonce.sw_isr_table
                0x000000000000669c      0x180 zephyr/CMakeFiles/zephyr_final.dir/isr_tables.c.obj
                0x000000000000669c                _sw_isr_table

initlevel_error
                0x000000000000657c        0x0
 *(SORT_BY_NAME(SORT_BY_ALIGNMENT(.z_init_*)))
                0x0000000000000001                ASSERT ((SIZEOF (initlevel_error) == 0x0), Undefined initialization levels used.)

app_shmem_regions
                0x000000000000681c        0x0
                0x000000000000681c                __app_shmem_regions_start = .
 *(SORT_BY_NAME(SORT_BY_ALIGNMENT(.app_regions.*)))
                0x000000000000681c                __app_shmem_regions_end = .

k_p4wq_initparam_area
                0x000000000000681c        0x0
                0x000000000000681c                _k_p4wq_initparam_list_start = .
 *(SORT_BY_NAME(SORT_BY_ALIGNMENT(._k_p4wq_initparam.static.*)))
                0x000000000000681c                _k_p4wq_initparam_list_end = .

_static_thread_data_area
                0x000000000000681c        0x0
                0x000000000000681c                __static_thread_data_list_start = .
 *(SORT_BY_NAME(SORT_BY_ALIGNMENT(.__static_thread_data.static.*)))
                0x000000000000681c                __static_thread_data_list_end = .

device_deps     0x000000000000681c        0x0
                0x000000000000681c                __device_deps_start = .
 *(SORT_BY_NAME(SORT_BY_ALIGNMENT(.__device_deps_pass2*)))
                0x000000000000681c                __device_deps_end = .

gpio_driver_api_area
                0x000000000000681c       0x24
                0x000000000000681c                _gpio_driver_api_list_start = .
 *(SORT_BY_NAME(SORT_BY_ALIGNMENT(._gpio_driver_api.static.*)))
 ._gpio_driver_api.static.gpio_nrfx_drv_api_funcs_
                0x000000000000681c       0x24 zephyr/drivers/gpio/libdrivers__gpio.a(gpio_nrfx.c.obj)
                0x0000000000006840                _gpio_driver_api_list_end = .

spi_driver_api_area
                0x0000000000006840       0x10
                0x0000000000006840                _spi_driver_api_list_start = .
 *(SORT_BY_NAME(SORT_BY_ALIGNMENT(._spi_driver_api.static.*)))
 ._spi_driver_api.static.spi_nrfx_driver_api_
                0x0000000000006840        0x8 zephyr/drivers/spi/libdrivers__spi.a(spi_nrfx_spi.c.obj)
 ._spi_driver_api.static.spi_nrfx_driver_api_
                0x0000000000006848        0x8 zephyr/drivers/spi/libdrivers__spi.a(spi_nrfx_spim.c.obj)
                0x0000000000006850                _spi_driver_api_list_end = .

shared_irq_driver_api_area
                0x0000000000006850        0x0
                0x0000000000006850                _shared_irq_driver_api_list_start = .
 *(SORT_BY_NAME(SORT_BY_ALIGNMENT(._shared_irq_driver_api.static.*)))
                0x0000000000006850                _shared_irq_driver_api_list_end = .

crypto_driver_api_area
                0x0000000000006850        0x0
                0x0000000000006850                _crypto_driver_api_list_start = .
 *(SORT_BY_NAME(SORT_BY_ALIGNMENT(._crypto_driver_api.static.*)))
                0x0000000000006850                _crypto_driver_api_list_end = .

adc_driver_api_area
                0x0000000000006850        0x0
                0x0000000000006850                _adc_driver_api_list_start = .
 *(SORT_BY_NAME(SORT_BY_ALIGNMENT(._adc_driver_api.static.*)))
                0x0000000000006850                _adc_driver_api_list_end = .

auxdisplay_driver_api_area
                0x0000000000006850        0x0
                0x0000000000006850                _auxdisplay_driver_api_list_start = .
 *(SORT_BY_NAME(SORT_BY_ALIGNMENT(._auxdisplay_driver_api.static.*)))
                0x0000000000006850                _auxdisplay_driver_api_list_end = .

bbram_driver_api_area
                0x0000000000006850        0x0
                0x0000000000006850                _bbram_driver_api_list_start = .
 *(SORT_BY_NAME(SORT_BY_ALIGNMENT(._bbram_driver_api.static.*)))
                0x0000000000006850                _bbram_driver_api_list_end = .

bt_hci_driver_api_area
                0x0000000000006850        0x0
                0x0000000000006850                _bt_hci_driver_api_list_start = .
 *(SORT_BY_NAME(SORT_BY_ALIGNMENT(._bt_hci_driver_api.static.*)))
                0x0000000000006850                _bt_hci_driver_api_list_end = .

can_driver_api_area
                0x0000000000006850        0x0
                0x0000000000006850                _can_driver_api_list_start = .
 *(SORT_BY_NAME(SORT_BY_ALIGNMENT(._can_driver_api.static.*)))
                0x0000000000006850                _can_driver_api_list_end = .

cellular_driver_api_area
                0x0000000000006850        0x0
                0x0000000000006850                _cellular_driver_api_list_start = .
 *(SORT_BY_NAME(SORT_BY_ALIGNMENT(._cellular_driver_api.static.*)))
                0x0000000000006850                _cellular_driver_api_list_end = .

charger_driver_api_area
                0x0000000000006850        0x0
                0x0000000000006850                _charger_driver_api_list_start = .
 *(SORT_BY_NAME(SORT_BY_ALIGNMENT(._charger_driver_api.static.*)))
                0x0000000000006850                _charger_driver_api_list_end = .

clock_control_driver_api_area
                0x0000000000006850       0x1c
                0x0000000000006850                _clock_control_driver_api_list_start = .
 *(SORT_BY_NAME(SORT_BY_ALIGNMENT(._clock_control_driver_api.static.*)))
 ._clock_control_driver_api.static.clock_control_api_
                0x0000000000006850       0x1c zephyr/drivers/clock_control/libdrivers__clock_control.a(clock_control_nrf.c.obj)
                0x000000000000686c                _clock_control_driver_api_list_end = .

comparator_driver_api_area
                0x000000000000686c        0x0
                0x000000000000686c                _comparator_driver_api_list_start = .
 *(SORT_BY_NAME(SORT_BY_ALIGNMENT(._comparator_driver_api.static.*)))
                0x000000000000686c                _comparator_driver_api_list_end = .

coredump_driver_api_area
                0x000000000000686c        0x0
                0x000000000000686c                _coredump_driver_api_list_start = .
 *(SORT_BY_NAME(SORT_BY_ALIGNMENT(._coredump_driver_api.static.*)))
                0x000000000000686c                _coredump_driver_api_list_end = .

counter_driver_api_area
                0x000000000000686c        0x0
                0x000000000000686c                _counter_driver_api_list_start = .
 *(SORT_BY_NAME(SORT_BY_ALIGNMENT(._counter_driver_api.static.*)))
                0x000000000000686c                _counter_driver_api_list_end = .

crc_driver_api_area
                0x000000000000686c        0x0
                0x000000000000686c                _crc_driver_api_list_start = .
 *(SORT_BY_NAME(SORT_BY_ALIGNMENT(._crc_driver_api.static.*)))
                0x000000000000686c                _crc_driver_api_list_end = .

dac_driver_api_area
                0x000000000000686c        0x0
                0x000000000000686c                _dac_driver_api_list_start = .
 *(SORT_BY_NAME(SORT_BY_ALIGNMENT(._dac_driver_api.static.*)))
                0x000000000000686c                _dac_driver_api_list_end = .

dai_driver_api_area
                0x000000000000686c        0x0
                0x000000000000686c                _dai_driver_api_list_start = .
 *(SORT_BY_NAME(SORT_BY_ALIGNMENT(._dai_driver_api.static.*)))
                0x000000000000686c                _dai_driver_api_list_end = .

display_driver_api_area
                0x000000000000686c        0x0
                0x000000000000686c                _display_driver_api_list_start = .
 *(SORT_BY_NAME(SORT_BY_ALIGNMENT(._display_driver_api.static.*)))
                0x000000000000686c                _display_driver_api_list_end = .

dma_driver_api_area
                0x000000000000686c        0x0
                0x000000000000686c                _dma_driver_api_list_start = .
 *(SORT_BY_NAME(SORT_BY_ALIGNMENT(._dma_driver_api.static.*)))
                0x000000000000686c                _dma_driver_api_list_end = .

edac_driver_api_area
                0x000000000000686c        0x0
                0x000000000000686c                _edac_driver_api_list_start = .
 *(SORT_BY_NAME(SORT_BY_ALIGNMENT(._edac_driver_api.static.*)))
                0x000000000000686c                _edac_driver_api_list_end = .

eeprom_driver_api_area
                0x000000000000686c        0x0
                0x000000000000686c                _eeprom_driver_api_list_start = .
 *(SORT_BY_NAME(SORT_BY_ALIGNMENT(._eeprom_driver_api.static.*)))
                0x000000000000686c                _eeprom_driver_api_list_end = .

emul_bbram_driver_api_area
                0x000000000000686c        0x0
                0x000000000000686c                _emul_bbram_driver_api_list_start = .
 *(SORT_BY_NAME(SORT_BY_ALIGNMENT(._emul_bbram_driver_api.static.*)))
                0x000000000000686c                _emul_bbram_driver_api_list_end = .

fuel_gauge_emul_driver_api_area
                0x000000000000686c        0x0
                0x000000000000686c                _fuel_gauge_emul_driver_api_list_start = .
 *(SORT_BY_NAME(SORT_BY_ALIGNMENT(._fuel_gauge_emul_driver_api.static.*)))
                0x000000000000686c                _fuel_gauge_emul_driver_api_list_end = .

emul_sensor_driver_api_area
                0x000000000000686c        0x0
                0x000000000000686c                _emul_sensor_driver_api_list_start = .
 *(SORT_BY_NAME(SORT_BY_ALIGNMENT(._emul_sensor_driver_api.static.*)))
                0x000000000000686c                _emul_sensor_driver_api_list_end = .

entropy_driver_api_area
                0x000000000000686c        0x0
                0x000000000000686c                _entropy_driver_api_list_start = .
 *(SORT_BY_NAME(SORT_BY_ALIGNMENT(._entropy_driver_api.static.*)))
                0x000000000000686c                _entropy_driver_api_list_end = .

espi_driver_api_area
                0x000000000000686c        0x0
                0x000000000000686c                _espi_driver_api_list_start = .
 *(SORT_BY_NAME(SORT_BY_ALIGNMENT(._espi_driver_api.static.*)))
                0x000000000000686c                _espi_driver_api_list_end = .

espi_saf_driver_api_area
                0x000000000000686c        0x0
                0x000000000000686c                _espi_saf_driver_api_list_start = .
 *(SORT_BY_NAME(SORT_BY_ALIGNMENT(._espi_saf_driver_api.static.*)))
                0x000000000000686c                _espi_saf_driver_api_list_end = .

flash_driver_api_area
                0x000000000000686c        0x0
                0x000000000000686c                _flash_driver_api_list_start = .
 *(SORT_BY_NAME(SORT_BY_ALIGNMENT(._flash_driver_api.static.*)))
                0x000000000000686c                _flash_driver_api_list_end = .

fpga_driver_api_area
                0x000000000000686c        0x0
                0x000000000000686c                _fpga_driver_api_list_start = .
 *(SORT_BY_NAME(SORT_BY_ALIGNMENT(._fpga_driver_api.static.*)))
                0x000000000000686c                _fpga_driver_api_list_end = .

fuel_gauge_driver_api_area
                0x000000000000686c        0x0
                0x000000000000686c                _fuel_gauge_driver_api_list_start = .
 *(SORT_BY_NAME(SORT_BY_ALIGNMENT(._fuel_gauge_driver_api.static.*)))
                0x000000000000686c                _fuel_gauge_driver_api_list_end = .

gnss_driver_api_area
                0x000000000000686c        0x0
                0x000000000000686c                _gnss_driver_api_list_start = .
 *(SORT_BY_NAME(SORT_BY_ALIGNMENT(._gnss_driver_api.static.*)))
                0x000000000000686c                _gnss_driver_api_list_end = .

haptics_driver_api_area
                0x000000000000686c        0x0
                0x000000000000686c                _haptics_driver_api_list_start = .
 *(SORT_BY_NAME(SORT_BY_ALIGNMENT(._haptics_driver_api.static.*)))
                0x000000000000686c                _haptics_driver_api_list_end = .

hwspinlock_driver_api_area
                0x000000000000686c        0x0
                0x000000000000686c                _hwspinlock_driver_api_list_start = .
 *(SORT_BY_NAME(SORT_BY_ALIGNMENT(._hwspinlock_driver_api.static.*)))
                0x000000000000686c                _hwspinlock_driver_api_list_end = .

i2c_driver_api_area
                0x000000000000686c        0x0
                0x000000000000686c                _i2c_driver_api_list_start = .
 *(SORT_BY_NAME(SORT_BY_ALIGNMENT(._i2c_driver_api.static.*)))
                0x000000000000686c                _i2c_driver_api_list_end = .

i2c_target_driver_api_area
                0x000000000000686c        0x0
                0x000000000000686c                _i2c_target_driver_api_list_start = .
 *(SORT_BY_NAME(SORT_BY_ALIGNMENT(._i2c_target_driver_api.static.*)))
                0x000000000000686c                _i2c_target_driver_api_list_end = .

i2s_driver_api_area
                0x000000000000686c        0x0
                0x000000000000686c                _i2s_driver_api_list_start = .
 *(SORT_BY_NAME(SORT_BY_ALIGNMENT(._i2s_driver_api.static.*)))
                0x000000000000686c                _i2s_driver_api_list_end = .

i3c_driver_api_area
                0x000000000000686c        0x0
                0x000000000000686c                _i3c_driver_api_list_start = .
 *(SORT_BY_NAME(SORT_BY_ALIGNMENT(._i3c_driver_api.static.*)))
                0x000000000000686c                _i3c_driver_api_list_end = .

ipm_driver_api_area
                0x000000000000686c        0x0
                0x000000000000686c                _ipm_driver_api_list_start = .
 *(SORT_BY_NAME(SORT_BY_ALIGNMENT(._ipm_driver_api.static.*)))
                0x000000000000686c                _ipm_driver_api_list_end = .

led_driver_api_area
                0x000000000000686c        0x0
                0x000000000000686c                _led_driver_api_list_start = .
 *(SORT_BY_NAME(SORT_BY_ALIGNMENT(._led_driver_api.static.*)))
                0x000000000000686c                _led_driver_api_list_end = .

led_strip_driver_api_area
                0x000000000000686c        0x0
                0x000000000000686c                _led_strip_driver_api_list_start = .
 *(SORT_BY_NAME(SORT_BY_ALIGNMENT(._led_strip_driver_api.static.*)))
                0x000000000000686c                _led_strip_driver_api_list_end = .

lora_driver_api_area
                0x000000000000686c        0x0
                0x000000000000686c                _lora_driver_api_list_start = .
 *(SORT_BY_NAME(SORT_BY_ALIGNMENT(._lora_driver_api.static.*)))
                0x000000000000686c                _lora_driver_api_list_end = .

mbox_driver_api_area
                0x000000000000686c        0x0
                0x000000000000686c                _mbox_driver_api_list_start = .
 *(SORT_BY_NAME(SORT_BY_ALIGNMENT(._mbox_driver_api.static.*)))
                0x000000000000686c                _mbox_driver_api_list_end = .

mdio_driver_api_area
                0x000000000000686c        0x0
                0x000000000000686c                _mdio_driver_api_list_start = .
 *(SORT_BY_NAME(SORT_BY_ALIGNMENT(._mdio_driver_api.static.*)))
                0x000000000000686c                _mdio_driver_api_list_end = .

mipi_dbi_driver_api_area
                0x000000000000686c        0x0
                0x000000000000686c                _mipi_dbi_driver_api_list_start = .
 *(SORT_BY_NAME(SORT_BY_ALIGNMENT(._mipi_dbi_driver_api.static.*)))
                0x000000000000686c                _mipi_dbi_driver_api_list_end = .

mipi_dsi_driver_api_area
                0x000000000000686c        0x0
                0x000000000000686c                _mipi_dsi_driver_api_list_start = .
 *(SORT_BY_NAME(SORT_BY_ALIGNMENT(._mipi_dsi_driver_api.static.*)))
                0x000000000000686c                _mipi_dsi_driver_api_list_end = .

mspi_driver_api_area
                0x000000000000686c        0x0
                0x000000000000686c                _mspi_driver_api_list_start = .
 *(SORT_BY_NAME(SORT_BY_ALIGNMENT(._mspi_driver_api.static.*)))
                0x000000000000686c                _mspi_driver_api_list_end = .

peci_driver_api_area
                0x000000000000686c        0x0
                0x000000000000686c                _peci_driver_api_list_start = .
 *(SORT_BY_NAME(SORT_BY_ALIGNMENT(._peci_driver_api.static.*)))
                0x000000000000686c                _peci_driver_api_list_end = .

ps2_driver_api_area
                0x000000000000686c        0x0
                0x000000000000686c                _ps2_driver_api_list_start = .
 *(SORT_BY_NAME(SORT_BY_ALIGNMENT(._ps2_driver_api.static.*)))
                0x000000000000686c                _ps2_driver_api_list_end = .

ptp_clock_driver_api_area
                0x000000000000686c        0x0
                0x000000000000686c                _ptp_clock_driver_api_list_start = .
 *(SORT_BY_NAME(SORT_BY_ALIGNMENT(._ptp_clock_driver_api.static.*)))
                0x000000000000686c                _ptp_clock_driver_api_list_end = .

pwm_driver_api_area
                0x000000000000686c        0x0
                0x000000000000686c                _pwm_driver_api_list_start = .
 *(SORT_BY_NAME(SORT_BY_ALIGNMENT(._pwm_driver_api.static.*)))
                0x000000000000686c                _pwm_driver_api_list_end = .

regulator_parent_driver_api_area
                0x000000000000686c        0x0
                0x000000000000686c                _regulator_parent_driver_api_list_start = .
 *(SORT_BY_NAME(SORT_BY_ALIGNMENT(._regulator_parent_driver_api.static.*)))
                0x000000000000686c                _regulator_parent_driver_api_list_end = .

regulator_driver_api_area
                0x000000000000686c        0x0
                0x000000000000686c                _regulator_driver_api_list_start = .
 *(SORT_BY_NAME(SORT_BY_ALIGNMENT(._regulator_driver_api.static.*)))
                0x000000000000686c                _regulator_driver_api_list_end = .

reset_driver_api_area
                0x000000000000686c        0x0
                0x000000000000686c                _reset_driver_api_list_start = .
 *(SORT_BY_NAME(SORT_BY_ALIGNMENT(._reset_driver_api.static.*)))
                0x000000000000686c                _reset_driver_api_list_end = .

retained_mem_driver_api_area
                0x000000000000686c        0x0
                0x000000000000686c                _retained_mem_driver_api_list_start = .
 *(SORT_BY_NAME(SORT_BY_ALIGNMENT(._retained_mem_driver_api.static.*)))
                0x000000000000686c                _retained_mem_driver_api_list_end = .

rtc_driver_api_area
                0x000000000000686c        0x0
                0x000000000000686c                _rtc_driver_api_list_start = .
 *(SORT_BY_NAME(SORT_BY_ALIGNMENT(._rtc_driver_api.static.*)))
                0x000000000000686c                _rtc_driver_api_list_end = .

sdhc_driver_api_area
                0x000000000000686c        0x0
                0x000000000000686c                _sdhc_driver_api_list_start = .
 *(SORT_BY_NAME(SORT_BY_ALIGNMENT(._sdhc_driver_api.static.*)))
                0x000000000000686c                _sdhc_driver_api_list_end = .

sensor_driver_api_area
                0x000000000000686c        0x0
                0x000000000000686c                _sensor_driver_api_list_start = .
 *(SORT_BY_NAME(SORT_BY_ALIGNMENT(._sensor_driver_api.static.*)))
                0x000000000000686c                _sensor_driver_api_list_end = .

smbus_driver_api_area
                0x000000000000686c        0x0
                0x000000000000686c                _smbus_driver_api_list_start = .
 *(SORT_BY_NAME(SORT_BY_ALIGNMENT(._smbus_driver_api.static.*)))
                0x000000000000686c                _smbus_driver_api_list_end = .

stepper_driver_api_area
                0x000000000000686c        0x0
                0x000000000000686c                _stepper_driver_api_list_start = .
 *(SORT_BY_NAME(SORT_BY_ALIGNMENT(._stepper_driver_api.static.*)))
                0x000000000000686c                _stepper_driver_api_list_end = .

syscon_driver_api_area
                0x000000000000686c        0x0
                0x000000000000686c                _syscon_driver_api_list_start = .
 *(SORT_BY_NAME(SORT_BY_ALIGNMENT(._syscon_driver_api.static.*)))
                0x000000000000686c                _syscon_driver_api_list_end = .

tee_driver_api_area
                0x000000000000686c        0x0
                0x000000000000686c                _tee_driver_api_list_start = .
 *(SORT_BY_NAME(SORT_BY_ALIGNMENT(._tee_driver_api.static.*)))
                0x000000000000686c                _tee_driver_api_list_end = .

video_driver_api_area
                0x000000000000686c        0x0
                0x000000000000686c                _video_driver_api_list_start = .
 *(SORT_BY_NAME(SORT_BY_ALIGNMENT(._video_driver_api.static.*)))
                0x000000000000686c                _video_driver_api_list_end = .

virtio_driver_api_area
                0x000000000000686c        0x0
                0x000000000000686c                _virtio_driver_api_list_start = .
 *(SORT_BY_NAME(SORT_BY_ALIGNMENT(._virtio_driver_api.static.*)))
                0x000000000000686c                _virtio_driver_api_list_end = .

w1_driver_api_area
                0x000000000000686c        0x0
                0x000000000000686c                _w1_driver_api_list_start = .
 *(SORT_BY_NAME(SORT_BY_ALIGNMENT(._w1_driver_api.static.*)))
                0x000000000000686c                _w1_driver_api_list_end = .

wdt_driver_api_area
                0x000000000000686c        0x0
                0x000000000000686c                _wdt_driver_api_list_start = .
 *(SORT_BY_NAME(SORT_BY_ALIGNMENT(._wdt_driver_api.static.*)))
                0x000000000000686c                _wdt_driver_api_list_end = .

can_transceiver_driver_api_area
                0x000000000000686c        0x0
                0x000000000000686c                _can_transceiver_driver_api_list_start = .
 *(SORT_BY_NAME(SORT_BY_ALIGNMENT(._can_transceiver_driver_api.static.*)))
                0x000000000000686c                _can_transceiver_driver_api_list_end = .

nrf_clock_control_driver_api_area
                0x000000000000686c        0x0
                0x000000000000686c                _nrf_clock_control_driver_api_list_start = .
 *(SORT_BY_NAME(SORT_BY_ALIGNMENT(._nrf_clock_control_driver_api.static.*)))
                0x000000000000686c                _nrf_clock_control_driver_api_list_end = .

i3c_target_driver_api_area
                0x000000000000686c        0x0
                0x000000000000686c                _i3c_target_driver_api_list_start = .
 *(SORT_BY_NAME(SORT_BY_ALIGNMENT(._i3c_target_driver_api.static.*)))
                0x000000000000686c                _i3c_target_driver_api_list_end = .

its_driver_api_area
                0x000000000000686c        0x0
                0x000000000000686c                _its_driver_api_list_start = .
 *(SORT_BY_NAME(SORT_BY_ALIGNMENT(._its_driver_api.static.*)))
                0x000000000000686c                _its_driver_api_list_end = .

vtd_driver_api_area
                0x000000000000686c        0x0
                0x000000000000686c                _vtd_driver_api_list_start = .
 *(SORT_BY_NAME(SORT_BY_ALIGNMENT(._vtd_driver_api.static.*)))
                0x000000000000686c                _vtd_driver_api_list_end = .

renesas_elc_driver_api_area
                0x000000000000686c        0x0
                0x000000000000686c                _renesas_elc_driver_api_list_start = .
 *(SORT_BY_NAME(SORT_BY_ALIGNMENT(._renesas_elc_driver_api.static.*)))
                0x000000000000686c                _renesas_elc_driver_api_list_end = .

tgpio_driver_api_area
                0x000000000000686c        0x0
                0x000000000000686c                _tgpio_driver_api_list_start = .
 *(SORT_BY_NAME(SORT_BY_ALIGNMENT(._tgpio_driver_api.static.*)))
                0x000000000000686c                _tgpio_driver_api_list_end = .

pcie_ctrl_driver_api_area
                0x000000000000686c        0x0
                0x000000000000686c                _pcie_ctrl_driver_api_list_start = .
 *(SORT_BY_NAME(SORT_BY_ALIGNMENT(._pcie_ctrl_driver_api.static.*)))
                0x000000000000686c                _pcie_ctrl_driver_api_list_end = .

pcie_ep_driver_api_area
                0x000000000000686c        0x0
                0x000000000000686c                _pcie_ep_driver_api_list_start = .
 *(SORT_BY_NAME(SORT_BY_ALIGNMENT(._pcie_ep_driver_api.static.*)))
                0x000000000000686c                _pcie_ep_driver_api_list_end = .

psi5_driver_api_area
                0x000000000000686c        0x0
                0x000000000000686c                _psi5_driver_api_list_start = .
 *(SORT_BY_NAME(SORT_BY_ALIGNMENT(._psi5_driver_api.static.*)))
                0x000000000000686c                _psi5_driver_api_list_end = .

sent_driver_api_area
                0x000000000000686c        0x0
                0x000000000000686c                _sent_driver_api_list_start = .
 *(SORT_BY_NAME(SORT_BY_ALIGNMENT(._sent_driver_api.static.*)))
                0x000000000000686c                _sent_driver_api_list_end = .

svc_driver_api_area
                0x000000000000686c        0x0
                0x000000000000686c                _svc_driver_api_list_start = .
 *(SORT_BY_NAME(SORT_BY_ALIGNMENT(._svc_driver_api.static.*)))
                0x000000000000686c                _svc_driver_api_list_end = .

uart_driver_api_area
                0x000000000000686c        0xc
                0x000000000000686c                _uart_driver_api_list_start = .
 *(SORT_BY_NAME(SORT_BY_ALIGNMENT(._uart_driver_api.static.*)))
 ._uart_driver_api.static.uart_nrfx_uarte_driver_api_
                0x000000000000686c        0xc zephyr/drivers/serial/libdrivers__serial.a(uart_nrfx_uarte.c.obj)
                0x0000000000006878                _uart_driver_api_list_end = .

bc12_emul_driver_api_area
                0x0000000000006878        0x0
                0x0000000000006878                _bc12_emul_driver_api_list_start = .
 *(SORT_BY_NAME(SORT_BY_ALIGNMENT(._bc12_emul_driver_api.static.*)))
                0x0000000000006878                _bc12_emul_driver_api_list_end = .

bc12_driver_api_area
                0x0000000000006878        0x0
                0x0000000000006878                _bc12_driver_api_list_start = .
 *(SORT_BY_NAME(SORT_BY_ALIGNMENT(._bc12_driver_api.static.*)))
                0x0000000000006878                _bc12_driver_api_list_end = .

usbc_ppc_driver_api_area
                0x0000000000006878        0x0
                0x0000000000006878                _usbc_ppc_driver_api_list_start = .
 *(SORT_BY_NAME(SORT_BY_ALIGNMENT(._usbc_ppc_driver_api.static.*)))
                0x0000000000006878                _usbc_ppc_driver_api_list_end = .

tcpc_driver_api_area
                0x0000000000006878        0x0
                0x0000000000006878                _tcpc_driver_api_list_start = .
 *(SORT_BY_NAME(SORT_BY_ALIGNMENT(._tcpc_driver_api.static.*)))
                0x0000000000006878                _tcpc_driver_api_list_end = .

usbc_vbus_driver_api_area
                0x0000000000006878        0x0
                0x0000000000006878                _usbc_vbus_driver_api_list_start = .
 *(SORT_BY_NAME(SORT_BY_ALIGNMENT(._usbc_vbus_driver_api.static.*)))
                0x0000000000006878                _usbc_vbus_driver_api_list_end = .

ivshmem_driver_api_area
                0x0000000000006878        0x0
                0x0000000000006878                _ivshmem_driver_api_list_start = .
 *(SORT_BY_NAME(SORT_BY_ALIGNMENT(._ivshmem_driver_api.static.*)))
                0x0000000000006878                _ivshmem_driver_api_list_end = .

ethphy_driver_api_area
                0x0000000000006878        0x0
                0x0000000000006878                _ethphy_driver_api_list_start = .