Archive member included to satisfy reference by file (symbol)

app/libapp.a(main.c.obj)      (--whole-archive)
zephyr/libzephyr.a(validate_libc.c.obj)
                              (--whole-archive)
zephyr/libzephyr.a(heap.c.obj)
                              (--whole-archive)
zephyr/libzephyr.a(cbprintf_packaged.c.obj)
                              (--whole-archive)
zephyr/libzephyr.a(clock.c.obj)
                              (--whole-archive)
zephyr/libzephyr.a(printk.c.obj)
                              (--whole-archive)
zephyr/libzephyr.a(sem.c.obj)
                              (--whole-archive)
zephyr/libzephyr.a(thread_entry.c.obj)
                              (--whole-archive)
zephyr/libzephyr.a(cbprintf_complete.c.obj)
                              (--whole-archive)
zephyr/libzephyr.a(assert.c.obj)
                              (--whole-archive)
zephyr/libzephyr.a(dec.c.obj)
                              (--whole-archive)
zephyr/libzephyr.a(hex.c.obj)
                              (--whole-archive)
zephyr/libzephyr.a(rb.c.obj)  (--whole-archive)
zephyr/libzephyr.a(timeutil.c.obj)
                              (--whole-archive)
zephyr/libzephyr.a(bitarray.c.obj)
                              (--whole-archive)
zephyr/libzephyr.a(bitmask.c.obj)
                              (--whole-archive)
zephyr/libzephyr.a(onoff.c.obj)
                              (--whole-archive)
zephyr/libzephyr.a(notify.c.obj)
                              (--whole-archive)
zephyr/libzephyr.a(ring_buffer.c.obj)
                              (--whole-archive)
zephyr/libzephyr.a(last_section_id.c.obj)
                              (--whole-archive)
zephyr/libzephyr.a(configs.c.obj)
                              (--whole-archive)
zephyr/libzephyr.a(thread_info.c.obj)
                              (--whole-archive)
zephyr/libzephyr.a(mem_attr.c.obj)
                              (--whole-archive)
zephyr/libzephyr.a(tracing_none.c.obj)
                              (--whole-archive)
zephyr/libzephyr.a(banner.c.obj)
                              (--whole-archive)
zephyr/libzephyr.a(flash_map_partition_manager.c.obj)
                              (--whole-archive)
zephyr/arch/common/libarch__common.a(sw_isr_common.c.obj)
                              (--whole-archive)
zephyr/arch/common/libarch__common.a(init.c.obj)
                              (--whole-archive)
zephyr/arch/common/libarch__common.a(xip.c.obj)
                              (--whole-archive)
zephyr/arch/arch/arm/core/libarch__arm__core.a(fatal.c.obj)
                              (--whole-archive)
zephyr/arch/arch/arm/core/libarch__arm__core.a(nmi.c.obj)
                              (--whole-archive)
zephyr/arch/arch/arm/core/libarch__arm__core.a(nmi_on_reset.S.obj)
                              (--whole-archive)
zephyr/arch/arch/arm/core/libarch__arm__core.a(tls.c.obj)
                              (--whole-archive)
zephyr/arch/arch/arm/core/cortex_m/libarch__arm__core__cortex_m.a(exc_exit.c.obj)
                              (--whole-archive)
zephyr/arch/arch/arm/core/cortex_m/libarch__arm__core__cortex_m.a(fault.c.obj)
                              (--whole-archive)
zephyr/arch/arch/arm/core/cortex_m/libarch__arm__core__cortex_m.a(fault_s.S.obj)
                              (--whole-archive)
zephyr/arch/arch/arm/core/cortex_m/libarch__arm__core__cortex_m.a(fpu.c.obj)
                              (--whole-archive)
zephyr/arch/arch/arm/core/cortex_m/libarch__arm__core__cortex_m.a(reset.S.obj)
                              (--whole-archive)
zephyr/arch/arch/arm/core/cortex_m/libarch__arm__core__cortex_m.a(scb.c.obj)
                              (--whole-archive)
zephyr/arch/arch/arm/core/cortex_m/libarch__arm__core__cortex_m.a(thread_abort.c.obj)
                              (--whole-archive)
zephyr/arch/arch/arm/core/cortex_m/libarch__arm__core__cortex_m.a(vector_table.S.obj)
                              (--whole-archive)
zephyr/arch/arch/arm/core/cortex_m/libarch__arm__core__cortex_m.a(swap_helper.S.obj)
                              (--whole-archive)
zephyr/arch/arch/arm/core/cortex_m/libarch__arm__core__cortex_m.a(irq_manage.c.obj)
                              (--whole-archive)
zephyr/arch/arch/arm/core/cortex_m/libarch__arm__core__cortex_m.a(prep_c.c.obj)
                              (--whole-archive)
zephyr/arch/arch/arm/core/cortex_m/libarch__arm__core__cortex_m.a(thread.c.obj)
                              (--whole-archive)
zephyr/arch/arch/arm/core/cortex_m/libarch__arm__core__cortex_m.a(cpu_idle.c.obj)
                              (--whole-archive)
zephyr/arch/arch/arm/core/cortex_m/libarch__arm__core__cortex_m.a(irq_init.c.obj)
                              (--whole-archive)
zephyr/arch/arch/arm/core/cortex_m/libarch__arm__core__cortex_m.a(isr_wrapper.c.obj)
                              (--whole-archive)
zephyr/arch/arch/arm/core/cortex_m/libarch__arm__core__cortex_m.a(__aeabi_read_tp.S.obj)
                              (--whole-archive)
[...]
Memory Configuration

Name             Origin             Length             Attributes
FLASH            0x0000000000048000 0x000000000011d000 xr
RAM              0x0000000020013000 0x000000000001c000 xw
IDT_LIST         0x00000000ffff7fff 0x0000000000008000 xw
*default*        0x0000000000000000 0xffffffffffffffff

Linker script and memory map

                0x000000000004bdf8                vfprintf = __l_vfprintf
                0x0000000000000000                vfscanf = __l_vfscanf
LOAD zephyr/CMakeFiles/zephyr_final.dir/misc/empty_file.c.obj
LOAD zephyr/CMakeFiles/zephyr_final.dir/isr_tables.c.obj
LOAD zephyr/CMakeFiles/offsets.dir/./arch/arm/core/offsets/offsets.c.obj
LOAD tfm/api_ns/interface/lib/s_veneers.o
LOAD app/libapp.a
LOAD zephyr/libzephyr.a
LOAD zephyr/arch/common/libarch__common.a
LOAD zephyr/arch/arch/arm/core/libarch__arm__core.a
LOAD zephyr/arch/arch/arm/core/cortex_m/libarch__arm__core__cortex_m.a
LOAD zephyr/arch/arch/arm/core/cortex_m/cmse/libarch__arm__core__cortex_m__cmse.a
LOAD zephyr/arch/arch/arm/core/mpu/libarch__arm__core__mpu.a
LOAD zephyr/lib/libc/picolibc/liblib__libc__picolibc.a
LOAD zephyr/lib/libc/common/liblib__libc__common.a
LOAD zephyr/soc/soc/nrf54l15/libsoc__nordic.a
LOAD zephyr/drivers/clock_control/libdrivers__clock_control.a
LOAD zephyr/drivers/console/libdrivers__console.a
LOAD zephyr/drivers/gpio/libdrivers__gpio.a
LOAD zephyr/drivers/pinctrl/libdrivers__pinctrl.a
LOAD zephyr/drivers/serial/libdrivers__serial.a
LOAD zephyr/drivers/timer/libdrivers__timer.a
LOAD modules/nrf/subsys/nrf_security/src/zephyr/libmbedtls_zephyr.a
LOAD modules/nrf/modules/trusted-firmware-m/lib..__nrf__modules__trusted-firmware-m.a
LOAD modules/nrf/modules/trusted-firmware-m/libtfm_api_nrf.a
LOAD modules/trusted-firmware-m/libtfm_api.a
LOAD modules/hal_nordic/modules/hal_nordic/nrfx/libmodules__hal_nordic__nrfx.a
LOAD zephyr/kernel/libkernel.a
LOAD modules/nrf/subsys/nrf_security/src/libmbedcrypto.a
LOAD modules/nrf/subsys/nrf_security/src/libmbedcrypto_base.a
LOAD modules/nrf/subsys/nrf_security/src/libnrf_security_utils.a
LOAD zephyr/kernel/libkernel.a
LOAD C:/ncs/v3.2.1/nrfxlib/crypto/nrf_oberon/lib/cortex-m33/soft-float/liboberon_mbedtls_3.0.17.a
LOAD C:/ncs/v3.2.1/nrfxlib/crypto/nrf_oberon/lib/cortex-m33/soft-float/liboberon_3.0.17.a
LOAD zephyr/arch/common/libisr_tables.a
LOAD c:\ncs\toolchains\66cdf9b75e\opt\zephyr-sdk\arm-zephyr-eabi\bin\../lib/gcc/../../picolibc/arm-zephyr-eabi/lib/thumb/v8-m.main/nofp\libc.a
LOAD c:/ncs/toolchains/66cdf9b75e/opt/zephyr-sdk/arm-zephyr-eabi/bin/../lib/gcc/arm-zephyr-eabi/12.2.0/thumb/v8-m.main/nofp\libgcc.a
                0x0000000000000020                _region_min_align = 0x20

.rel.plt        0x0000000000048000        0x0
 *(SORT_BY_ALIGNMENT(.rel.plt))
                [!provide]                        PROVIDE (__rel_iplt_start = .)
 *(SORT_BY_ALIGNMENT(.rel.iplt))
 .rel.iplt      0x0000000000048000        0x0 zephyr/CMakeFiles/zephyr_final.dir/isr_tables.c.obj
                [!provide]                        PROVIDE (__rel_iplt_end = .)

.rela.plt       0x0000000000000000        0x0
 *(SORT_BY_ALIGNMENT(.rela.plt))
                [!provide]                        PROVIDE (__rela_iplt_start = .)
 *(SORT_BY_ALIGNMENT(.rela.iplt))
                [!provide]                        PROVIDE (__rela_iplt_end = .)

.rel.dyn
 *(SORT_BY_ALIGNMENT(.rel.*))

.rela.dyn
 *(SORT_BY_ALIGNMENT(.rela.*))

/DISCARD/
 *(SORT_BY_ALIGNMENT(.plt))

/DISCARD/
 *(SORT_BY_ALIGNMENT(.iplt))
                0x0000000000048000                __rom_region_start = 0x48000

rom_start       0x0000000000048000      0x47c
                0x0000000000048000                __rom_start_address = .
 FILL mask 0x00
                0x0000000000048000                . = (. + (0x0 - (. - __rom_start_address)))
                0x0000000000048000                . = ALIGN (0x4)
                0x0000000000048000                . = ALIGN (0x80)
                0x0000000000048000                . = ALIGN (0x800)
                0x0000000000048000                _vector_start = .
 *(SORT_BY_ALIGNMENT(.exc_vector_table))
 *(SORT_BY_ALIGNMENT(.exc_vector_table.*))
 .exc_vector_table._vector_table_section
                0x0000000000048000       0x40 zephyr/arch/arch/arm/core/cortex_m/libarch__arm__core__cortex_m.a(vector_table.S.obj)
                0x0000000000048000                _vector_table
 *(SORT_BY_ALIGNMENT(.vectors))
                0x000000000004847c                _vector_end = .
                0x0000000000048040                . = ALIGN (0x4)
 *(SORT_BY_ALIGNMENT(.gnu.linkonce.irq_vector_table*))
 .gnu.linkonce.irq_vector_table
                0x0000000000048040      0x43c zephyr/CMakeFiles/zephyr_final.dir/isr_tables.c.obj
                0x0000000000048040                _irq_vector_table
                0x000000000004847c                _vector_end = .

text            0x000000000004847c     0x4e20
                0x000000000004847c                __text_region_start = .
 *(SORT_BY_ALIGNMENT(.text))
 .text          0x000000000004847c       0x30 c:/ncs/toolchains/66cdf9b75e/opt/zephyr-sdk/arm-zephyr-eabi/bin/../lib/gcc/arm-zephyr-eabi/12.2.0/thumb/v8-m.main/nofp\libgcc.a(_aeabi_uldivmod.o)
                0x000000000004847c                __aeabi_uldivmod
 .text          0x00000000000484ac        0x4 c:/ncs/toolchains/66cdf9b75e/opt/zephyr-sdk/arm-zephyr-eabi/bin/../lib/gcc/arm-zephyr-eabi/12.2.0/thumb/v8-m.main/nofp\libgcc.a(_dvmd_tls.o)
                0x00000000000484ac                __aeabi_idiv0
                0x00000000000484ac                __aeabi_ldiv0
 .text          0x00000000000484b0      0x29c c:/ncs/toolchains/66cdf9b75e/opt/zephyr-sdk/arm-zephyr-eabi/bin/../lib/gcc/arm-zephyr-eabi/12.2.0/thumb/v8-m.main/nofp\libgcc.a(_udivmoddi4.o)
                0x00000000000484b0                __udivmoddi4
 *(SORT_BY_ALIGNMENT(.text.*))
 .text.char_out
                0x000000000004874c        0xc zephyr/libzephyr.a(printk.c.obj)
 .text.__printk_hook_install
                0x0000000000048758        0xc zephyr/libzephyr.a(printk.c.obj)
                0x0000000000048758                __printk_hook_install
 .text.vprintk  0x0000000000048764       0x30 zephyr/libzephyr.a(printk.c.obj)
                0x0000000000048764                vprintk
 .text.z_thread_entry
                0x0000000000048794       0x34 zephyr/libzephyr.a(thread_entry.c.obj)
                0x0000000000048794                z_thread_entry
 .text.process_event
                0x00000000000487c8      0x21c zephyr/libzephyr.a(onoff.c.obj)
 .text.mem_attr_get_regions
                0x00000000000489e4        0xc zephyr/libzephyr.a(mem_attr.c.obj)
                0x00000000000489e4                mem_attr_get_regions
 .text.boot_banner
                0x00000000000489f0       0x1c zephyr/libzephyr.a(banner.c.obj)
                0x00000000000489f0                boot_banner
 .text.arch_bss_zero
                0x0000000000048a0c       0x18 zephyr/arch/common/libarch__common.a(init.c.obj)
                0x0000000000048a0c                arch_bss_zero
 .text.arch_data_copy
                0x0000000000048a24       0x38 zephyr/arch/common/libarch__common.a(xip.c.obj)
                0x0000000000048a24                arch_data_copy
 .text.z_arm_fatal_error
                0x0000000000048a5c       0x60 zephyr/arch/arch/arm/core/libarch__arm__core.a(fatal.c.obj)
                0x0000000000048a5c                z_arm_fatal_error
 .text.z_SysNmiOnReset
                0x0000000000048abc        0x8 zephyr/arch/arch/arm/core/libarch__arm__core.a(nmi_on_reset.S.obj)
                0x0000000000048abc                z_SysNmiOnReset
 .text.arch_tls_stack_setup
                0x0000000000048ac4       0x40 zephyr/arch/arch/arm/core/libarch__arm__core.a(tls.c.obj)
                0x0000000000048ac4                arch_tls_stack_setup
 .text._HandlerModeExit
                0x0000000000048b04       0x20 zephyr/arch/arch/arm/core/cortex_m/libarch__arm__core__cortex_m.a(exc_exit.c.obj)
                0x0000000000048b04                z_arm_int_exit
                0x0000000000048b04                z_arm_exc_exit
 .text.usage_fault.constprop.0
                0x0000000000048b24       0xa8 zephyr/arch/arch/arm/core/cortex_m/libarch__arm__core__cortex_m.a(fault.c.obj)
 .text.bus_fault.constprop.0
                0x0000000000048bcc       0xb8 zephyr/arch/arch/arm/core/cortex_m/libarch__arm__core__cortex_m.a(fault.c.obj)
 .text.mem_manage_fault.constprop.0
                0x0000000000048c84       0xbc zephyr/arch/arch/arm/core/cortex_m/libarch__arm__core__cortex_m.a(fault.c.obj)
 .text.z_arm_fault
                0x0000000000048d40      0x1b0 zephyr/arch/arch/arm/core/cortex_m/libarch__arm__core__cortex_m.a(fault.c.obj)
                0x0000000000048d40                z_arm_fault
 .text.z_arm_fault_init
                0x0000000000048ef0       0x20 zephyr/arch/arch/arm/core/cortex_m/libarch__arm__core__cortex_m.a(fault.c.obj)
                0x0000000000048ef0                z_arm_fault_init
 .text.__fault  0x0000000000048f10       0x14 zephyr/arch/arch/arm/core/cortex_m/libarch__arm__core__cortex_m.a(fault_s.S.obj)
                0x0000000000048f10                z_arm_usage_fault
                0x0000000000048f10                z_arm_mpu_fault
                0x0000000000048f10                z_arm_exc_spurious
                0x0000000000048f10                z_arm_debug_monitor
                0x0000000000048f10                z_arm_hard_fault
                0x0000000000048f10                z_arm_bus_fault
 .text._reset_section
                0x0000000000048f24       0x68 zephyr/arch/arch/arm/core/cortex_m/libarch__arm__core__cortex_m.a(reset.S.obj)
                0x0000000000048f24                __start
                0x0000000000048f24                z_arm_reset
 .text.z_arm_clear_arm_mpu_config
                0x0000000000048f8c       0x24 zephyr/arch/arch/arm/core/cortex_m/libarch__arm__core__cortex_m.a(scb.c.obj)
                0x0000000000048f8c                z_arm_clear_arm_mpu_config
 .text.z_arm_init_arch_hw_at_boot
                0x0000000000048fb0       0x4c zephyr/arch/arch/arm/core/cortex_m/libarch__arm__core__cortex_m.a(scb.c.obj)
                0x0000000000048fb0                z_arm_init_arch_hw_at_boot
 .text.z_impl_k_thread_abort
                0x0000000000048ffc       0x2c zephyr/arch/arch/arm/core/cortex_m/libarch__arm__core__cortex_m.a(thread_abort.c.obj)
                0x0000000000048ffc                z_impl_k_thread_abort
 .text.z_arm_pendsv
                0x0000000000049028       0x70 zephyr/arch/arch/arm/core/cortex_m/libarch__arm__core__cortex_m.a(swap_helper.S.obj)
                0x0000000000049028                z_arm_pendsv
 .text.z_arm_svc
                0x0000000000049098       0x24 zephyr/arch/arch/arm/core/cortex_m/libarch__arm__core__cortex_m.a(swap_helper.S.obj)
                0x0000000000049098                z_arm_svc
 .text.arm_irq_enable
                0x00000000000490bc       0x1c zephyr/arch/arch/arm/core/cortex_m/libarch__arm__core__cortex_m.a(irq_manage.c.obj)
                0x00000000000490bc                arm_irq_enable
 .text.arm_irq_is_enabled
                0x00000000000490d8       0x1c zephyr/arch/arch/arm/core/cortex_m/libarch__arm__core__cortex_m.a(irq_manage.c.obj)
                0x00000000000490d8                arm_irq_is_enabled
 .text.arm_irq_priority_set
                0x00000000000490f4       0x2c zephyr/arch/arch/arm/core/cortex_m/libarch__arm__core__cortex_m.a(irq_manage.c.obj)
                0x00000000000490f4                arm_irq_priority_set
 .text.relocate_vector_table
                0x0000000000049120       0x1c zephyr/arch/arch/arm/core/cortex_m/libarch__arm__core__cortex_m.a(prep_c.c.obj)
                0x0000000000049120                relocate_vector_table
 .text.z_prep_c
                0x000000000004913c       0x28 zephyr/arch/arch/arm/core/cortex_m/libarch__arm__core__cortex_m.a(prep_c.c.obj)
                0x000000000004913c                z_prep_c
 .text.arch_new_thread
                0x0000000000049164       0x40 zephyr/arch/arch/arm/core/cortex_m/libarch__arm__core__cortex_m.a(thread.c.obj)
                0x0000000000049164                arch_new_thread
 .text.arch_switch_to_main_thread
                0x00000000000491a4       0x44 zephyr/arch/arch/arm/core/cortex_m/libarch__arm__core__cortex_m.a(thread.c.obj)
                0x00000000000491a4                arch_switch_to_main_thread
 .text.z_arm_cpu_idle_init
                0x00000000000491e8        0xc zephyr/arch/arch/arm/core/cortex_m/libarch__arm__core__cortex_m.a(cpu_idle.c.obj)
                0x00000000000491e8                z_arm_cpu_idle_init
 .text.z_arm_interrupt_init
                0x00000000000491f4       0x20 zephyr/arch/arch/arm/core/cortex_m/libarch__arm__core__cortex_m.a(irq_init.c.obj)
                0x00000000000491f4                z_arm_interrupt_init
 .text._isr_wrapper
                0x0000000000049214       0x24 zephyr/arch/arch/arm/core/cortex_m/libarch__arm__core__cortex_m.a(isr_wrapper.c.obj)
                0x0000000000049214                _isr_wrapper
 .text.z_arm_configure_static_mpu_regions
                0x0000000000049238       0x38 zephyr/arch/arch/arm/core/mpu/libarch__arm__core__mpu.a(arm_core_mpu.c.obj)
                0x0000000000049238                z_arm_configure_static_mpu_regions
 .text.region_init
                0x0000000000049270       0x34 zephyr/arch/arch/arm/core/mpu/libarch__arm__core__mpu.a(arm_mpu.c.obj)
 .text.region_allocate_and_init
                0x00000000000492a4       0x24 zephyr/arch/arch/arm/core/mpu/libarch__arm__core__mpu.a(arm_mpu.c.obj)
 .text.mpu_configure_regions_and_partition.constprop.0
                0x00000000000492c8      0x148 zephyr/arch/arch/arm/core/mpu/libarch__arm__core__mpu.a(arm_mpu.c.obj)
 .text.arm_core_mpu_enable
                0x0000000000049410       0x18 zephyr/arch/arch/arm/core/mpu/libarch__arm__core__mpu.a(arm_mpu.c.obj)
                0x0000000000049410                arm_core_mpu_enable
 .text.arm_core_mpu_disable
                0x0000000000049428       0x14 zephyr/arch/arch/arm/core/mpu/libarch__arm__core__mpu.a(arm_mpu.c.obj)
                0x0000000000049428                arm_core_mpu_disable
 .text.arm_core_mpu_configure_static_mpu_regions
                0x000000000004943c       0x14 zephyr/arch/arch/arm/core/mpu/libarch__arm__core__mpu.a(arm_mpu.c.obj)
                0x000000000004943c                arm_core_mpu_configure_static_mpu_regions
 .text.arm_core_mpu_mark_areas_for_dynamic_regions
                0x0000000000049450       0xb8 zephyr/arch/arch/arm/core/mpu/libarch__arm__core__mpu.a(arm_mpu.c.obj)
                0x0000000000049450                arm_core_mpu_mark_areas_for_dynamic_regions
 .text.z_arm_mpu_init
                0x0000000000049508      0x11c zephyr/arch/arch/arm/core/mpu/libarch__arm__core__mpu.a(arm_mpu.c.obj)
                0x0000000000049508                z_arm_mpu_init
 .text.z_impl_zephyr_fputc
                0x0000000000049624       0x10 zephyr/lib/libc/picolibc/liblib__libc__picolibc.a(stdio.c.obj)
                0x0000000000049624                z_impl_zephyr_fputc
 .text.__stdout_hook_install
                0x0000000000049634       0x18 zephyr/lib/libc/picolibc/liblib__libc__picolibc.a(stdio.c.obj)
                0x0000000000049634                __stdout_hook_install
 .text.malloc_prepare
                0x000000000004964c       0x24 zephyr/lib/libc/common/liblib__libc__common.a(malloc.c.obj)
 .text.nordicsemi_nrf54l_init
                0x0000000000049670       0x14 zephyr/soc/soc/nrf54l15/libsoc__nordic.a(soc.c.obj)
                0x0000000000049670                nordicsemi_nrf54l_init
 .text.arch_busy_wait
                0x0000000000049684       0x24 zephyr/soc/soc/nrf54l15/libsoc__nordic.a(soc.c.obj)
                0x0000000000049684                arch_busy_wait
 .text.onoff_stop
                0x00000000000496a8       0x30 zephyr/drivers/clock_control/libdrivers__clock_control.a(clock_control_nrf.c.obj)
 .text.onoff_start
                0x00000000000496d8       0x44 zephyr/drivers/clock_control/libdrivers__clock_control.a(clock_control_nrf.c.obj)
 .text.clk_init
                0x000000000004971c       0x58 zephyr/drivers/clock_control/libdrivers__clock_control.a(clock_control_nrf.c.obj)
 .text.api_blocking_start
                0x0000000000049774       0x34 zephyr/drivers/clock_control/libdrivers__clock_control.a(clock_control_nrf.c.obj)
 .text.generic_hfclk_stop
                0x00000000000497a8       0x34 zephyr/drivers/clock_control/libdrivers__clock_control.a(clock_control_nrf.c.obj)
 .text.clkstarted_handle.constprop.0
                0x00000000000497dc       0x4c zephyr/drivers/clock_control/libdrivers__clock_control.a(clock_control_nrf.c.obj)
 .text.generic_hfclk_start
                0x0000000000049828       0x78 zephyr/drivers/clock_control/libdrivers__clock_control.a(clock_control_nrf.c.obj)
 .text.z_nrf_clock_control_lf_on
                0x00000000000498a0       0xf4 zephyr/drivers/clock_control/libdrivers__clock_control.a(clock_control_nrf.c.obj)
                0x00000000000498a0                z_nrf_clock_control_lf_on
 .text.uart_console_init
                0x0000000000049994       0x28 zephyr/drivers/console/libdrivers__console.a(uart_console.c.obj)
 .text.console_out
                0x00000000000499bc       0x28 zephyr/drivers/console/libdrivers__console.a(uart_console.c.obj)
 .text.gpio_nrfx_pin_configure
                0x00000000000499e4      0x17c zephyr/drivers/gpio/libdrivers__gpio.a(gpio_nrfx.c.obj)
 .text.nrfx_gpio_handler
                0x0000000000049b60       0x58 zephyr/drivers/gpio/libdrivers__gpio.a(gpio_nrfx.c.obj)
 .text.gpio_nrfx_init
                0x0000000000049bb8       0x48 zephyr/drivers/gpio/libdrivers__gpio.a(gpio_nrfx.c.obj)
 .text.gpio_nrfx_pin_interrupt_configure
                0x0000000000049c00       0xfc zephyr/drivers/gpio/libdrivers__gpio.a(gpio_nrfx.c.obj)
 .text.nrf_gpio_pin_port_decode
                0x0000000000049cfc       0x20 zephyr/drivers/pinctrl/libdrivers__pinctrl.a(pinctrl_nrf.c.obj)
 .text.pinctrl_configure_pins
                0x0000000000049d1c      0x180 zephyr/drivers/pinctrl/libdrivers__pinctrl.a(pinctrl_nrf.c.obj)
                0x0000000000049d1c                pinctrl_configure_pins
 .text.uarte_nrfx_poll_out
                0x0000000000049e9c       0xb4 zephyr/drivers/serial/libdrivers__serial.a(uart_nrfx_uarte.c.obj)
 .text.sys_clock_timeout_handler
                0x0000000000049f50       0x44 zephyr/drivers/timer/libdrivers__timer.a(nrf_grtc_timer.c.obj)
 .text.sys_clock_driver_init
                0x0000000000049f94       0x88 zephyr/drivers/timer/libdrivers__timer.a(nrf_grtc_timer.c.obj)
 .text.sys_clock_elapsed
                0x000000000004a01c       0x28 zephyr/drivers/timer/libdrivers__timer.a(nrf_grtc_timer.c.obj)
                0x000000000004a01c                sys_clock_elapsed
 .text.sys_clock_set_timeout
                0x000000000004a044       0xa0 zephyr/drivers/timer/libdrivers__timer.a(nrf_grtc_timer.c.obj)
                0x000000000004a044                sys_clock_set_timeout
 .text.ns_fault_init
                0x000000000004a0e4       0x10 modules/nrf/modules/trusted-firmware-m/lib..__nrf__modules__trusted-firmware-m.a(fault.c.obj)
 .text.arm_fault
                0x000000000004a0f4       0xbc modules/nrf/modules/trusted-firmware-m/lib..__nrf__modules__trusted-firmware-m.a(fault.c.obj)
                0x000000000004a0f4                arm_fault
 .text.tfm_ns_fault_handler_callback
                0x000000000004a1b0       0x48 modules/nrf/modules/trusted-firmware-m/lib..__nrf__modules__trusted-firmware-m.a(fault.c.obj)
                0x000000000004a1b0                tfm_ns_fault_handler_callback
 .text.tfm_ns_interface_dispatch
                0x000000000004a1f8       0x54 modules/trusted-firmware-m/libtfm_api.a(interface.c.obj)
                0x000000000004a1f8                tfm_ns_interface_dispatch
 .text.tfm_platform_ioctl
                0x000000000004a24c       0x4c modules/trusted-firmware-m/libtfm_api.a(tfm_platform_api.c.obj)
                0x000000000004a24c                tfm_platform_ioctl
 .text.psa_call
                0x000000000004a298       0x34 modules/trusted-firmware-m/libtfm_api.a(tfm_tz_psa_ns_api.c.obj)
                0x000000000004a298                psa_call
 .text.SystemInit
                0x000000000004a2cc       0x14 modules/hal_nordic/modules/hal_nordic/nrfx/libmodules__hal_nordic__nrfx.a(system_nrf54l.c.obj)
                0x000000000004a2cc                SystemInit
 .text.xo_event_handler
                0x000000000004a2e0        0xc modules/hal_nordic/modules/hal_nordic/nrfx/libmodules__hal_nordic__nrfx.a(nrfx_clock.c.obj)
 .text.nrfx_clock_init
                0x000000000004a2ec       0x40 modules/hal_nordic/modules/hal_nordic/nrfx/libmodules__hal_nordic__nrfx.a(nrfx_clock.c.obj)
                0x000000000004a2ec                nrfx_clock_init
 .text.nrfx_clock_enable
                0x000000000004a32c       0x24 modules/hal_nordic/modules/hal_nordic/nrfx/libmodules__hal_nordic__nrfx.a(nrfx_clock.c.obj)
                0x000000000004a32c                nrfx_clock_enable
 .text.clock_stop
                0x000000000004a350       0x34 modules/hal_nordic/modules/hal_nordic/nrfx/libmodules__hal_nordic__nrfx.a(nrfx_clock_lfclk.c.obj)
 .text.nrfx_clock_lfclk_init
                0x000000000004a384       0x24 modules/hal_nordic/modules/hal_nordic/nrfx/libmodules__hal_nordic__nrfx.a(nrfx_clock_lfclk.c.obj)
                0x000000000004a384                nrfx_clock_lfclk_init
 .text.nrfx_clock_lfclk_start
                0x000000000004a3a8       0x80 modules/hal_nordic/modules/hal_nordic/nrfx/libmodules__hal_nordic__nrfx.a(nrfx_clock_lfclk.c.obj)
                0x000000000004a3a8                nrfx_clock_lfclk_start
 .text.nrfx_clock_lfclk_irq_handler
                0x000000000004a428       0x70 modules/hal_nordic/modules/hal_nordic/nrfx/libmodules__hal_nordic__nrfx.a(nrfx_clock_lfclk.c.obj)
                0x000000000004a428                nrfx_clock_lfclk_irq_handler
 .text.clock_stop
                0x000000000004a498       0x54 modules/hal_nordic/modules/hal_nordic/nrfx/libmodules__hal_nordic__nrfx.a(nrfx_clock_xo.c.obj)
 .text.nrfx_clock_xo_init
                0x000000000004a4ec       0x1c modules/hal_nordic/modules/hal_nordic/nrfx/libmodules__hal_nordic__nrfx.a(nrfx_clock_xo.c.obj)
                0x000000000004a4ec                nrfx_clock_xo_init
 .text.nrfx_clock_xo_start
                0x000000000004a508       0x68 modules/hal_nordic/modules/hal_nordic/nrfx/libmodules__hal_nordic__nrfx.a(nrfx_clock_xo.c.obj)
                0x000000000004a508                nrfx_clock_xo_start
 .text.nrfx_clock_xo_irq_handler
                0x000000000004a570       0x74 modules/hal_nordic/modules/hal_nordic/nrfx/libmodules__hal_nordic__nrfx.a(nrfx_clock_xo.c.obj)
                0x000000000004a570                nrfx_clock_xo_irq_handler
 .text.nrf_gpio_pin_port_decode
                0x000000000004a5e4       0x20 modules/hal_nordic/modules/hal_nordic/nrfx/libmodules__hal_nordic__nrfx.a(nrfx_gpiote.c.obj)
 .text.get_pin_idx
                0x000000000004a604       0x14 modules/hal_nordic/modules/hal_nordic/nrfx/libmodules__hal_nordic__nrfx.a(nrfx_gpiote.c.obj)
 .text.latch_pending_read_and_check
                0x000000000004a618       0x58 modules/hal_nordic/modules/hal_nordic/nrfx/libmodules__hal_nordic__nrfx.a(nrfx_gpiote.c.obj)
 .text.pin_uninit
                0x000000000004a670       0x7c modules/hal_nordic/modules/hal_nordic/nrfx/libmodules__hal_nordic__nrfx.a(nrfx_gpiote.c.obj)
 .text.nrfx_gpiote_output_configure
                0x000000000004a6ec       0xf4 modules/hal_nordic/modules/hal_nordic/nrfx/libmodules__hal_nordic__nrfx.a(nrfx_gpiote.c.obj)
                0x000000000004a6ec                nrfx_gpiote_output_configure
 .text.nrfx_gpiote_init
                0x000000000004a7e0       0x64 modules/hal_nordic/modules/hal_nordic/nrfx/libmodules__hal_nordic__nrfx.a(nrfx_gpiote.c.obj)
                0x000000000004a7e0                nrfx_gpiote_init
 .text.nrfx_gpiote_channel_free
                0x000000000004a844       0x14 modules/hal_nordic/modules/hal_nordic/nrfx/libmodules__hal_nordic__nrfx.a(nrfx_gpiote.c.obj)
                0x000000000004a844                nrfx_gpiote_channel_free
 .text.nrfx_gpiote_channel_alloc
                0x000000000004a858       0x20 modules/hal_nordic/modules/hal_nordic/nrfx/libmodules__hal_nordic__nrfx.a(nrfx_gpiote.c.obj)
                0x000000000004a858                nrfx_gpiote_channel_alloc
 .text.nrfx_gpiote_irq_handler
                0x000000000004a878      0x1d4 modules/hal_nordic/modules/hal_nordic/nrfx/libmodules__hal_nordic__nrfx.a(nrfx_gpiote.c.obj)
                0x000000000004a878                nrfx_gpiote_irq_handler
 .text.sleep_configure
                0x000000000004aa4c       0x24 modules/hal_nordic/modules/hal_nordic/nrfx/libmodules__hal_nordic__nrfx.a(nrfx_grtc.c.obj)
 .text.nrfx_grtc_syscounter_get
                0x000000000004aa70       0x20 modules/hal_nordic/modules/hal_nordic/nrfx/libmodules__hal_nordic__nrfx.a(nrfx_grtc.c.obj)
                0x000000000004aa70                nrfx_grtc_syscounter_get
 .text.nrfx_grtc_channel_callback_set
                0x000000000004aa90       0x2c modules/hal_nordic/modules/hal_nordic/nrfx/libmodules__hal_nordic__nrfx.a(nrfx_grtc.c.obj)
                0x000000000004aa90                nrfx_grtc_channel_callback_set
 .text.nrfx_grtc_init
                0x000000000004aabc      0x118 modules/hal_nordic/modules/hal_nordic/nrfx/libmodules__hal_nordic__nrfx.a(nrfx_grtc.c.obj)
                0x000000000004aabc                nrfx_grtc_init
 .text.nrfx_grtc_syscounter_start
                0x000000000004abd4       0xc0 modules/hal_nordic/modules/hal_nordic/nrfx/libmodules__hal_nordic__nrfx.a(nrfx_grtc.c.obj)
                0x000000000004abd4                nrfx_grtc_syscounter_start
 .text.nrfx_grtc_syscounter_cc_abs_set
                0x000000000004ac94       0x70 modules/hal_nordic/modules/hal_nordic/nrfx/libmodules__hal_nordic__nrfx.a(nrfx_grtc.c.obj)
                0x000000000004ac94                nrfx_grtc_syscounter_cc_abs_set
 .text.nrfx_grtc_syscounter_cc_rel_set
                0x000000000004ad04       0x40 modules/hal_nordic/modules/hal_nordic/nrfx/libmodules__hal_nordic__nrfx.a(nrfx_grtc.c.obj)
                0x000000000004ad04                nrfx_grtc_syscounter_cc_rel_set
 .text.GRTC_1_IRQHandler
                0x000000000004ad44       0xb0 modules/hal_nordic/modules/hal_nordic/nrfx/libmodules__hal_nordic__nrfx.a(nrfx_grtc.c.obj)
                0x000000000004ad44                GRTC_1_IRQHandler
 .text.z_fatal_error
                0x000000000004adf4       0x30 zephyr/kernel/libkernel.a(fatal.c.obj)
                0x000000000004adf4                z_fatal_error
 .text.z_sys_init_run_level
                0x000000000004ae24       0x30 zephyr/kernel/libkernel.a(init.c.obj)
 .text.bg_thread_main
                0x000000000004ae54       0xc0 zephyr/kernel/libkernel.a(init.c.obj)
 .text.z_init_cpu
                0x000000000004af14       0x70 zephyr/kernel/libkernel.a(init.c.obj)
                0x000000000004af14                z_init_cpu
 .text.z_cstart
                0x000000000004af84       0xcc zephyr/kernel/libkernel.a(init.c.obj)
                0x000000000004af84                z_cstart
 .text.z_impl_k_mutex_lock
                0x000000000004b050       0xf0 zephyr/kernel/libkernel.a(mutex.c.obj)
                0x000000000004b050                z_impl_k_mutex_lock
 .text.z_impl_k_mutex_unlock
                0x000000000004b140       0xa0 zephyr/kernel/libkernel.a(mutex.c.obj)
                0x000000000004b140                z_impl_k_mutex_unlock
 .text.z_impl_k_sem_give
                0x000000000004b1e0       0x68 zephyr/kernel/libkernel.a(sem.c.obj)
                0x000000000004b1e0                z_impl_k_sem_give
 .text.z_impl_k_sem_take
                0x000000000004b248       0x4c zephyr/kernel/libkernel.a(sem.c.obj)
                0x000000000004b248                z_impl_k_sem_take
 .text.z_setup_new_thread
                0x000000000004b294       0xd0 zephyr/kernel/libkernel.a(thread.c.obj)
                0x000000000004b294                z_setup_new_thread
 .text.z_dummy_thread_init
                0x000000000004b364       0x1c zephyr/kernel/libkernel.a(thread.c.obj)
                0x000000000004b364                z_dummy_thread_init
 .text.z_swap_irqlock
                0x000000000004b380       0x34 zephyr/kernel/libkernel.a(sched.c.obj)
 .text.ready_thread
                0x000000000004b3b4       0x84 zephyr/kernel/libkernel.a(sched.c.obj)
 .text.unready_thread
                0x000000000004b438       0x54 zephyr/kernel/libkernel.a(sched.c.obj)
 .text.add_thread_timeout
                0x000000000004b48c       0x1c zephyr/kernel/libkernel.a(sched.c.obj)
 .text.move_thread_to_end_of_prio_q
                0x000000000004b4a8       0x90 zephyr/kernel/libkernel.a(sched.c.obj)
                0x000000000004b4a8                move_thread_to_end_of_prio_q
 .text.z_pend_curr
                0x000000000004b538       0x44 zephyr/kernel/libkernel.a(sched.c.obj)
                0x000000000004b538                z_pend_curr
 .text.z_thread_prio_set
                0x000000000004b57c       0xe4 zephyr/kernel/libkernel.a(sched.c.obj)
                0x000000000004b57c                z_thread_prio_set
 .text.z_reschedule
                0x000000000004b660       0x24 zephyr/kernel/libkernel.a(sched.c.obj)
                0x000000000004b660                z_reschedule
 .text.z_reschedule_irqlock
                0x000000000004b684       0x28 zephyr/kernel/libkernel.a(sched.c.obj)
                0x000000000004b684                z_reschedule_irqlock
 .text.k_sched_lock
                0x000000000004b6ac       0x28 zephyr/kernel/libkernel.a(sched.c.obj)
                0x000000000004b6ac                k_sched_lock
 .text.k_sched_unlock
                0x000000000004b6d4       0x68 zephyr/kernel/libkernel.a(sched.c.obj)
                0x000000000004b6d4                k_sched_unlock
 .text.z_sched_init
                0x000000000004b73c       0x10 zephyr/kernel/libkernel.a(sched.c.obj)
                0x000000000004b73c                z_sched_init
 .text.z_impl_k_yield
                0x000000000004b74c       0x88 zephyr/kernel/libkernel.a(sched.c.obj)
                0x000000000004b74c                z_impl_k_yield
 .text.z_tick_sleep
                0x000000000004b7d4       0x78 zephyr/kernel/libkernel.a(sched.c.obj)
 .text.z_impl_k_sleep
                0x000000000004b84c       0x5c zephyr/kernel/libkernel.a(sched.c.obj)
                0x000000000004b84c                z_impl_k_sleep
 .text.z_impl_k_wakeup
                0x000000000004b8a8       0x48 zephyr/kernel/libkernel.a(sched.c.obj)
                0x000000000004b8a8                z_impl_k_wakeup
 .text.z_impl_k_sched_current_thread_query
                0x000000000004b8f0        0xc zephyr/kernel/libkernel.a(sched.c.obj)
                0x000000000004b8f0                z_impl_k_sched_current_thread_query
 .text.z_thread_abort
                0x000000000004b8fc      0x144 zephyr/kernel/libkernel.a(sched.c.obj)
                0x000000000004b8fc                z_thread_abort
 .text.slice_timeout
                0x000000000004ba40       0x20 zephyr/kernel/libkernel.a(timeslicing.c.obj)
 .text.thread_is_sliceable
                0x000000000004ba60       0x3c zephyr/kernel/libkernel.a(timeslicing.c.obj)
                0x000000000004ba60                thread_is_sliceable
 .text.z_reset_time_slice
                0x000000000004ba9c       0x50 zephyr/kernel/libkernel.a(timeslicing.c.obj)
                0x000000000004ba9c                z_reset_time_slice
 .text.z_time_slice
                0x000000000004baec       0x60 zephyr/kernel/libkernel.a(timeslicing.c.obj)
                0x000000000004baec                z_time_slice
 .text.z_thread_monitor_exit
                0x000000000004bb4c       0x44 zephyr/kernel/libkernel.a(thread_monitor.c.obj)
                0x000000000004bb4c                z_thread_monitor_exit
 .text.first    0x000000000004bb90       0x10 zephyr/kernel/libkernel.a(timeout.c.obj)
 .text.elapsed  0x000000000004bba0       0x14 zephyr/kernel/libkernel.a(timeout.c.obj)
 .text.remove_timeout
                0x000000000004bbb4       0x38 zephyr/kernel/libkernel.a(timeout.c.obj)
 .text.z_add_timeout
                0x000000000004bbec      0x120 zephyr/kernel/libkernel.a(timeout.c.obj)
                0x000000000004bbec                z_add_timeout
 .text.sys_clock_announce
                0x000000000004bd0c       0xbc zephyr/kernel/libkernel.a(timeout.c.obj)
                0x000000000004bd0c                sys_clock_announce
 .text.sys_clock_tick_get
                0x000000000004bdc8       0x30 zephyr/kernel/libkernel.a(timeout.c.obj)
                0x000000000004bdc8                sys_clock_tick_get
 .text.__l_vfprintf
                0x000000000004bdf8      0x4b4 c:\ncs\toolchains\66cdf9b75e\opt\zephyr-sdk\arm-zephyr-eabi\bin\../lib/gcc/../../picolibc/arm-zephyr-eabi/lib/thumb/v8-m.main/nofp\libc.a(libc_tinystdio_vflprintf.c.o)
                0x000000000004bdf8                __l_vfprintf
 .text._OffsetAbsSyms
                0x000000000004c2ac        0x2 zephyr/CMakeFiles/offsets.dir/./arch/arm/core/offsets/offsets.c.obj
                0x000000000004c2ac                _OffsetAbsSyms
 .text.main     0x000000000004c2ae        0x4 app/libapp.a(main.c.obj)
                0x000000000004c2ae                main
 .text.chunk_field
                0x000000000004c2b2       0x16 zephyr/libzephyr.a(heap.c.obj)
 .text.chunk_set
                0x000000000004c2c8       0x16 zephyr/libzephyr.a(heap.c.obj)
 .text.chunk_size
                0x000000000004c2de        0xc zephyr/libzephyr.a(heap.c.obj)
 .text.set_chunk_used
                0x000000000004c2ea       0x30 zephyr/libzephyr.a(heap.c.obj)
 .text.set_chunk_size
                0x000000000004c31a        0x8 zephyr/libzephyr.a(heap.c.obj)
 .text.bucket_idx
                0x000000000004c322       0x1e zephyr/libzephyr.a(heap.c.obj)
 .text.free_list_add
                0x000000000004c340       0x84 zephyr/libzephyr.a(heap.c.obj)
 .text.sys_heap_init
                0x000000000004c3c4       0xb0 zephyr/libzephyr.a(heap.c.obj)
                0x000000000004c3c4                sys_heap_init
 .text.arch_printk_char_out
                0x000000000004c474        0x4 zephyr/libzephyr.a(printk.c.obj)
                0x000000000004c474                arch_printk_char_out
 .text.printk   0x000000000004c478       0x1a zephyr/libzephyr.a(printk.c.obj)
                0x000000000004c478                printk
 .text.process_recheck
                0x000000000004c492       0x38 zephyr/libzephyr.a(onoff.c.obj)
 .text.validate_args
                0x000000000004c4ca       0x20 zephyr/libzephyr.a(onoff.c.obj)
 .text.notify_one
                0x000000000004c4ea       0x2c zephyr/libzephyr.a(onoff.c.obj)
 .text.transition_complete
                0x000000000004c516       0x1a zephyr/libzephyr.a(onoff.c.obj)
 .text.onoff_manager_init
                0x000000000004c530       0x26 zephyr/libzephyr.a(onoff.c.obj)
                0x000000000004c530                onoff_manager_init
 .text.onoff_request
                0x000000000004c556       0xae zephyr/libzephyr.a(onoff.c.obj)
                0x000000000004c556                onoff_request
 .text.sys_notify_validate
                0x000000000004c604       0x22 zephyr/libzephyr.a(notify.c.obj)
                0x000000000004c604                sys_notify_validate
 .text.sys_notify_finalize
                0x000000000004c626       0x1a zephyr/libzephyr.a(notify.c.obj)
                0x000000000004c626                sys_notify_finalize
 .text._ConfigAbsSyms
                0x000000000004c640        0x2 zephyr/libzephyr.a(configs.c.obj)
                0x000000000004c640                _ConfigAbsSyms
 .text.arch_early_memset
                0x000000000004c642        0x4 zephyr/arch/common/libarch__common.a(init.c.obj)
                0x000000000004c642                arch_early_memset
 .text.arch_early_memcpy
                0x000000000004c646        0x4 zephyr/arch/common/libarch__common.a(init.c.obj)
                0x000000000004c646                arch_early_memcpy
 .text.z_do_kernel_oops
                0x000000000004c64a        0x8 zephyr/arch/arch/arm/core/libarch__arm__core.a(fatal.c.obj)
                0x000000000004c64a                z_do_kernel_oops
 .text.z_arm_nmi
                0x000000000004c652        0xe zephyr/arch/arch/arm/core/libarch__arm__core.a(nmi.c.obj)
                0x000000000004c652                z_arm_nmi
 .text.z_irq_spurious
                0x000000000004c660        0x8 zephyr/arch/arch/arm/core/cortex_m/libarch__arm__core__cortex_m.a(irq_manage.c.obj)
                0x000000000004c660                z_irq_spurious
 .text.configure_builtin_stack_guard
                0x000000000004c668        0xa zephyr/arch/arch/arm/core/cortex_m/libarch__arm__core__cortex_m.a(thread.c.obj)
                0x000000000004c668                configure_builtin_stack_guard
 .text.arch_coprocessors_disable
                0x000000000004c672        0x6 zephyr/arch/arch/arm/core/cortex_m/libarch__arm__core__cortex_m.a(thread.c.obj)
                0x000000000004c672                arch_coprocessors_disable
 .text.arch_irq_unlock_outlined
                0x000000000004c678        0xe zephyr/arch/arch/arm/core/cortex_m/libarch__arm__core__cortex_m.a(thread.c.obj)
                0x000000000004c678                arch_irq_unlock_outlined
 .text.arch_cpu_idle
                0x000000000004c686       0x1a zephyr/arch/arch/arm/core/cortex_m/libarch__arm__core__cortex_m.a(cpu_idle.c.obj)
                0x000000000004c686                arch_cpu_idle
 .text.arch_cpu_atomic_idle
                0x000000000004c6a0       0x1e zephyr/arch/arch/arm/core/cortex_m/libarch__arm__core__cortex_m.a(cpu_idle.c.obj)
                0x000000000004c6a0                arch_cpu_atomic_idle
 .text.arm_cmse_mpu_region_get
                0x000000000004c6be       0x12 zephyr/arch/arch/arm/core/cortex_m/cmse/libarch__arm__core__cortex_m__cmse.a(arm_core_cmse.c.obj)
                0x000000000004c6be                arm_cmse_mpu_region_get
 .text.mpu_configure_region
                0x000000000004c6d0       0x32 zephyr/arch/arch/arm/core/mpu/libarch__arm__core__mpu.a(arm_mpu.c.obj)
 .text.picolibc_put
                0x000000000004c702        0xa zephyr/lib/libc/picolibc/liblib__libc__picolibc.a(stdio.c.obj)
 .text.get_status
                0x000000000004c70c       0x12 zephyr/drivers/clock_control/libdrivers__clock_control.a(clock_control_nrf.c.obj)
 .text.stop     0x000000000004c71e       0x52 zephyr/drivers/clock_control/libdrivers__clock_control.a(clock_control_nrf.c.obj)
 .text.api_stop
                0x000000000004c770        0x6 zephyr/drivers/clock_control/libdrivers__clock_control.a(clock_control_nrf.c.obj)
 .text.async_start
                0x000000000004c776       0x5c zephyr/drivers/clock_control/libdrivers__clock_control.a(clock_control_nrf.c.obj)
 .text.api_start
                0x000000000004c7d2        0xe zephyr/drivers/clock_control/libdrivers__clock_control.a(clock_control_nrf.c.obj)
 .text.onoff_started_callback
                0x000000000004c7e0       0x12 zephyr/drivers/clock_control/libdrivers__clock_control.a(clock_control_nrf.c.obj)
 .text.blocking_start_callback
                0x000000000004c7f2        0x6 zephyr/drivers/clock_control/libdrivers__clock_control.a(clock_control_nrf.c.obj)
 .text.lfclk_stop
                0x000000000004c7f8        0x4 zephyr/drivers/clock_control/libdrivers__clock_control.a(clock_control_nrf.c.obj)
 .text.lfclk_start
                0x000000000004c7fc        0x4 zephyr/drivers/clock_control/libdrivers__clock_control.a(clock_control_nrf.c.obj)
 .text.clock_event_handler
                0x000000000004c800       0x14 zephyr/drivers/clock_control/libdrivers__clock_control.a(clock_control_nrf.c.obj)
 .text.gpio_nrfx_port_get_raw
                0x000000000004c814        0xc zephyr/drivers/gpio/libdrivers__gpio.a(gpio_nrfx.c.obj)
 .text.gpio_nrfx_port_set_masked_raw
                0x000000000004c820       0x14 zephyr/drivers/gpio/libdrivers__gpio.a(gpio_nrfx.c.obj)
 .text.gpio_nrfx_port_set_bits_raw
                0x000000000004c834        0xa zephyr/drivers/gpio/libdrivers__gpio.a(gpio_nrfx.c.obj)
 .text.gpio_nrfx_port_clear_bits_raw
                0x000000000004c83e        0xa zephyr/drivers/gpio/libdrivers__gpio.a(gpio_nrfx.c.obj)
 .text.gpio_nrfx_port_toggle_bits
                0x000000000004c848       0x14 zephyr/drivers/gpio/libdrivers__gpio.a(gpio_nrfx.c.obj)
 .text.gpio_nrfx_manage_callback
                0x000000000004c85c       0x52 zephyr/drivers/gpio/libdrivers__gpio.a(gpio_nrfx.c.obj)
 .text.gpio_nrfx_gpiote_irq_handler
                0x000000000004c8ae        0x4 zephyr/drivers/gpio/libdrivers__gpio.a(gpio_nrfx.c.obj)
                0x000000000004c8ae                gpio_nrfx_gpiote_irq_handler
 .text.pinctrl_lookup_state
                0x000000000004c8b2       0x26 zephyr/drivers/pinctrl/libdrivers__pinctrl.a(common.c.obj)
                0x000000000004c8b2                pinctrl_lookup_state
 .text.uarte_nrfx_isr_int
                0x000000000004c8d8        0xa zephyr/drivers/serial/libdrivers__serial.a(uart_nrfx_uarte.c.obj)
 .text.uarte_nrfx_err_check
                0x000000000004c8e2        0xe zephyr/drivers/serial/libdrivers__serial.a(uart_nrfx_uarte.c.obj)
 .text.uarte_nrfx_poll_in
                0x000000000004c8f0       0x26 zephyr/drivers/serial/libdrivers__serial.a(uart_nrfx_uarte.c.obj)
 .text.pinctrl_apply_state.isra.0
                0x000000000004c916       0x1e zephyr/drivers/serial/libdrivers__serial.a(uart_nrfx_uarte.c.obj)
 .text.uarte_instance_deinit
                0x000000000004c934        0x6 zephyr/drivers/serial/libdrivers__serial.a(uart_nrfx_uarte.c.obj)
 .text.uarte_20_init
                0x000000000004c93a       0xb4 zephyr/drivers/serial/libdrivers__serial.a(uart_nrfx_uarte.c.obj)
 .text.grtc_post_init
                0x000000000004c9ee        0xc zephyr/drivers/timer/libdrivers__timer.a(nrf_grtc_timer.c.obj)
 .text._psa_crypto_init
                0x000000000004c9fa       0x1e modules/nrf/subsys/nrf_security/src/zephyr/libmbedtls_zephyr.a(psa_crypto_init.c.obj)
 .text.tfm_platform_ns_fault_set_handler
                0x000000000004ca18       0x4e modules/nrf/modules/trusted-firmware-m/libtfm_api_nrf.a(tfm_ioctl_ns_api.c.obj)
                0x000000000004ca18                tfm_platform_ns_fault_set_handler
 .text.ns_interface_init
                0x000000000004ca66        0x4 modules/trusted-firmware-m/libtfm_api.a(interface.c.obj)
 .text.psa_crypto_init
                0x000000000004ca6a        0x4 modules/trusted-firmware-m/libtfm_api.a(tfm_crypto_api.c.obj)
                0x000000000004ca6a                psa_crypto_init
 .text.nrfx_isr
                0x000000000004ca6e        0x6 modules/hal_nordic/modules/hal_nordic/nrfx/libmodules__hal_nordic__nrfx.a(nrfx_glue.c.obj)
                0x000000000004ca6e                nrfx_isr
 .text.nrfx_busy_wait
                0x000000000004ca74        0x4 modules/hal_nordic/modules/hal_nordic/nrfx/libmodules__hal_nordic__nrfx.a(nrfx_glue.c.obj)
                0x000000000004ca74                nrfx_busy_wait
 .text.nrfx_flag32_alloc
                0x000000000004ca78       0x34 modules/hal_nordic/modules/hal_nordic/nrfx/libmodules__hal_nordic__nrfx.a(nrfx_flag32_allocator.c.obj)
                0x000000000004ca78                nrfx_flag32_alloc
 .text.nrfx_flag32_free
                0x000000000004caac       0x32 modules/hal_nordic/modules/hal_nordic/nrfx/libmodules__hal_nordic__nrfx.a(nrfx_flag32_allocator.c.obj)
                0x000000000004caac                nrfx_flag32_free
 .text.lfclk_event_handler
                0x000000000004cade        0x4 modules/hal_nordic/modules/hal_nordic/nrfx/libmodules__hal_nordic__nrfx.a(nrfx_clock.c.obj)
 .text.nrfx_clock_start
                0x000000000004cae2       0x10 modules/hal_nordic/modules/hal_nordic/nrfx/libmodules__hal_nordic__nrfx.a(nrfx_clock.c.obj)
                0x000000000004cae2                nrfx_clock_start
 .text.nrfx_clock_stop
                0x000000000004caf2       0x10 modules/hal_nordic/modules/hal_nordic/nrfx/libmodules__hal_nordic__nrfx.a(nrfx_clock.c.obj)
                0x000000000004caf2                nrfx_clock_stop
 .text.CLOCK_POWER_IRQHandler
                0x000000000004cb02        0xe modules/hal_nordic/modules/hal_nordic/nrfx/libmodules__hal_nordic__nrfx.a(nrfx_clock.c.obj)
                0x000000000004cb02                CLOCK_POWER_IRQHandler
 .text.nrfx_clock_lfclk_stop
                0x000000000004cb10        0x4 modules/hal_nordic/modules/hal_nordic/nrfx/libmodules__hal_nordic__nrfx.a(nrfx_clock_lfclk.c.obj)
                0x000000000004cb10                nrfx_clock_lfclk_stop
 .text.nrfx_clock_xo_stop
                0x000000000004cb14        0x4 modules/hal_nordic/modules/hal_nordic/nrfx/libmodules__hal_nordic__nrfx.a(nrfx_clock_xo.c.obj)
                0x000000000004cb14                nrfx_clock_xo_stop
 .text.nrf_gpio_reconfigure
                0x000000000004cb18       0x92 modules/hal_nordic/modules/hal_nordic/nrfx/libmodules__hal_nordic__nrfx.a(nrfx_gpiote.c.obj)
 .text.nrf_gpio_cfg_sense_set
                0x000000000004cbaa       0x1e modules/hal_nordic/modules/hal_nordic/nrfx/libmodules__hal_nordic__nrfx.a(nrfx_gpiote.c.obj)
 .text.pin_in_use_by_te
                0x000000000004cbc8       0x16 modules/hal_nordic/modules/hal_nordic/nrfx/libmodules__hal_nordic__nrfx.a(nrfx_gpiote.c.obj)
 .text.pin_is_output
                0x000000000004cbde       0x16 modules/hal_nordic/modules/hal_nordic/nrfx/libmodules__hal_nordic__nrfx.a(nrfx_gpiote.c.obj)
 .text.pin_te_get
                0x000000000004cbf4       0x14 modules/hal_nordic/modules/hal_nordic/nrfx/libmodules__hal_nordic__nrfx.a(nrfx_gpiote.c.obj)
 .text.call_handler
                0x000000000004cc08       0x3e modules/hal_nordic/modules/hal_nordic/nrfx/libmodules__hal_nordic__nrfx.a(nrfx_gpiote.c.obj)
 .text.release_handler
                0x000000000004cc46       0x54 modules/hal_nordic/modules/hal_nordic/nrfx/libmodules__hal_nordic__nrfx.a(nrfx_gpiote.c.obj)
 .text.__nrfy_internal_gpiote_events_process
                0x000000000004cc9a       0x4e modules/hal_nordic/modules/hal_nordic/nrfx/libmodules__hal_nordic__nrfx.a(nrfx_gpiote.c.obj)
 .text.pin_trigger_disable
                0x000000000004cce8       0x46 modules/hal_nordic/modules/hal_nordic/nrfx/libmodules__hal_nordic__nrfx.a(nrfx_gpiote.c.obj)
 .text.nrfx_gpiote_input_configure
                0x000000000004cd2e      0x172 modules/hal_nordic/modules/hal_nordic/nrfx/libmodules__hal_nordic__nrfx.a(nrfx_gpiote.c.obj)
                0x000000000004cd2e                nrfx_gpiote_input_configure
 .text.nrfx_gpiote_global_callback_set
                0x000000000004cea0        0x6 modules/hal_nordic/modules/hal_nordic/nrfx/libmodules__hal_nordic__nrfx.a(nrfx_gpiote.c.obj)
                0x000000000004cea0                nrfx_gpiote_global_callback_set
 .text.nrfx_gpiote_channel_get
                0x000000000004cea6       0x26 modules/hal_nordic/modules/hal_nordic/nrfx/libmodules__hal_nordic__nrfx.a(nrfx_gpiote.c.obj)
                0x000000000004cea6                nrfx_gpiote_channel_get
 .text.nrfx_gpiote_init_check
                0x000000000004cecc        0xc modules/hal_nordic/modules/hal_nordic/nrfx/libmodules__hal_nordic__nrfx.a(nrfx_gpiote.c.obj)
                0x000000000004cecc                nrfx_gpiote_init_check
 .text.nrfx_gpiote_pin_uninit
                0x000000000004ced8        0x4 modules/hal_nordic/modules/hal_nordic/nrfx/libmodules__hal_nordic__nrfx.a(nrfx_gpiote.c.obj)
                0x000000000004ced8                nrfx_gpiote_pin_uninit
 .text.nrfx_gpiote_trigger_enable
                0x000000000004cedc       0xa4 modules/hal_nordic/modules/hal_nordic/nrfx/libmodules__hal_nordic__nrfx.a(nrfx_gpiote.c.obj)
                0x000000000004cedc                nrfx_gpiote_trigger_enable
 .text.nrfx_gpiote_trigger_disable
                0x000000000004cf80        0x4 modules/hal_nordic/modules/hal_nordic/nrfx/libmodules__hal_nordic__nrfx.a(nrfx_gpiote.c.obj)
                0x000000000004cf80                nrfx_gpiote_trigger_disable
 .text.z_impl_k_busy_wait
                0x000000000004cf84        0x8 zephyr/kernel/libkernel.a(busy_wait.c.obj)
                0x000000000004cf84                z_impl_k_busy_wait
 .text.do_device_init
                0x000000000004cf8c       0x30 zephyr/kernel/libkernel.a(device.c.obj)
                0x000000000004cf8c                do_device_init
 .text.z_impl_device_is_ready
                0x000000000004cfbc       0x16 zephyr/kernel/libkernel.a(device.c.obj)
                0x000000000004cfbc                z_impl_device_is_ready
 .text.arch_system_halt
                0x000000000004cfd2       0x10 zephyr/kernel/libkernel.a(fatal.c.obj)
                0x000000000004cfd2                arch_system_halt
 .text.k_sys_fatal_error_handler
                0x000000000004cfe2        0x6 zephyr/kernel/libkernel.a(fatal.c.obj)
                0x000000000004cfe2                k_sys_fatal_error_handler
 .text.idle     0x000000000004cfe8       0x16 zephyr/kernel/libkernel.a(idle.c.obj)
                0x000000000004cfe8                idle
 .text.adjust_owner_prio.isra.0
                0x000000000004cffe       0x10 zephyr/kernel/libkernel.a(mutex.c.obj)
 .text.k_is_in_isr
                0x000000000004d00e        0xc zephyr/kernel/libkernel.a(thread.c.obj)
                0x000000000004d00e                k_is_in_isr
 .text.sys_dlist_remove
                0x000000000004d01a       0x10 zephyr/kernel/libkernel.a(sched.c.obj)
 .text.unpend_thread_no_timeout
                0x000000000004d02a       0x14 zephyr/kernel/libkernel.a(sched.c.obj)
 .text.add_to_waitq_locked
                0x000000000004d03e       0x50 zephyr/kernel/libkernel.a(sched.c.obj)
 .text.z_ready_thread
                0x000000000004d08e       0x1e zephyr/kernel/libkernel.a(sched.c.obj)
                0x000000000004d08e                z_ready_thread
 .text.z_sched_wake_thread
                0x000000000004d0ac       0x46 zephyr/kernel/libkernel.a(sched.c.obj)
                0x000000000004d0ac                z_sched_wake_thread
 .text.z_thread_timeout
                0x000000000004d0f2        0x8 zephyr/kernel/libkernel.a(sched.c.obj)
                0x000000000004d0f2                z_thread_timeout
 .text.next_timeout
                0x000000000004d0fa       0x2e zephyr/kernel/libkernel.a(timeout.c.obj)
 .text.z_abort_timeout
                0x000000000004d128       0x50 zephyr/kernel/libkernel.a(timeout.c.obj)
                0x000000000004d128                z_abort_timeout
 .text.sys_clock_tick_get_32
                0x000000000004d178        0x8 zephyr/kernel/libkernel.a(timeout.c.obj)
                0x000000000004d178                sys_clock_tick_get_32
 .text.memcpy   0x000000000004d180       0x1a c:\ncs\toolchains\66cdf9b75e\opt\zephyr-sdk\arm-zephyr-eabi\bin\../lib/gcc/../../picolibc/arm-zephyr-eabi/lib/thumb/v8-m.main/nofp\libc.a(memcpy.c.o)
                0x000000000004d180                __aeabi_memcpy
                0x000000000004d180                __aeabi_memcpy4
                0x000000000004d180                __aeabi_memcpy8
                0x000000000004d180                memcpy
 .text.memset   0x000000000004d19a       0x10 c:\ncs\toolchains\66cdf9b75e\opt\zephyr-sdk\arm-zephyr-eabi\bin\../lib/gcc/../../picolibc/arm-zephyr-eabi/lib/thumb/v8-m.main/nofp\libc.a(memset.c.o)
                0x000000000004d19a                memset
 .text.strncpy  0x000000000004d1aa       0x20 c:\ncs\toolchains\66cdf9b75e\opt\zephyr-sdk\arm-zephyr-eabi\bin\../lib/gcc/../../picolibc/arm-zephyr-eabi/lib/thumb/v8-m.main/nofp\libc.a(libc_string_strncpy.c.o)
                0x000000000004d1aa                strncpy
 .text.strnlen  0x000000000004d1ca       0x18 c:\ncs\toolchains\66cdf9b75e\opt\zephyr-sdk\arm-zephyr-eabi\bin\../lib/gcc/../../picolibc/arm-zephyr-eabi/lib/thumb/v8-m.main/nofp\libc.a(libc_string_strnlen.c.o)
                0x000000000004d1ca                strnlen
 .text.__ultoa_invert
                0x000000000004d1e2       0xac c:\ncs\toolchains\66cdf9b75e\opt\zephyr-sdk\arm-zephyr-eabi\bin\../lib/gcc/../../picolibc/arm-zephyr-eabi/lib/thumb/v8-m.main/nofp\libc.a(libc_tinystdio_vflprintf.c.o)
 *(SORT_BY_ALIGNMENT(.TEXT.*))
 *fill*         0x000000000004d28e        0x2 
 .TEXT.__aeabi_read_tp
                0x000000000004d290        0xc zephyr/arch/arch/arm/core/cortex_m/libarch__arm__core__cortex_m.a(__aeabi_read_tp.S.obj)
                0x000000000004d290                __aeabi_read_tp
 *(SORT_BY_ALIGNMENT(.gnu.linkonce.t.*))
 *(SORT_BY_ALIGNMENT(.glue_7t))
 .glue_7t       0x000000000004d29c        0x0 linker stubs
 *(SORT_BY_ALIGNMENT(.glue_7))
 .glue_7        0x000000000004d29c        0x0 linker stubs
 *(SORT_BY_ALIGNMENT(.vfp11_veneer))
 .vfp11_veneer  0x000000000004d29c        0x0 linker stubs
 *(SORT_BY_ALIGNMENT(.v4_bx))
 .v4_bx         0x000000000004d29c        0x0 linker stubs
                0x000000000004d29c                . = ALIGN (0x4)
                0x000000000004d29c                __text_region_end = .

.ARM.exidx      0x000000000004d29c        0x8
                0x000000000004d29c                __exidx_start = .
 *(SORT_BY_ALIGNMENT(.ARM.exidx*) SORT_BY_ALIGNMENT(gnu.linkonce.armexidx.*))
 .ARM.exidx     0x000000000004d29c        0x8 c:/ncs/toolchains/66cdf9b75e/opt/zephyr-sdk/arm-zephyr-eabi/bin/../lib/gcc/arm-zephyr-eabi/12.2.0/thumb/v8-m.main/nofp\libgcc.a(_udivmoddi4.o)
                0x000000000004d2a4                __exidx_end = .
                0x000000000004d2a4                __rodata_region_start = .

initlevel       0x000000000004d2a4       0x68
                0x000000000004d2a4                __init_start = .
                0x000000000004d2a4                __init_EARLY_start = .
 *(SORT_BY_NAME(SORT_BY_ALIGNMENT(.z_init_EARLY_P_?_*)))
 .z_init_EARLY_P_0_SUB_0_
                0x000000000004d2a4        0x8 zephyr/drivers/timer/libdrivers__timer.a(nrf_grtc_timer.c.obj)
 *(SORT_BY_NAME(SORT_BY_ALIGNMENT(.z_init_EARLY_P_??_*)))
 *(SORT_BY_NAME(SORT_BY_ALIGNMENT(.z_init_EARLY_P_???_*)))
                0x000000000004d2ac                __init_PRE_KERNEL_1_start = .
 *(SORT_BY_NAME(SORT_BY_ALIGNMENT(.z_init_PRE_KERNEL_1_P_?_*)))
 .z_init_PRE_KERNEL_1_P_0_SUB_0_
                0x000000000004d2ac        0x8 zephyr/soc/soc/nrf54l15/libsoc__nordic.a(soc.c.obj)
 .z_init_PRE_KERNEL_1_P_0_SUB_0_
                0x000000000004d2b4        0x8 modules/nrf/modules/trusted-firmware-m/lib..__nrf__modules__trusted-firmware-m.a(fault.c.obj)
 *(SORT_BY_NAME(SORT_BY_ALIGNMENT(.z_init_PRE_KERNEL_1_P_??_*)))
 .z_init_PRE_KERNEL_1_P_30_SUB_00059_
                0x000000000004d2bc        0x8 zephyr/drivers/clock_control/libdrivers__clock_control.a(clock_control_nrf.c.obj)
 .z_init_PRE_KERNEL_1_P_40_SUB_00010_
                0x000000000004d2c4        0x8 zephyr/drivers/gpio/libdrivers__gpio.a(gpio_nrfx.c.obj)
 .z_init_PRE_KERNEL_1_P_40_SUB_00012_
                0x000000000004d2cc        0x8 zephyr/drivers/gpio/libdrivers__gpio.a(gpio_nrfx.c.obj)
 .z_init_PRE_KERNEL_1_P_40_SUB_00023_
                0x000000000004d2d4        0x8 zephyr/drivers/gpio/libdrivers__gpio.a(gpio_nrfx.c.obj)
 .z_init_PRE_KERNEL_1_P_50_SUB_00104_
                0x000000000004d2dc        0x8 zephyr/drivers/serial/libdrivers__serial.a(uart_nrfx_uarte.c.obj)
 .z_init_PRE_KERNEL_1_P_60_SUB_0_
                0x000000000004d2e4        0x8 zephyr/drivers/console/libdrivers__console.a(uart_console.c.obj)
 *(SORT_BY_NAME(SORT_BY_ALIGNMENT(.z_init_PRE_KERNEL_1_P_???_*)))
                0x000000000004d2ec                __init_PRE_KERNEL_2_start = .
 *(SORT_BY_NAME(SORT_BY_ALIGNMENT(.z_init_PRE_KERNEL_2_P_?_*)))
 .z_init_PRE_KERNEL_2_P_0_SUB_0_
                0x000000000004d2ec        0x8 zephyr/drivers/timer/libdrivers__timer.a(nrf_grtc_timer.c.obj)
 *(SORT_BY_NAME(SORT_BY_ALIGNMENT(.z_init_PRE_KERNEL_2_P_??_*)))
 *(SORT_BY_NAME(SORT_BY_ALIGNMENT(.z_init_PRE_KERNEL_2_P_???_*)))
                0x000000000004d2f4                __init_POST_KERNEL_start = .
 *(SORT_BY_NAME(SORT_BY_ALIGNMENT(.z_init_POST_KERNEL_P_?_*)))
 *(SORT_BY_NAME(SORT_BY_ALIGNMENT(.z_init_POST_KERNEL_P_??_*)))
 .z_init_POST_KERNEL_P_35_SUB_0_
                0x000000000004d2f4        0x8 zephyr/lib/libc/common/liblib__libc__common.a(malloc.c.obj)
 .z_init_POST_KERNEL_P_40_SUB_0_
                0x000000000004d2fc        0x8 modules/trusted-firmware-m/libtfm_api.a(interface.c.obj)
 .z_init_POST_KERNEL_P_50_SUB_0_
                0x000000000004d304        0x8 modules/nrf/subsys/nrf_security/src/zephyr/libmbedtls_zephyr.a(psa_crypto_init.c.obj)
 *(SORT_BY_NAME(SORT_BY_ALIGNMENT(.z_init_POST_KERNEL_P_???_*)))
                0x000000000004d30c                __init_APPLICATION_start = .
 *(SORT_BY_NAME(SORT_BY_ALIGNMENT(.z_init_APPLICATION_P_?_*)))
 *(SORT_BY_NAME(SORT_BY_ALIGNMENT(.z_init_APPLICATION_P_??_*)))
 *(SORT_BY_NAME(SORT_BY_ALIGNMENT(.z_init_APPLICATION_P_???_*)))
                0x000000000004d30c                __init_SMP_start = .
 *(SORT_BY_NAME(SORT_BY_ALIGNMENT(.z_init_SMP_P_?_*)))
 *(SORT_BY_NAME(SORT_BY_ALIGNMENT(.z_init_SMP_P_??_*)))
 *(SORT_BY_NAME(SORT_BY_ALIGNMENT(.z_init_SMP_P_???_*)))
                0x000000000004d30c                __init_end = .

device_area     0x000000000004d30c       0xa0
                0x000000000004d30c                _device_list_start = .
 *(SORT_BY_NAME(SORT_BY_ALIGNMENT(._device.static.*_?_*)))
 *(SORT_BY_NAME(SORT_BY_ALIGNMENT(._device.static.*_??_*)))
 ._device.static.1_30_
                0x000000000004d30c       0x20 zephyr/drivers/clock_control/libdrivers__clock_control.a(clock_control_nrf.c.obj)
                0x000000000004d30c                __device_dts_ord_59
 ._device.static.1_40_
                0x000000000004d32c       0x60 zephyr/drivers/gpio/libdrivers__gpio.a(gpio_nrfx.c.obj)
                0x000000000004d32c                __device_dts_ord_12
                0x000000000004d34c                __device_dts_ord_10
                0x000000000004d36c                __device_dts_ord_23
 ._device.static.1_50_
                0x000000000004d38c       0x20 zephyr/drivers/serial/libdrivers__serial.a(uart_nrfx_uarte.c.obj)
                0x000000000004d38c                __device_dts_ord_104
 *(SORT_BY_NAME(SORT_BY_ALIGNMENT(._device.static.*_???_*)))
 *(SORT_BY_NAME(SORT_BY_ALIGNMENT(._device.static.*_????_*)))
 *(SORT_BY_NAME(SORT_BY_ALIGNMENT(._device.static.*_?????_*)))
                0x000000000004d3ac                _device_list_end = .

sw_isr_table    0x000000000004d3ac      0x878
                0x000000000004d3ac                . = ALIGN (0x4)
 *(SORT_BY_ALIGNMENT(.gnu.linkonce.sw_isr_table*))
 .gnu.linkonce.sw_isr_table
                0x000000000004d3ac      0x878 zephyr/CMakeFiles/zephyr_final.dir/isr_tables.c.obj
                0x000000000004d3ac                _sw_isr_table

initlevel_error
                0x000000000004d2a4        0x0
 *(SORT_BY_NAME(SORT_BY_ALIGNMENT(.z_init_*)))
                0x0000000000000001                ASSERT ((SIZEOF (initlevel_error) == 0x0), Undefined initialization levels used.)

app_shmem_regions
                0x000000000004dc24        0x0
                0x000000000004dc24                __app_shmem_regions_start = .
 *(SORT_BY_NAME(SORT_BY_ALIGNMENT(.app_regions.*)))
                0x000000000004dc24                __app_shmem_regions_end = .

k_p4wq_initparam_area
                0x000000000004dc24        0x0
                0x000000000004dc24                _k_p4wq_initparam_list_start = .
 *(SORT_BY_NAME(SORT_BY_ALIGNMENT(._k_p4wq_initparam.static.*)))
                0x000000000004dc24                _k_p4wq_initparam_list_end = .

_static_thread_data_area
                0x000000000004dc24        0x0
                0x000000000004dc24                __static_thread_data_list_start = .
 *(SORT_BY_NAME(SORT_BY_ALIGNMENT(.__static_thread_data.static.*)))
                0x000000000004dc24                __static_thread_data_list_end = .

device_deps     0x000000000004dc24        0x0
                0x000000000004dc24                __device_deps_start = .
 *(SORT_BY_NAME(SORT_BY_ALIGNMENT(.__device_deps_pass2*)))
                0x000000000004dc24                __device_deps_end = .

gpio_driver_api_area
                0x000000000004dc24       0x24
                0x000000000004dc24                _gpio_driver_api_list_start = .
 *(SORT_BY_NAME(SORT_BY_ALIGNMENT(._gpio_driver_api.static.*)))
 ._gpio_driver_api.static.gpio_nrfx_drv_api_funcs_
                0x000000000004dc24       0x24 zephyr/drivers/gpio/libdrivers__gpio.a(gpio_nrfx.c.obj)
                0x000000000004dc48                _gpio_driver_api_list_end = .

shared_irq_driver_api_area
                0x000000000004dc48        0x0
                0x000000000004dc48                _shared_irq_driver_api_list_start = .
 *(SORT_BY_NAME(SORT_BY_ALIGNMENT(._shared_irq_driver_api.static.*)))
                0x000000000004dc48                _shared_irq_driver_api_list_end = .

crypto_driver_api_area
                0x000000000004dc48        0x0
                0x000000000004dc48                _crypto_driver_api_list_start = .
 *(SORT_BY_NAME(SORT_BY_ALIGNMENT(._crypto_driver_api.static.*)))
                0x000000000004dc48                _crypto_driver_api_list_end = .

adc_driver_api_area
                0x000000000004dc48        0x0
                0x000000000004dc48                _adc_driver_api_list_start = .
 *(SORT_BY_NAME(SORT_BY_ALIGNMENT(._adc_driver_api.static.*)))
                0x000000000004dc48                _adc_driver_api_list_end = .

auxdisplay_driver_api_area
                0x000000000004dc48        0x0
                0x000000000004dc48                _auxdisplay_driver_api_list_start = .
 *(SORT_BY_NAME(SORT_BY_ALIGNMENT(._auxdisplay_driver_api.static.*)))
                0x000000000004dc48                _auxdisplay_driver_api_list_end = .

bbram_driver_api_area
                0x000000000004dc48        0x0
                0x000000000004dc48                _bbram_driver_api_list_start = .
 *(SORT_BY_NAME(SORT_BY_ALIGNMENT(._bbram_driver_api.static.*)))
                0x000000000004dc48                _bbram_driver_api_list_end = .

bt_hci_driver_api_area
                0x000000000004dc48        0x0
                0x000000000004dc48                _bt_hci_driver_api_list_start = .
 *(SORT_BY_NAME(SORT_BY_ALIGNMENT(._bt_hci_driver_api.static.*)))
                0x000000000004dc48                _bt_hci_driver_api_list_end = .

can_driver_api_area
                0x000000000004dc48        0x0
                0x000000000004dc48                _can_driver_api_list_start = .
 *(SORT_BY_NAME(SORT_BY_ALIGNMENT(._can_driver_api.static.*)))
                0x000000000004dc48                _can_driver_api_list_end = .

cellular_driver_api_area
                0x000000000004dc48        0x0
                0x000000000004dc48                _cellular_driver_api_list_start = .
 *(SORT_BY_NAME(SORT_BY_ALIGNMENT(._cellular_driver_api.static.*)))
                0x000000000004dc48                _cellular_driver_api_list_end = .

charger_driver_api_area
                0x000000000004dc48        0x0
                0x000000000004dc48                _charger_driver_api_list_start = .
 *(SORT_BY_NAME(SORT_BY_ALIGNMENT(._charger_driver_api.static.*)))
                0x000000000004dc48                _charger_driver_api_list_end = .

clock_control_driver_api_area
                0x000000000004dc48       0x1c
                0x000000000004dc48                _clock_control_driver_api_list_start = .
 *(SORT_BY_NAME(SORT_BY_ALIGNMENT(._clock_control_driver_api.static.*)))
 ._clock_control_driver_api.static.clock_control_api_
                0x000000000004dc48       0x1c zephyr/drivers/clock_control/libdrivers__clock_control.a(clock_control_nrf.c.obj)
                0x000000000004dc64                _clock_control_driver_api_list_end = .

comparator_driver_api_area
                0x000000000004dc64        0x0
                0x000000000004dc64                _comparator_driver_api_list_start = .
 *(SORT_BY_NAME(SORT_BY_ALIGNMENT(._comparator_driver_api.static.*)))
                0x000000000004dc64                _comparator_driver_api_list_end = .

coredump_driver_api_area
                0x000000000004dc64        0x0
                0x000000000004dc64                _coredump_driver_api_list_start = .
 *(SORT_BY_NAME(SORT_BY_ALIGNMENT(._coredump_driver_api.static.*)))
                0x000000000004dc64                _coredump_driver_api_list_end = .

counter_driver_api_area
                0x000000000004dc64        0x0
                0x000000000004dc64                _counter_driver_api_list_start = .
 *(SORT_BY_NAME(SORT_BY_ALIGNMENT(._counter_driver_api.static.*)))
                0x000000000004dc64                _counter_driver_api_list_end = .

crc_driver_api_area
                0x000000000004dc64        0x0
                0x000000000004dc64                _crc_driver_api_list_start = .
 *(SORT_BY_NAME(SORT_BY_ALIGNMENT(._crc_driver_api.static.*)))
                0x000000000004dc64                _crc_driver_api_list_end = .

dac_driver_api_area
                0x000000000004dc64        0x0
                0x000000000004dc64                _dac_driver_api_list_start = .
 *(SORT_BY_NAME(SORT_BY_ALIGNMENT(._dac_driver_api.static.*)))
                0x000000000004dc64                _dac_driver_api_list_end = .

dai_driver_api_area
                0x000000000004dc64        0x0
                0x000000000004dc64                _dai_driver_api_list_start = .
 *(SORT_BY_NAME(SORT_BY_ALIGNMENT(._dai_driver_api.static.*)))
                0x000000000004dc64                _dai_driver_api_list_end = .

display_driver_api_area
                0x000000000004dc64        0x0
                0x000000000004dc64                _display_driver_api_list_start = .
 *(SORT_BY_NAME(SORT_BY_ALIGNMENT(._display_driver_api.static.*)))
                0x000000000004dc64                _display_driver_api_list_end = .

dma_driver_api_area
                0x000000000004dc64        0x0
                0x000000000004dc64                _dma_driver_api_list_start = .
 *(SORT_BY_NAME(SORT_BY_ALIGNMENT(._dma_driver_api.static.*)))
                0x000000000004dc64                _dma_driver_api_list_end = .

edac_driver_api_area
                0x000000000004dc64        0x0
                0x000000000004dc64                _edac_driver_api_list_start = .
 *(SORT_BY_NAME(SORT_BY_ALIGNMENT(._edac_driver_api.static.*)))
                0x000000000004dc64                _edac_driver_api_list_end = .

eeprom_driver_api_area
                0x000000000004dc64        0x0
                0x000000000004dc64                _eeprom_driver_api_list_start = .
 *(SORT_BY_NAME(SORT_BY_ALIGNMENT(._eeprom_driver_api.static.*)))
                0x000000000004dc64                _eeprom_driver_api_list_end = .

emul_bbram_driver_api_area
                0x000000000004dc64        0x0
                0x000000000004dc64                _emul_bbram_driver_api_list_start = .
 *(SORT_BY_NAME(SORT_BY_ALIGNMENT(._emul_bbram_driver_api.static.*)))
                0x000000000004dc64                _emul_bbram_driver_api_list_end = .

fuel_gauge_emul_driver_api_area
                0x000000000004dc64        0x0
                0x000000000004dc64                _fuel_gauge_emul_driver_api_list_start = .
 *(SORT_BY_NAME(SORT_BY_ALIGNMENT(._fuel_gauge_emul_driver_api.static.*)))
                0x000000000004dc64                _fuel_gauge_emul_driver_api_list_end = .

emul_sensor_driver_api_area
                0x000000000004dc64        0x0
                0x000000000004dc64                _emul_sensor_driver_api_list_start = .
 *(SORT_BY_NAME(SORT_BY_ALIGNMENT(._emul_sensor_driver_api.static.*)))
                0x000000000004dc64                _emul_sensor_driver_api_list_end = .

entropy_driver_api_area
                0x000000000004dc64        0x0
                0x000000000004dc64                _entropy_driver_api_list_start = .
 *(SORT_BY_NAME(SORT_BY_ALIGNMENT(._entropy_driver_api.static.*)))
                0x000000000004dc64                _entropy_driver_api_list_end = .

espi_driver_api_area
                0x000000000004dc64        0x0
                0x000000000004dc64                _espi_driver_api_list_start = .
 *(SORT_BY_NAME(SORT_BY_ALIGNMENT(._espi_driver_api.static.*)))
                0x000000000004dc64                _espi_driver_api_list_end = .

espi_saf_driver_api_area
                0x000000000004dc64        0x0
                0x000000000004dc64                _espi_saf_driver_api_list_start = .
 *(SORT_BY_NAME(SORT_BY_ALIGNMENT(._espi_saf_driver_api.static.*)))
                0x000000000004dc64                _espi_saf_driver_api_list_end = .

flash_driver_api_area
                0x000000000004dc64        0x0
                0x000000000004dc64                _flash_driver_api_list_start = .
 *(SORT_BY_NAME(SORT_BY_ALIGNMENT(._flash_driver_api.static.*)))
                0x000000000004dc64                _flash_driver_api_list_end = .

fpga_driver_api_area
                0x000000000004dc64        0x0
                0x000000000004dc64                _fpga_driver_api_list_start = .
 *(SORT_BY_NAME(SORT_BY_ALIGNMENT(._fpga_driver_api.static.*)))
                0x000000000004dc64                _fpga_driver_api_list_end = .

fuel_gauge_driver_api_area
                0x000000000004dc64        0x0
                0x000000000004dc64                _fuel_gauge_driver_api_list_start = .
 *(SORT_BY_NAME(SORT_BY_ALIGNMENT(._fuel_gauge_driver_api.static.*)))
                0x000000000004dc64                _fuel_gauge_driver_api_list_end = .

gnss_driver_api_area
                0x000000000004dc64        0x0
                0x000000000004dc64                _gnss_driver_api_list_start = .
 *(SORT_BY_NAME(SORT_BY_ALIGNMENT(._gnss_driver_api.static.*)))
                0x000000000004dc64                _gnss_driver_api_list_end = .

haptics_driver_api_area
                0x000000000004dc64        0x0
                0x000000000004dc64                _haptics_driver_api_list_start = .
 *(SORT_BY_NAME(SORT_BY_ALIGNMENT(._haptics_driver_api.static.*)))
                0x000000000004dc64                _haptics_driver_api_list_end = .

hwspinlock_driver_api_area
                0x000000000004dc64        0x0
                0x000000000004dc64                _hwspinlock_driver_api_list_start = .
 *(SORT_BY_NAME(SORT_BY_ALIGNMENT(._hwspinlock_driver_api.static.*)))
                0x000000000004dc64                _hwspinlock_driver_api_list_end = .

i2c_driver_api_area
                0x000000000004dc64        0x0
                0x000000000004dc64                _i2c_driver_api_list_start = .
 *(SORT_BY_NAME(SORT_BY_ALIGNMENT(._i2c_driver_api.static.*)))
                0x000000000004dc64                _i2c_driver_api_list_end = .

i2c_target_driver_api_area
                0x000000000004dc64        0x0
                0x000000000004dc64                _i2c_target_driver_api_list_start = .
 *(SORT_BY_NAME(SORT_BY_ALIGNMENT(._i2c_target_driver_api.static.*)))
                0x000000000004dc64                _i2c_target_driver_api_list_end = .

i2s_driver_api_area
                0x000000000004dc64        0x0
                0x000000000004dc64                _i2s_driver_api_list_start = .
 *(SORT_BY_NAME(SORT_BY_ALIGNMENT(._i2s_driver_api.static.*)))
                0x000000000004dc64                _i2s_driver_api_list_end = .

i3c_driver_api_area
                0x000000000004dc64        0x0
                0x000000000004dc64                _i3c_driver_api_list_start = .
 *(SORT_BY_NAME(SORT_BY_ALIGNMENT(._i3c_driver_api.static.*)))
                0x000000000004dc64                _i3c_driver_api_list_end = .

ipm_driver_api_area
                0x000000000004dc64        0x0
                0x000000000004dc64                _ipm_driver_api_list_start = .
 *(SORT_BY_NAME(SORT_BY_ALIGNMENT(._ipm_driver_api.static.*)))
                0x000000000004dc64                _ipm_driver_api_list_end = .

led_driver_api_area
                0x000000000004dc64        0x0
                0x000000000004dc64                _led_driver_api_list_start = .
 *(SORT_BY_NAME(SORT_BY_ALIGNMENT(._led_driver_api.static.*)))
                0x000000000004dc64                _led_driver_api_list_end = .

led_strip_driver_api_area
                0x000000000004dc64        0x0
                0x000000000004dc64                _led_strip_driver_api_list_start = .
 *(SORT_BY_NAME(SORT_BY_ALIGNMENT(._led_strip_driver_api.static.*)))
                0x000000000004dc64                _led_strip_driver_api_list_end = .

lora_driver_api_area
                0x000000000004dc64        0x0
                0x000000000004dc64                _lora_driver_api_list_start = .
 *(SORT_BY_NAME(SORT_BY_ALIGNMENT(._lora_driver_api.static.*)))
                0x000000000004dc64                _lora_driver_api_list_end = .

mbox_driver_api_area
                0x000000000004dc64        0x0
                0x000000000004dc64                _mbox_driver_api_list_start = .
 *(SORT_BY_NAME(SORT_BY_ALIGNMENT(._mbox_driver_api.static.*)))
                0x000000000004dc64                _mbox_driver_api_list_end = .

mdio_driver_api_area
                0x000000000004dc64        0x0
                0x000000000004dc64                _mdio_driver_api_list_start = .
 *(SORT_BY_NAME(SORT_BY_ALIGNMENT(._mdio_driver_api.static.*)))
                0x000000000004dc64                _mdio_driver_api_list_end = .

mipi_dbi_driver_api_area
                0x000000000004dc64        0x0
                0x000000000004dc64                _mipi_dbi_driver_api_list_start = .
 *(SORT_BY_NAME(SORT_BY_ALIGNMENT(._mipi_dbi_driver_api.static.*)))
                0x000000000004dc64                _mipi_dbi_driver_api_list_end = .

mipi_dsi_driver_api_area
                0x000000000004dc64        0x0
                0x000000000004dc64                _mipi_dsi_driver_api_list_start = .
 *(SORT_BY_NAME(SORT_BY_ALIGNMENT(._mipi_dsi_driver_api.static.*)))
                0x000000000004dc64                _mipi_dsi_driver_api_list_end = .

mspi_driver_api_area
                0x000000000004dc64        0x0
                0x000000000004dc64                _mspi_driver_api_list_start = .
 *(SORT_BY_NAME(SORT_BY_ALIGNMENT(._mspi_driver_api.static.*)))
                0x000000000004dc64                _mspi_driver_api_list_end = .

peci_driver_api_area
                0x000000000004dc64        0x0
                0x000000000004dc64                _peci_driver_api_list_start = .
 *(SORT_BY_NAME(SORT_BY_ALIGNMENT(._peci_driver_api.static.*)))
                0x000000000004dc64                _peci_driver_api_list_end = .

ps2_driver_api_area
                0x000000000004dc64        0x0
                0x000000000004dc64                _ps2_driver_api_list_start = .
 *(SORT_BY_NAME(SORT_BY_ALIGNMENT(._ps2_driver_api.static.*)))
                0x000000000004dc64                _ps2_driver_api_list_end = .

ptp_clock_driver_api_area
                0x000000000004dc64        0x0
                0x000000000004dc64                _ptp_clock_driver_api_list_start = .
 *(SORT_BY_NAME(SORT_BY_ALIGNMENT(._ptp_clock_driver_api.static.*)))
                0x000000000004dc64                _ptp_clock_driver_api_list_end = .

pwm_driver_api_area
                0x000000000004dc64        0x0
                0x000000000004dc64                _pwm_driver_api_list_start = .
 *(SORT_BY_NAME(SORT_BY_ALIGNMENT(._pwm_driver_api.static.*)))
                0x000000000004dc64                _pwm_driver_api_list_end = .

regulator_parent_driver_api_area
                0x000000000004dc64        0x0
                0x000000000004dc64                _regulator_parent_driver_api_list_start = .
 *(SORT_BY_NAME(SORT_BY_ALIGNMENT(._regulator_parent_driver_api.static.*)))
                0x000000000004dc64                _regulator_parent_driver_api_list_end = .

regulator_driver_api_area
                0x000000000004dc64        0x0
                0x000000000004dc64                _regulator_driver_api_list_start = .
 *(SORT_BY_NAME(SORT_BY_ALIGNMENT(._regulator_driver_api.static.*)))
                0x000000000004dc64                _regulator_driver_api_list_end = .

reset_driver_api_area
                0x000000000004dc64        0x0
                0x000000000004dc64                _reset_driver_api_list_start = .
 *(SORT_BY_NAME(SORT_BY_ALIGNMENT(._reset_driver_api.static.*)))
                0x000000000004dc64                _reset_driver_api_list_end = .

retained_mem_driver_api_area
                0x000000000004dc64        0x0
                0x000000000004dc64                _retained_mem_driver_api_list_start = .
 *(SORT_BY_NAME(SORT_BY_ALIGNMENT(._retained_mem_driver_api.static.*)))
                0x000000000004dc64                _retained_mem_driver_api_list_end = .

rtc_driver_api_area
                0x000000000004dc64        0x0
                0x000000000004dc64                _rtc_driver_api_list_start = .
 *(SORT_BY_NAME(SORT_BY_ALIGNMENT(._rtc_driver_api.static.*)))
                0x000000000004dc64                _rtc_driver_api_list_end = .

sdhc_driver_api_area
                0x000000000004dc64        0x0
                0x000000000004dc64                _sdhc_driver_api_list_start = .
 *(SORT_BY_NAME(SORT_BY_ALIGNMENT(._sdhc_driver_api.static.*)))
                0x000000000004dc64                _sdhc_driver_api_list_end = .

sensor_driver_api_area
                0x000000000004dc64        0x0
                0x000000000004dc64                _sensor_driver_api_list_start = .
 *(SORT_BY_NAME(SORT_BY_ALIGNMENT(._sensor_driver_api.static.*)))
                0x000000000004dc64                _sensor_driver_api_list_end = .

smbus_driver_api_area
                0x000000000004dc64        0x0
                0x000000000004dc64                _smbus_driver_api_list_start = .
 *(SORT_BY_NAME(SORT_BY_ALIGNMENT(._smbus_driver_api.static.*)))
                0x000000000004dc64                _smbus_driver_api_list_end = .

spi_driver_api_area
                0x000000000004dc64        0x0
                0x000000000004dc64                _spi_driver_api_list_start = .
 *(SORT_BY_NAME(SORT_BY_ALIGNMENT(._spi_driver_api.static.*)))
                0x000000000004dc64                _spi_driver_api_list_end = .

stepper_driver_api_area
                0x000000000004dc64        0x0
                0x000000000004dc64                _stepper_driver_api_list_start = .
 *(SORT_BY_NAME(SORT_BY_ALIGNMENT(._stepper_driver_api.static.*)))
                0x000000000004dc64                _stepper_driver_api_list_end = .

syscon_driver_api_area
                0x000000000004dc64        0x0
                0x000000000004dc64                _syscon_driver_api_list_start = .
 *(SORT_BY_NAME(SORT_BY_ALIGNMENT(._syscon_driver_api.static.*)))
                0x000000000004dc64                _syscon_driver_api_list_end = .

tee_driver_api_area
                0x000000000004dc64        0x0
                0x000000000004dc64                _tee_driver_api_list_start = .
 *(SORT_BY_NAME(SORT_BY_ALIGNMENT(._tee_driver_api.static.*)))
                0x000000000004dc64                _tee_driver_api_list_end = .

video_driver_api_area
                0x000000000004dc64        0x0
                0x000000000004dc64                _video_driver_api_list_start = .
 *(SORT_BY_NAME(SORT_BY_ALIGNMENT(._video_driver_api.static.*)))
                0x000000000004dc64                _video_driver_api_list_end = .

virtio_driver_api_area
                0x000000000004dc64        0x0
                0x000000000004dc64                _virtio_driver_api_list_start = .
 *(SORT_BY_NAME(SORT_BY_ALIGNMENT(._virtio_driver_api.static.*)))
                0x000000000004dc64                _virtio_driver_api_list_end = .

w1_driver_api_area
                0x000000000004dc64        0x0
                0x000000000004dc64                _w1_driver_api_list_start = .
 *(SORT_BY_NAME(SORT_BY_ALIGNMENT(._w1_driver_api.static.*)))
                0x000000000004dc64                _w1_driver_api_list_end = .

wdt_driver_api_area
                0x000000000004dc64        0x0
                0x000000000004dc64                _wdt_driver_api_list_start = .
 *(SORT_BY_NAME(SORT_BY_ALIGNMENT(._wdt_driver_api.static.*)))
                0x000000000004dc64                _wdt_driver_api_list_end = .

can_transceiver_driver_api_area
                0x000000000004dc64        0x0
                0x000000000004dc64                _can_transceiver_driver_api_list_start = .
 *(SORT_BY_NAME(SORT_BY_ALIGNMENT(._can_transceiver_driver_api.static.*)))
                0x000000000004dc64                _can_transceiver_driver_api_list_end = .

nrf_clock_control_driver_api_area
                0x000000000004dc64        0x0
                0x000000000004dc64                _nrf_clock_control_driver_api_list_start = .
 *(SORT_BY_NAME(SORT_BY_ALIGNMENT(._nrf_clock_control_driver_api.static.*)))
                0x000000000004dc64                _nrf_clock_control_driver_api_list_end = .

i3c_target_driver_api_area
                0x000000000004dc64        0x0
                0x000000000004dc64                _i3c_target_driver_api_list_start = .
 *(SORT_BY_NAME(SORT_BY_ALIGNMENT(._i3c_target_driver_api.static.*)))
                0x000000000004dc64                _i3c_target_driver_api_list_end = .

its_driver_api_area
                0x000000000004dc64        0x0
                0x000000000004dc64                _its_driver_api_list_start = .
 *(SORT_BY_NAME(SORT_BY_ALIGNMENT(._its_driver_api.static.*)))
                0x000000000004dc64                _its_driver_api_list_end = .

vtd_driver_api_area
                0x000000000004dc64        0x0
                0x000000000004dc64                _vtd_driver_api_list_start = .
 *(SORT_BY_NAME(SORT_BY_ALIGNMENT(._vtd_driver_api.static.*)))
                0x000000000004dc64                _vtd_driver_api_list_end = .

renesas_elc_driver_api_area
                0x000000000004dc64        0x0
                0x000000000004dc64                _renesas_elc_driver_api_list_start = .
 *(SORT_BY_NAME(SORT_BY_ALIGNMENT(._renesas_elc_driver_api.static.*)))
                0x000000000004dc64                _renesas_elc_driver_api_list_end = .

tgpio_driver_api_area
                0x000000000004dc64        0x0
                0x000000000004dc64                _tgpio_driver_api_list_start = .
 *(SORT_BY_NAME(SORT_BY_ALIGNMENT(._tgpio_driver_api.static.*)))
                0x000000000004dc64                _tgpio_driver_api_list_end = .

pcie_ctrl_driver_api_area
                0x000000000004dc64        0x0
                0x000000000004dc64                _pcie_ctrl_driver_api_list_start = .
 *(SORT_BY_NAME(SORT_BY_ALIGNMENT(._pcie_ctrl_driver_api.static.*)))
                0x000000000004dc64                _pcie_ctrl_driver_api_list_end = .

pcie_ep_driver_api_area
                0x000000000004dc64        0x0
                0x000000000004dc64                _pcie_ep_driver_api_list_start = .
 *(SORT_BY_NAME(SORT_BY_ALIGNMENT(._pcie_ep_driver_api.static.*)))
                0x000000000004dc64                _pcie_ep_driver_api_list_end = .

psi5_driver_api_area
                0x000000000004dc64        0x0
                0x000000000004dc64                _psi5_driver_api_list_start = .
 *(SORT_BY_NAME(SORT_BY_ALIGNMENT(._psi5_driver_api.static.*)))
                0x000000000004dc64                _psi5_driver_api_list_end = .

sent_driver_api_area
                0x000000000004dc64        0x0
                0x000000000004dc64                _sent_driver_api_list_start = .
 *(SORT_BY_NAME(SORT_BY_ALIGNMENT(._sent_driver_api.static.*)))
                0x000000000004dc64                _sent_driver_api_list_end = .

svc_driver_api_area
                0x000000000004dc64        0x0
                0x000000000004dc64                _svc_driver_api_list_start = .
 *(SORT_BY_NAME(SORT_BY_ALIGNMENT(._svc_driver_api.static.*)))
                0x000000000004dc64                _svc_driver_api_list_end = .

uart_driver_api_area
                0x000000000004dc64        0xc
                0x000000000004dc64                _uart_driver_api_list_start = .
 *(SORT_BY_NAME(SORT_BY_ALIGNMENT(._uart_driver_api.static.*)))
 ._uart_driver_api.static.uart_nrfx_uarte_driver_api_
                0x000000000004dc64        0xc zephyr/drivers/serial/libdrivers__serial.a(uart_nrfx_uarte.c.obj)
                0x000000000004dc70                _uart_driver_api_list_end = .

bc12_emul_driver_api_area
                0x000000000004dc70        0x0
                0x000000000004dc70                _bc12_emul_driver_api_list_start = .
 *(SORT_BY_NAME(SORT_BY_ALIGNMENT(._bc12_emul_driver_api.static.*)))
                0x000000000004dc70                _bc12_emul_driver_api_list_end = .

bc12_driver_api_area
                0x000000000004dc70        0x0
                0x000000000004dc70                _bc12_driver_api_list_start = .
 *(SORT_BY_NAME(SORT_BY_ALIGNMENT(._bc12_driver_api.static.*)))
                0x000000000004dc70                _bc12_driver_api_list_end = .

usbc_ppc_driver_api_area
                0x000000000004dc70        0x0
                0x000000000004dc70                _usbc_ppc_driver_api_list_start = .
 *(SORT_BY_NAME(SORT_BY_ALIGNMENT(._usbc_ppc_driver_api.static.*)))
                0x000000000004dc70                _usbc_ppc_driver_api_list_end = .

tcpc_driver_api_area
                0x000000000004dc70        0x0
                0x000000000004dc70                _tcpc_driver_api_list_start = .
 *(SORT_BY_NAME(SORT_BY_ALIGNMENT(._tcpc_driver_api.static.*)))
                0x000000000004dc70                _tcpc_driver_api_list_end = .

usbc_vbus_driver_api_area
                0x000000000004dc70        0x0
                0x000000000004dc70                _usbc_vbus_driver_api_list_start = .
 *(SORT_BY_NAME(SORT_BY_ALIGNMENT(._usbc_vbus_driver_api.static.*)))
                0x000000000004dc70                _usbc_vbus_driver_api_list_end = .

ivshmem_driver_api_area
                0x000000000004dc70        0x0
                0x000000000004dc70                _ivshmem_driver_api_list_start = .
 *(SORT_BY_NAME(SORT_BY_ALIGNMENT(._ivshmem_driver_api.static.*)))
                0x000000000004dc70                _ivshmem_driver_api_list_end = .

ethphy_driver_api_area
                0x000000000004dc70        0x0
                0x000000000004dc70                _ethphy_driver_api_list_start = .
 *(SORT_BY_NAME(SORT_BY_ALIGNMENT(._ethphy_driver_api.static.*)))
                0x000000000004dc70                _ethphy_driver_api_list_end = .

ztest           0x000000000004dc70        0x0
                0x000000000004dc70                _ztest_expected_result_entry_list_start = .
 *(SORT_BY_NAME(SORT_BY_ALIGNMENT(._ztest_expected_result_entry.static.*)))
                0x000000000004dc70                _ztest_expected_result_entry_list_end = .
                0x000000000004dc70                _ztest_suite_node_list_start = .
 *(SORT_BY_NAME(SORT_BY_ALIGNMENT(._ztest_suite_node.static.*)))
                0x000000000004dc70                _ztest_suite_node_list_end = .
                0x000000000004dc70                _ztest_unit_test_list_start = .
 *(SORT_BY_NAME(SORT_BY_ALIGNMENT(._ztest_unit_test.static.*)))
                0x000000000004dc70                _ztest_unit_test_list_end = .
                0x000000000004dc70                _ztest_test_rule_list_start = .
 *(SORT_BY_NAME(SORT_BY_ALIGNMENT(._ztest_test_rule.static.*)))
                0x000000000004dc70                _ztest_test_rule_list_end = .

init_array      0x000000000004dc70        0x0
                0x000000000004dc70                __zephyr_init_array_start = .
 *(SORT_BY_INIT_PRIORITY(.init_array.*) SORT_BY_INIT_PRIORITY(.ctors.*))
 *(SORT_BY_ALIGNMENT(.init_array) SORT_BY_ALIGNMENT(.ctors))
                0x000000000004dc70                __zephyr_init_array_end = .
                0x0000000000000001                ASSERT ((__zephyr_init_array_start == __zephyr_init_array_end), GNU-style constructors required but STATIC_INIT_GNU not enabled)

bt_l2cap_fixed_chan_area
                0x000000000004dc70        0x0
                0x000000000004dc70                _bt_l2cap_fixed_chan_list_start = .
 *(SORT_BY_NAME(SORT_BY_ALIGNMENT(._bt_l2cap_fixed_chan.static.*)))
                0x000000000004dc70                _bt_l2cap_fixed_chan_list_end = .

bt_gatt_service_static_area
                0x000000000004dc70        0x0
                0x000000000004dc70                _bt_gatt_service_static_list_start = .
 *(SORT_BY_NAME(SORT_BY_ALIGNMENT(._bt_gatt_service_static.static.*)))
                0x000000000004dc70                _bt_gatt_service_static_list_end = .

log_strings_area
                0x000000000004dc70        0x0
                0x000000000004dc70                _log_strings_list_start = .
 *(SORT_BY_NAME(SORT_BY_ALIGNMENT(._log_strings.static.*)))
                0x000000000004dc70                _log_strings_list_end = .

log_stmesp_ptr_area
                0x000000000004dc70        0x0
                0x000000000004dc70                _log_stmesp_ptr_list_start = .
 *(SORT_BY_NAME(SORT_BY_ALIGNMENT(._log_stmesp_ptr.static.*)))
                0x000000000004dc70                _log_stmesp_ptr_list_end = .

log_stmesp_str_area
                0x000000000004dc70        0x0
                0x000000000004dc70                _log_stmesp_str_list_start = .
 *(SORT_BY_NAME(SORT_BY_ALIGNMENT(._log_stmesp_str.static.*)))
                0x000000000004dc70                _log_stmesp_str_list_end = .

log_const_area  0x000000000004dc70        0x0
                0x000000000004dc70                _log_const_list_start = .
 *(SORT_BY_NAME(SORT_BY_ALIGNMENT(._log_const.static.*)))
                0x000000000004dc70                _log_const_list_end = .

log_backend_area
                0x000000000004dc70        0x0
                0x000000000004dc70                _log_backend_list_start = .
 *(SORT_BY_NAME(SORT_BY_ALIGNMENT(._log_backend.static.*)))
                0x000000000004dc70                _log_backend_list_end = .

log_link_area   0x000000000004dc70        0x0
                0x000000000004dc70                _log_link_list_start = .
 *(SORT_BY_NAME(SORT_BY_ALIGNMENT(._log_link.static.*)))
                0x000000000004dc70                _log_link_list_end = .

tracing_backend_area
                0x000000000004dc70        0x0
                0x000000000004dc70                _tracing_backend_list_start = .
 *(SORT_BY_NAME(SORT_BY_ALIGNMENT(._tracing_backend.static.*)))
                0x000000000004dc70                _tracing_backend_list_end = .

zephyr_dbg_info
                0x000000000004dc70       0x44
 *(SORT_BY_ALIGNMENT(.dbg_thread_info))
 .dbg_thread_info
                0x000000000004dc70       0x44 zephyr/libzephyr.a(thread_info.c.obj)
                0x000000000004dc70                _kernel_openocd_size_t_size
                0x000000000004dc70                _kernel_thread_info_size_t_size
                0x000000000004dc74                _kernel_openocd_num_offsets
                0x000000000004dc74                _kernel_thread_info_num_offsets
                0x000000000004dc78                _kernel_openocd_offsets
                0x000000000004dc78                _kernel_thread_info_offsets

intc_table_area
                0x000000000004dcb4        0x0
                0x000000000004dcb4                _intc_table_list_start = .
 *(SORT_BY_NAME(SORT_BY_ALIGNMENT(._intc_table.static.*)))
                0x000000000004dcb4                _intc_table_list_end = .

symbol_to_keep  0x000000000004dcb4        0x0
                0x000000000004dcb4                __symbol_to_keep_start = .
 *(SORT_BY_NAME(SORT_BY_ALIGNMENT(.symbol_to_keep*)))
                0x000000000004dcb4                __symbol_to_keep_end = .

shell_area      0x000000000004dcb4        0x0
                0x000000000004dcb4                _shell_list_start = .
 *(SORT_BY_NAME(SORT_BY_ALIGNMENT(._shell.static.*)))
                0x000000000004dcb4                _shell_list_end = .

shell_root_cmds_area
                0x000000000004dcb4        0x0
                0x000000000004dcb4                _shell_root_cmds_list_start = .
 *(SORT_BY_NAME(SORT_BY_ALIGNMENT(._shell_root_cmds.static.*)))
                0x000000000004dcb4                _shell_root_cmds_list_end = .

shell_subcmds_area
                0x000000000004dcb4        0x0
                0x000000000004dcb4                _shell_subcmds_list_start = .
 *(SORT_BY_NAME(SORT_BY_ALIGNMENT(._shell_subcmds.static.*)))
                0x000000000004dcb4                _shell_subcmds_list_end = .

shell_dynamic_subcmds_area
                0x000000000004dcb4        0x0
                0x000000000004dcb4                _shell_dynamic_subcmds_list_start = .
 *(SORT_BY_NAME(SORT_BY_ALIGNMENT(._shell_dynamic_subcmds.static.*)))
                0x000000000004dcb4                _shell_dynamic_subcmds_list_end = .

cfb_font_area   0x000000000004dcb4        0x0
                0x000000000004dcb4                _cfb_font_list_start = .
 *(SORT_BY_NAME(SORT_BY_ALIGNMENT(._cfb_font.static.*)))
                0x000000000004dcb4                _cfb_font_list_end = .

tdata           0x000000000004dcb4        0x0
 *(SORT_BY_ALIGNMENT(.tdata) SORT_BY_ALIGNMENT(.tdata.*) SORT_BY_ALIGNMENT(.gnu.linkonce.td.*))

tbss            0x000000000004dcb4        0x4
 *(SORT_BY_ALIGNMENT(.tbss) SORT_BY_ALIGNMENT(.tbss.*) SORT_BY_ALIGNMENT(.gnu.linkonce.tb.*) SORT_BY_ALIGNMENT(.tcommon))
 .tbss.z_tls_current
                0x000000000004dcb4        0x4 zephyr/libzephyr.a(thread_entry.c.obj)
                0x000000000004dcb4                z_tls_current
                0x000000000004dcb4                PROVIDE (__tdata_start = LOADADDR (tdata))
                0x0000000000000001                PROVIDE (__tdata_align = ALIGNOF (tdata))